 ConEmuBg

 Timestamp is 5497d857 (Mon Dec 22 11:37:43 2014)

 Preferred load address is 10000000

 Start         Length     Name                   Class
 0001:00000000 00005ef6H .text                   CODE
 0002:00000000 00000154H .idata$5                DATA
 0002:00000158 00001140H .rdata                  DATA
 0002:00001298 00000078H .idata$2                DATA
 0002:00001310 00000014H .idata$3                DATA
 0002:00001324 00000154H .idata$4                DATA
 0002:00001478 000005bcH .idata$6                DATA
 0002:00001a40 0000018bH .edata                  DATA
 0003:00000000 000000a0H .data                   DATA
 0003:000000a0 000009a0H .bss                    DATA
 0004:00000000 00000058H .rsrc$01                DATA
 0004:00000060 000002e8H .rsrc$02                DATA

  Address         Publics by Value              Rva+Base       Lib:Object

 0000:00000000       ___safe_se_handler_count   00000000     <absolute>
 0000:00000000       ___safe_se_handler_table   00000000     <absolute>
 0001:00000000       __chkstk                   10001000 f   chkstk.obj
 0001:00000000       __alloca_probe             10001000     chkstk.obj
 0001:000000aa       ??1MStream@@UAE@XZ         100010aa f i ConEmuBg.obj
 0001:000000e0       ?SetData@MStream@@QAEXPBXK@Z 100010e0 f i ConEmuBg.obj
 0001:0000011d       ?QueryInterface@MStream@@UAGJABU_GUID@@PAPAX@Z 1000111d f i ConEmuBg.obj
 0001:00000172       ?AddRef@MStream@@UAGKXZ    10001172 f i ConEmuBg.obj
 0001:00000183       ?Release@MStream@@UAGKXZ   10001183 f i ConEmuBg.obj
 0001:000001a7       ?Read@MStream@@UAGJPAXKPAK@Z 100011a7 f i ConEmuBg.obj
 0001:00000209       ?Write@MStream@@UAGJPBXKPAK@Z 10001209 f i ConEmuBg.obj
 0001:0000029c       ?Seek@MStream@@UAGJT_LARGE_INTEGER@@KPAT_ULARGE_INTEGER@@@Z 1000129c f i ConEmuBg.obj
 0001:0000031f       ?SetSize@MStream@@UAGJT_ULARGE_INTEGER@@@Z 1000131f f i ConEmuBg.obj
 0001:0000039e       ?Commit@MStream@@UAGJK@Z   1000139e f i ConEmuBg.obj
 0001:000003ad       ?Revert@MStream@@UAGJXZ    100013ad f i ConEmuBg.obj
 0001:000003b5       ?UnlockRegion@MStream@@UAGJT_ULARGE_INTEGER@@0K@Z 100013b5 f i ConEmuBg.obj
 0001:000003b5       ?CopyTo@MStream@@UAGJPAUIStream@@T_ULARGE_INTEGER@@PAT3@2@Z 100013b5 f i ConEmuBg.obj
 0001:000003b5       ?LockRegion@MStream@@UAGJT_ULARGE_INTEGER@@0K@Z 100013b5 f i ConEmuBg.obj
 0001:000003bd       ?Stat@MStream@@UAGJPAUtagSTATSTG@@K@Z 100013bd f i ConEmuBg.obj
 0001:00000421       ?Clone@MStream@@UAGJPAPAUIStream@@@Z 10001421 f i ConEmuBg.obj
 0001:00000429       ??_EMStream@@UAEPAXI@Z     10001429 f i ConEmuBg.obj
 0001:00000429       ??_GMStream@@UAEPAXI@Z     10001429 f i ConEmuBg.obj
 0001:000005e2       _GetMinFarVersionW@0       100015e2 f   ConEmuBg.obj
 0001:000005e8       ?GetPluginInfoWcmn@@YGXPAX@Z 100015e8 f   ConEmuBg.obj
 0001:00000742       ?LoadFarVersion@@YIHXZ     10001742 f   ConEmuBg.obj
 0001:0000078f       ?ReportFail@@YIXPB_W@Z     1000178f f   ConEmuBg.obj
 0001:0000080e       ?WasXmlLoaded@@YI_NXZ      1000180e f   ConEmuBg.obj
 0001:0000081a       ?Close@CachedImage@@QAEXXZ 1000181a f i ConEmuBg.obj
 0001:0000088c       ?Init@GDIPlusDecoder@@QAE_NXZ 1000188c f i ConEmuBg.obj
 0001:00000ada       ?FreeThreadProc@GDIPlusDecoder@@SGKPAX@Z 10001ada f i ConEmuBg.obj
 0001:00000af5       ?Close@GDIPlusDecoder@@QAEXXZ 10001af5 f i ConEmuBg.obj
 0001:00000b93       ?ParseColors@@YIXPB_WHAAY0CA@KAAH@Z 10001b93 f   ConEmuBg.obj
 0001:00000c44       ?RGB2HSV@@YIXABURGBColor@@AAUHSVColor@@@Z 10001c44 f   ConEmuBg.obj
 0001:00000d07       ?ClrPart@@YIEH@Z           10001d07 f i ConEmuBg.obj
 0001:00000d28       ?HSV2RGB@@YIXABUHSVColor@@AAURGBColor@@@Z 10001d28 f   ConEmuBg.obj
 0001:00000e74       ?GetStatusLineCount@@YIHPAUPaintBackgroundArg@@H@Z 10001e74 f   ConEmuBg.obj
 0001:00000ffe       ?FormatSize@@YIXT_ULARGE_INTEGER@@PA_W@Z 10001ffe f   ConEmuBg.obj
 0001:000010cc       ?SettingsLoad@@YIXXZ       100020cc f   ConEmuBg.obj
 0001:0000112e       ?SettingsLoadReg@@YIXPB_W@Z 1000212e f   ConEmuBg.obj
 0001:00001254       ?SettingsSave@@YIXXZ       10002254 f   ConEmuBg.obj
 0001:0000128c       ?SettingsSaveReg@@YIXPB_W@Z 1000228c f   ConEmuBg.obj
 0001:00001325       ?GetMsgW@@YIPB_WH@Z        10002325 f   ConEmuBg.obj
 0001:0000135e       ?OpenW@@YGPAXPBX@Z         1000235e f   ConEmuBg.obj
 0001:00001383       _ConfigureW@4              10002383 f   ConEmuBg.obj
 0001:000013c5       ?ConfigureW3@@YGHPAX@Z     100023c5 f   ConEmuBg.obj
 0001:00001405       ?OpenPluginWcmn@@YIPAXHH@Z 10002405 f   ConEmuBg.obj
 0001:00001431       ?FMatch@@YI_NPB_WPA_W@Z    10002431 f   ConEmuBg.obj
 0001:00001540       ?StringCchCopyW@@YGJPA_WIPB_W@Z 10002540 f i ConEmuBg.obj
 0001:00001572       ?StringCchCatW@@YGJPA_WIPB_W@Z 10002572 f i ConEmuBg.obj
 0001:000015c5       _DllMain@12                100025c5 f   ConEmuBg.obj
 0001:00001616       __DllMainCRTStartup@12     10002616 f   ConEmuBg.obj
 0001:0000162d       ?CheckXmlFile@@YI_N_N@Z    1000262d f   ConEmuBg.obj
 0001:000019fb       ?GdipInit@@YI_NXZ          100029fb f   ConEmuBg.obj
 0001:00001a9b       ?CompareNames@@YI_NPB_WPA_W@Z 10002a9b f   ConEmuBg.obj
 0001:00001b87       ??$SafeDelete@UMSectionSimple@@@@YIXAAPAUMSectionSimple@@@Z 10002b87 f i ConEmuBg.obj
 0001:00001ba5       ?Init@CachedImage@@QAE_NPB_WPAUHDC__@@IIQAU2@@Z 10002ba5 f i ConEmuBg.obj
 0001:00001c8c       ?GetImage@GDIPlusDecoder@@QAEPAUCachedImage@@PB_W@Z 10002c8c f i ConEmuBg.obj
 0001:00002049       ?GdipDone@@YIXXZ           10003049 f   ConEmuBg.obj
 0001:00002138       ?ExitPlugin@@YIXXZ         10003138 f   ConEmuBg.obj
 0001:0000217e       _ExitFARW@0                1000317e f   ConEmuBg.obj
 0001:000021a5       ?ExitFARW3@@YGXPAX@Z       100031a5 f   ConEmuBg.obj
 0001:000021d3       ??0MStream@@QAE@XZ         100031d3 f i ConEmuBg.obj
 0001:000021f3       ?FillPanelParams@@YIHPAUPaintBackgroundArg@@PAUBkPanelInfo@@PAUDrawInfo@@@Z 100031f3 f   ConEmuBg.obj
 0001:00002c64       ?PaintPanel@@YIHPAUPaintBackgroundArg@@HAAKAAH@Z 10003c64 f   ConEmuBg.obj
 0001:0000394f       ?PaintConEmuBackground@@YGHPAUPaintBackgroundArg@@@Z 1000494f f   ConEmuBg.obj
 0001:00003a52       ?StartPlugin@@YIXH@Z       10004a52 f   ConEmuBg.obj
 0001:00003b5e       _SetStartupInfoW@4         10004b5e f   ConEmuBg.obj
 0001:00003bb4       ?OnConEmuLoaded@@YGXPAUConEmuLoadedArg@@@Z 10004bb4 f   ConEmuBg.obj
 0001:00003be0       ?GetPluginInfoW995@@YIXPAX@Z 10004be0 f   ConEmuBg995.obj
 0001:00003c28       ?SetStartupInfoW995@@YIXPAX@Z 10004c28 f   ConEmuBg995.obj
 0001:00003d6d       _OpenPluginW@8             10004d6d f   ConEmuBg995.obj
 0001:00003d8b       ?ExitFARW995@@YIXXZ        10004d8b f   ConEmuBg995.obj
 0001:00003dd1       ?GetMsgW995@@YIPB_WH@Z     10004dd1 f   ConEmuBg995.obj
 0001:00004169       ?ConfigureW995@@YIHH@Z     10005169 f   ConEmuBg995.obj
 0001:0000417a       ?SettingsLoadW995@@YIXXZ   1000517a f   ConEmuBg995.obj
 0001:00004185       ?SettingsSaveW995@@YIXXZ   10005185 f   ConEmuBg995.obj
 0001:00004190       ?FMatchW995@@YI_NPB_WPA_W@Z 10005190 f   ConEmuBg995.obj
 0001:000041a8       ?GetPluginInfoW1900@@YIXPAX@Z 100051a8 f   ConEmuBg1900.obj
 0001:000041f8       ?SetStartupInfoW1900@@YIXPAX@Z 100051f8 f   ConEmuBg1900.obj
 0001:000042e6       ?OpenW1900@@YGPAXPBX@Z     100052e6 f   ConEmuBg1900.obj
 0001:000042e6       ?OpenW2800@@YGPAXPBX@Z     100052e6 f   ConEmuBg2800.obj
 0001:00004305       ?ExitFARW1900@@YIXXZ       10005305 f   ConEmuBg1900.obj
 0001:00004334       ?GetMsgW1900@@YIPB_WH@Z    10005334 f   ConEmuBg1900.obj
 0001:00004724       ?ConfigureW1900@@YIHH@Z    10005724 f   ConEmuBg1900.obj
 0001:00004735       ?SettingsLoadW1900@@YIXXZ  10005735 f   ConEmuBg1900.obj
 0001:00004872       ?SettingsSaveW1900@@YIXXZ  10005872 f   ConEmuBg1900.obj
 0001:00004956       ?FMatchW1900@@YI_NPB_WPA_W@Z 10005956 f   ConEmuBg1900.obj
 0001:0000496f       _GetGlobalInfoW@4          1000596f f   ConEmuBg2800.obj
 0001:00004a02       ?GetPluginInfoW2800@@YIXPAX@Z 10005a02 f   ConEmuBg2800.obj
 0001:00004a52       ?SetStartupInfoW2800@@YIXPAX@Z 10005a52 f   ConEmuBg2800.obj
 0001:00004b40       ?ExitFARW2800@@YIXXZ       10005b40 f   ConEmuBg2800.obj
 0001:00004b6f       ?GetMsgW2800@@YIPB_WH@Z    10005b6f f   ConEmuBg2800.obj
 0001:00004f71       ?ConfigureW2800@@YIHH@Z    10005f71 f   ConEmuBg2800.obj
 0001:00004f82       ?SettingsLoadW2800@@YIXXZ  10005f82 f   ConEmuBg2800.obj
 0001:000050ab       ?SettingsSaveW2800@@YIXXZ  100060ab f   ConEmuBg2800.obj
 0001:00005185       ?FMatchW2800@@YI_NPB_WPA_W@Z 10006185 f   ConEmuBg2800.obj
 0001:0000519e       _GetMinFarVersion@0        1000619e f   ConEmuBgA.obj
 0001:000051cd       _SetStartupInfo@4          100061cd f   ConEmuBgA.obj
 0001:0000533f       _GetPluginInfo@4           1000633f f   ConEmuBgA.obj
 0001:0000539f       _ExitFAR@0                 1000639f f   ConEmuBgA.obj
 0001:00005839       _Configure@4               10006839 f   ConEmuBgA.obj
 0001:0000584e       _OpenPlugin@8              1000684e f   ConEmuBgA.obj
 0001:00005864       ?SettingsLoadA@@YIXXZ      10006864 f   ConEmuBgA.obj
 0001:0000586f       ?SettingsSaveA@@YIXXZ      1000686f f   ConEmuBgA.obj
 0001:0000587a       ?FMatchA@@YI_NPBDPAD@Z     1000687a f   ConEmuBgA.obj
 0001:00005890       ?HeapInitialize@@YI_NXZ    10006890 f   Memory.obj
 0001:000058b6       ?HeapDeinitialize@@YIXXZ   100068b6 f   Memory.obj
 0001:000058ce       ?xf_malloc@@YAPAXI@Z       100068ce f   Memory.obj
 0001:000058e1       ?xf_calloc@@YAPAXII@Z      100068e1 f   Memory.obj
 0001:000058fa       ?xf_free@@YAXPAX@Z         100068fa f   Memory.obj
 0001:00005918       ??2@YAPAXI@Z               10006918 f   Memory.obj
 0001:0000591d       ??3@YAXPAX@Z               1000691d f   Memory.obj
 0001:00005922       ?lstrdup@@YIPA_WPB_WI@Z    10006922 f   Memory.obj
 0001:00005965       ?lstrmerge@@YIPA_WPB_W0000@Z 10006965 f   Memory.obj
 0001:000059fb       ?Init@MSectionSimple@@QAEXXZ 100069fb f   MSectionSimple.obj
 0001:00005a11       ?Close@MSectionSimple@@QAEXXZ 10006a11 f   MSectionSimple.obj
 0001:00005a27       ?TryEnter@MSectionSimple@@QAE_NXZ 10006a27 f   MSectionSimple.obj
 0001:00005a46       ??0MSectionLockSimple@@QAE@XZ 10006a46 f   MSectionSimple.obj
 0001:00005a50       ?Unlock@MSectionLockSimple@@QAEXXZ 10006a50 f   MSectionSimple.obj
 0001:00005a6c       ??0MSectionSimple@@QAE@_N@Z 10006a6c f   MSectionSimple.obj
 0001:00005a95       ??1MSectionSimple@@QAE@XZ  10006a95 f   MSectionSimple.obj
 0001:00005a9a       ??1MSectionLockSimple@@QAE@XZ 10006a9a f   MSectionSimple.obj
 0001:00005aa6       ?Lock@MSectionLockSimple@@QAEHPAUMSectionSimple@@K@Z 10006aa6 f   MSectionSimple.obj
 0001:00005b20       _wcschr                    10006b20 f   libCRT:strchr.obj
 0001:00005b50       _wcsrchr                   10006b50 f   libCRT:strrchr.obj
 0001:00005b80       _wcsstr                    10006b80 f   libCRT:strstr.obj
 0001:00005be0       _memmove                   10006be0 f   libCRT:memmove.obj
 0001:00005de0       _wcstoul                   10006de0 f   libCRT:strtol.obj
 0001:00005e00       __aulldiv                  10006e00 f   libCRT:vc_ulldiv.obj
 0001:00005e70       _memset                    10006e70 f   libCRT:memset.obj
 0001:00005eb0       __allmul                   10006eb0 f   libCRT:vc_llmul.obj
 0001:00005ee4       _VerQueryValueW@16         10006ee4 f   version:VERSION.dll
 0001:00005eea       _GetFileVersionInfoW@16    10006eea f   version:VERSION.dll
 0001:00005ef0       _GetFileVersionInfoSizeW@8 10006ef0 f   version:VERSION.dll
 0002:00000000       __imp__RegSetValueExW@24   10007000     advapi32:ADVAPI32.dll
 0002:00000004       __imp__RegOpenKeyExW@20    10007004     advapi32:ADVAPI32.dll
 0002:00000008       __imp__RegQueryValueExW@24 10007008     advapi32:ADVAPI32.dll
 0002:0000000c       __imp__RegCloseKey@4       1000700c     advapi32:ADVAPI32.dll
 0002:00000010       __imp__RegCreateKeyExW@36  10007010     advapi32:ADVAPI32.dll
 0002:00000014       \177ADVAPI32_NULL_THUNK_DATA 10007014     advapi32:ADVAPI32.dll
 0002:00000018       __imp__DeleteDC@4          10007018     gdi32:GDI32.dll
 0002:0000001c       __imp__DeleteObject@4      1000701c     gdi32:GDI32.dll
 0002:00000020       __imp__SelectObject@8      10007020     gdi32:GDI32.dll
 0002:00000024       __imp__CreateSolidBrush@4  10007024     gdi32:GDI32.dll
 0002:00000028       __imp__BitBlt@36           10007028     gdi32:GDI32.dll
 0002:0000002c       __imp__CreateCompatibleBitmap@12 1000702c     gdi32:GDI32.dll
 0002:00000030       __imp__CreateCompatibleDC@4 10007030     gdi32:GDI32.dll
 0002:00000034       __imp__SetTextColor@8      10007034     gdi32:GDI32.dll
 0002:00000038       __imp__CreateFontIndirectW@4 10007038     gdi32:GDI32.dll
 0002:0000003c       __imp__StretchBlt@44       1000703c     gdi32:GDI32.dll
 0002:00000040       __imp__SetBkMode@8         10007040     gdi32:GDI32.dll
 0002:00000044       \177GDI32_NULL_THUNK_DATA  10007044     gdi32:GDI32.dll
 0002:00000048       __imp__WaitForSingleObject@8 10007048     kernel32:KERNEL32.dll
 0002:0000004c       __imp__CreateThread@24     1000704c     kernel32:KERNEL32.dll
 0002:00000050       __imp__ReadConsoleOutputW@20 10007050     kernel32:KERNEL32.dll
 0002:00000054       __imp__GetConsoleScreenBufferInfo@8 10007054     kernel32:KERNEL32.dll
 0002:00000058       __imp__GetStdHandle@4      10007058     kernel32:KERNEL32.dll
 0002:0000005c       __imp__lstrcpynW@12        1000705c     kernel32:KERNEL32.dll
 0002:00000060       __imp__WideCharToMultiByte@32 10007060     kernel32:KERNEL32.dll
 0002:00000064       __imp__FindNextChangeNotification@4 10007064     kernel32:KERNEL32.dll
 0002:00000068       __imp__ReadFile@20         10007068     kernel32:KERNEL32.dll
 0002:0000006c       __imp__GetFileInformationByHandle@8 1000706c     kernel32:KERNEL32.dll
 0002:00000070       __imp__CreateFileW@28      10007070     kernel32:KERNEL32.dll
 0002:00000074       __imp__FindFirstChangeNotificationW@12 10007074     kernel32:KERNEL32.dll
 0002:00000078       __imp__FindCloseChangeNotification@4 10007078     kernel32:KERNEL32.dll
 0002:0000007c       __imp__ExpandEnvironmentStringsW@12 1000707c     kernel32:KERNEL32.dll
 0002:00000080       __imp__lstrcmpW@8          10007080     kernel32:KERNEL32.dll
 0002:00000084       __imp__lstrcmpiW@8         10007084     kernel32:KERNEL32.dll
 0002:00000088       __imp__GetTempPathW@8      10007088     kernel32:KERNEL32.dll
 0002:0000008c       __imp__TerminateThread@8   1000708c     kernel32:KERNEL32.dll
 0002:00000090       __imp__GetDriveTypeW@4     10007090     kernel32:KERNEL32.dll
 0002:00000094       __imp__GetDiskFreeSpaceExW@16 10007094     kernel32:KERNEL32.dll
 0002:00000098       __imp__MultiByteToWideChar@24 10007098     kernel32:KERNEL32.dll
 0002:0000009c       __imp__lstrlenA@4          1000709c     kernel32:KERNEL32.dll
 0002:000000a0       __imp__lstrcpynA@12        100070a0     kernel32:KERNEL32.dll
 0002:000000a4       __imp__lstrcpyA@8          100070a4     kernel32:KERNEL32.dll
 0002:000000a8       __imp__HeapCreate@12       100070a8     kernel32:KERNEL32.dll
 0002:000000ac       __imp__HeapDestroy@4       100070ac     kernel32:KERNEL32.dll
 0002:000000b0       __imp__InitializeCriticalSection@4 100070b0     kernel32:KERNEL32.dll
 0002:000000b4       __imp__DeleteCriticalSection@4 100070b4     kernel32:KERNEL32.dll
 0002:000000b8       __imp__LeaveCriticalSection@4 100070b8     kernel32:KERNEL32.dll
 0002:000000bc       __imp__TryEnterCriticalSection@4 100070bc     kernel32:KERNEL32.dll
 0002:000000c0       __imp__Sleep@4             100070c0     kernel32:KERNEL32.dll
 0002:000000c4       __imp__GetTickCount@0      100070c4     kernel32:KERNEL32.dll
 0002:000000c8       __imp__CloseHandle@4       100070c8     kernel32:KERNEL32.dll
 0002:000000cc       __imp__LoadLibraryW@4      100070cc     kernel32:KERNEL32.dll
 0002:000000d0       __imp__GetProcAddress@8    100070d0     kernel32:KERNEL32.dll
 0002:000000d4       __imp__FreeLibrary@4       100070d4     kernel32:KERNEL32.dll
 0002:000000d8       __imp__GetCurrentProcessId@0 100070d8     kernel32:KERNEL32.dll
 0002:000000dc       __imp__VirtualProtect@16   100070dc     kernel32:KERNEL32.dll
 0002:000000e0       __imp__GetModuleFileNameW@12 100070e0     kernel32:KERNEL32.dll
 0002:000000e4       __imp__lstrcpyW@8          100070e4     kernel32:KERNEL32.dll
 0002:000000e8       __imp__GetLastError@0      100070e8     kernel32:KERNEL32.dll
 0002:000000ec       __imp__lstrcatW@8          100070ec     kernel32:KERNEL32.dll
 0002:000000f0       __imp__lstrlenW@4          100070f0     kernel32:KERNEL32.dll
 0002:000000f4       __imp__GetLocalTime@4      100070f4     kernel32:KERNEL32.dll
 0002:000000f8       __imp__SystemTimeToFileTime@8 100070f8     kernel32:KERNEL32.dll
 0002:000000fc       __imp__HeapReAlloc@16      100070fc     kernel32:KERNEL32.dll
 0002:00000100       __imp__HeapAlloc@12        10007100     kernel32:KERNEL32.dll
 0002:00000104       __imp__GetProcessHeap@0    10007104     kernel32:KERNEL32.dll
 0002:00000108       __imp__OutputDebugStringW@4 10007108     kernel32:KERNEL32.dll
 0002:0000010c       __imp__HeapFree@12         1000710c     kernel32:KERNEL32.dll
 0002:00000110       \177KERNEL32_NULL_THUNK_DATA 10007110     kernel32:KERNEL32.dll
 0002:00000114       __imp__FillRect@12         10007114     user32:USER32.dll
 0002:00000118       __imp__DrawTextW@20        10007118     user32:USER32.dll
 0002:0000011c       __imp__CharUpperBuffW@8    1000711c     user32:USER32.dll
 0002:00000120       __imp__GetDC@4             10007120     user32:USER32.dll
 0002:00000124       __imp__CharLowerBuffW@8    10007124     user32:USER32.dll
 0002:00000128       __imp__ReleaseDC@8         10007128     user32:USER32.dll
 0002:0000012c       __imp__MessageBoxW@16      1000712c     user32:USER32.dll
 0002:00000130       __imp__wsprintfW           10007130     user32:USER32.dll
 0002:00000134       \177USER32_NULL_THUNK_DATA 10007134     user32:USER32.dll
 0002:00000138       __imp__GetFileVersionInfoSizeW@8 10007138     version:VERSION.dll
 0002:0000013c       __imp__GetFileVersionInfoW@16 1000713c     version:VERSION.dll
 0002:00000140       __imp__VerQueryValueW@16   10007140     version:VERSION.dll
 0002:00000144       \177VERSION_NULL_THUNK_DATA 10007144     version:VERSION.dll
 0002:00000148       __imp__CoUninitialize@0    10007148     ole32:ole32.dll
 0002:0000014c       __imp__CoInitialize@4      1000714c     ole32:ole32.dll
 0002:00000150       \177ole32_NULL_THUNK_DATA  10007150     ole32:ole32.dll
 0002:00000158       ??_C@_1BO@DPOJIDLN@?$AAB?$AAa?$AAc?$AAk?$AAg?$AAr?$AAo?$AAu?$AAn?$AAd?$AA?4?$AAx?$AAm?$AAl?$AA?$AA@ 10007158     ConEmuBg.obj
 0002:00000178       ??_C@_0L@DJCGGOCO@ConfigureW?$AA@ 10007178     ConEmuBg.obj
 0002:00000184       ??_C@_08BCACMCCB@ExitFARW?$AA@ 10007184     ConEmuBg.obj
 0002:00000190       ??_C@_1BM@NBLKFLKP@?$AAX?$AAm?$AAl?$AAC?$AAo?$AAn?$AAf?$AAi?$AAg?$AAF?$AAi?$AAl?$AAe?$AA?$AA@ 10007190     ConEmuBg.obj
 0002:000001ac       ??_C@_1BM@GCLEPEKO@?$AAP?$AAl?$AAu?$AAg?$AAi?$AAn?$AAE?$AAn?$AAa?$AAb?$AAl?$AAe?$AAd?$AA?$AA@ 100071ac     ConEmuBg.obj
 0002:000001c8       ??_7MStream@@6B@           100071c8     ConEmuBg.obj
 0002:00000204       ??_C@_1CA@GGFPMHLH@?$AA?6?$AAE?$AAr?$AAr?$AAC?$AAo?$AAd?$AAe?$AA?$DN?$AA0?$AAx?$AA?$CF?$AA0?$AA8?$AAX?$AA?$AA@ 10007204     ConEmuBg.obj
 0002:00000228       ??_C@_1FG@LNADFPCE@?$AAL?$AAo?$AAa?$AAd?$AAF?$AAa?$AAr?$AAV?$AAe?$AAr?$AAs?$AAi?$AAo?$AAn?$AA?4?$AAG?$AAe?$AAt?$AAM?$AAo?$AAd?$AAu?$AAl?$AAe?$AAF?$AAi?$AAl?$AAe?$AAN?$AAa?$AAm?$AAe@ 10007228     ConEmuBg.obj
 0002:00000280       ??_C@_1GC@COKOAMPP@?$AAL?$AAo?$AAa?$AAd?$AAF?$AAa?$AAr?$AAV?$AAe?$AAr?$AAs?$AAi?$AAo?$AAn?$AA?4?$AAG?$AAe?$AAt?$AAF?$AAi?$AAl?$AAe?$AAV?$AAe?$AAr?$AAs?$AAi?$AAo?$AAn?$AAI?$AAn?$AAf@ 10007280     ConEmuBg.obj
 0002:000002e8       ??_C@_1GC@BJIMIHFH@?$AAL?$AAo?$AAa?$AAd?$AAF?$AAa?$AAr?$AAV?$AAe?$AAr?$AAs?$AAi?$AAo?$AAn?$AA?5?$AAf?$AAa?$AAi?$AAl?$AAe?$AAd?$AA?$CB?$AA?5?$AAC?$AAa?$AAn?$AA?8?$AAt?$AA?5?$AAa?$AAl?$AAl@ 100072e8     ConEmuBg.obj
 0002:00000350       ??_C@_1FK@EOBKNMNM@?$AAL?$AAo?$AAa?$AAd?$AAF?$AAa?$AAr?$AAV?$AAe?$AAr?$AAs?$AAi?$AAo?$AAn?$AA?4?$AAG?$AAe?$AAt?$AAF?$AAi?$AAl?$AAe?$AAV?$AAe?$AAr?$AAs?$AAi?$AAo?$AAn?$AAI?$AAn?$AAf@ 10007350     ConEmuBg.obj
 0002:000003b0       ??_C@_1FG@LALGGOEO@?$AAL?$AAo?$AAa?$AAd?$AAF?$AAa?$AAr?$AAV?$AAe?$AAr?$AAs?$AAi?$AAo?$AAn?$AA?4?$AAV?$AAe?$AAr?$AAQ?$AAu?$AAe?$AAr?$AAy?$AAV?$AAa?$AAl?$AAu?$AAe?$AA?$CI?$AA?$CC?$AA?2?$AA?$CC@ 100073b0     ConEmuBg.obj
 0002:00000408       ??_C@_13FPGAJAPJ@?$AA?2?$AA?$AA@ 10007408     ConEmuBg.obj
 0002:0000040c       ??_C@_1CA@DIJECNLO@?$AA?6?$AAC?$AAo?$AAn?$AAf?$AAi?$AAg?$AA?5?$AAv?$AAa?$AAl?$AAu?$AAe?$AA?3?$AA?5?$AA?$AA@ 1000740c     ConEmuBg.obj
 0002:0000042c       ??_C@_1BI@NADJHDOD@?$AA?6?$AAE?$AAx?$AAp?$AAa?$AAn?$AAd?$AAe?$AAd?$AA?3?$AA?5?$AA?$AA@ 1000742c     ConEmuBg.obj
 0002:00000444       ??_C@_1O@DPFEOIGE@?$AA?$DM?$AAN?$AAU?$AAL?$AAL?$AA?$DO?$AA?$AA@ 10007444     ConEmuBg.obj
 0002:00000454       ??_C@_1CC@JLFNPNCD@?$AAC?$AAo?$AAn?$AAE?$AAm?$AAu?$AAB?$AAg?$AA?0?$AA?5?$AAP?$AAI?$AAD?$AA?$DN?$AA?$CF?$AAu?$AA?$AA@ 10007454     ConEmuBg.obj
 0002:00000478       ??_C@_1EG@ENHOOKPB@?$AAF?$AAu?$AAn?$AAc?$AAt?$AAi?$AAo?$AAn?$AAs?$AA?5?$AAn?$AAo?$AAt?$AA?5?$AAf?$AAo?$AAu?$AAn?$AAd?$AA?5?$AAi?$AAn?$AA?5?$AAG?$AAd?$AAi?$AAP?$AAl?$AAu?$AAs?$AA?4?$AAd@ 10007478     ConEmuBg.obj
 0002:000004c0       ??_C@_1CM@JMKADHIE@?$AAG?$AAd?$AAi?$AAp?$AAl?$AAu?$AAs?$AAS?$AAt?$AAa?$AAr?$AAt?$AAu?$AAp?$AA?5?$AAf?$AAa?$AAi?$AAl?$AAe?$AAd?$AA?$AA@ 100074c0     ConEmuBg.obj
 0002:000004ec       ??_C@_0BI@GEKGFIAG@GdipBitmapConvertFormat?$AA@ 100074ec     ConEmuBg.obj
 0002:00000504       ??_C@_0BM@MMIJHLFD@GdipGetImageGraphicsContext?$AA@ 10007504     ConEmuBg.obj
 0002:00000520       ??_C@_0O@KHJJFDII@GdipReleaseDC?$AA@ 10007520     ConEmuBg.obj
 0002:00000530       ??_C@_09EJEFPMLL@GdipGetDC?$AA@ 10007530     ConEmuBg.obj
 0002:0000053c       ??_C@_0BD@MFGJCODH@GdipDeleteGraphics?$AA@ 1000753c     ConEmuBg.obj
 0002:00000550       ??_C@_0BC@PACDIGJN@GdipCreateFromHDC?$AA@ 10007550     ConEmuBg.obj
 0002:00000564       ??_C@_0P@DANGKLEH@GdipDrawImageI?$AA@ 10007564     ConEmuBg.obj
 0002:00000574       ??_C@_0BB@MGCHKKMH@GdipDisposeImage?$AA@ 10007574     ConEmuBg.obj
 0002:00000588       ??_C@_0BD@JIGBIPOH@GdipGetImageHeight?$AA@ 10007588     ConEmuBg.obj
 0002:0000059c       ??_C@_0BC@DPLNHGNM@GdipGetImageWidth?$AA@ 1000759c     ConEmuBg.obj
 0002:000005b0       ??_C@_0BJ@IPKMAACN@GdipCreateBitmapFromFile?$AA@ 100075b0     ConEmuBg.obj
 0002:000005cc       ??_C@_0BA@OMKIAPCJ@GdiplusShutdown?$AA@ 100075cc     ConEmuBg.obj
 0002:000005dc       ??_C@_0P@NIGHOHPH@GdiplusStartup?$AA@ 100075dc     ConEmuBg.obj
 0002:000005ec       ??_C@_1CO@CNEBCEFN@?$AAG?$AAd?$AAi?$AAP?$AAl?$AAu?$AAs?$AA?4?$AAd?$AAl?$AAl?$AA?5?$AAn?$AAo?$AAt?$AA?5?$AAf?$AAo?$AAu?$AAn?$AAd?$AA?$CB?$AA?$AA@ 100075ec     ConEmuBg.obj
 0002:0000061c       ??_C@_1BI@LOJECBFD@?$AAG?$AAd?$AAi?$AAP?$AAl?$AAu?$AAs?$AA?4?$AAd?$AAl?$AAl?$AA?$AA@ 1000761c     ConEmuBg.obj
 0002:00000638       ??_C@_1GC@KCIBPHOM@?$AAG?$AAe?$AAt?$AAM?$AAo?$AAd?$AAu?$AAl?$AAe?$AAF?$AAi?$AAl?$AAe?$AAN?$AAa?$AAm?$AAe?$AA?5?$AAf?$AAa?$AAi?$AAl?$AAe?$AAd?$AA?5?$AAi?$AAn?$AA?5?$AAG?$AAD?$AAI?$AAP@ 10007638     ConEmuBg.obj
 0002:0000069c       ??_C@_1M@MDEFCCAF@?$AA?$CF?$AAu?$AA?5?$AA?$CF?$AAs?$AA?$AA@ 1000769c     ConEmuBg.obj
 0002:000006a8       ??_C@_1BC@MFPHLBKH@?$AA?$CF?$AAu?$AA?4?$AA?$CF?$AAu?$AA?5?$AA?$CF?$AAs?$AA?$AA@ 100076a8     ConEmuBg.obj
 0002:000006bc       ??_C@_15HDKOMGBN@?$AAP?$AAB?$AA?$AA@ 100076bc     ConEmuBg.obj
 0002:000006c4       ??_C@_15OIDPIEAL@?$AAT?$AAB?$AA?$AA@ 100076c4     ConEmuBg.obj
 0002:000006cc       ??_C@_15GNHNPEDO@?$AAG?$AAB?$AA?$AA@ 100076cc     ConEmuBg.obj
 0002:000006d4       ??_C@_15MMOGNHFI@?$AAM?$AAB?$AA?$AA@ 100076d4     ConEmuBg.obj
 0002:000006dc       ??_C@_15BKLPDEEF@?$AAK?$AAB?$AA?$AA@ 100076dc     ConEmuBg.obj
 0002:000006e4       ??_C@_13OPKGLAFF@?$AAB?$AA?$AA@ 100076e4     ConEmuBg.obj
 0002:000006e8       ??_C@_11LOCGONAA@?$AA?$AA@ 100076e8     ConEmuBg.obj
 0002:000006f0       ??_C@_1HE@IENNFNAG@?$AAC?$AAo?$AAn?$AAf?$AAi?$AAg?$AAu?$AAr?$AAa?$AAt?$AAi?$AAo?$AAn?$AA?5?$AAx?$AAm?$AAl?$AA?5?$AAf?$AAi?$AAl?$AAe?$AA?5?$AAw?$AAa?$AAs?$AA?5?$AAn?$AAo?$AAt?$AA?5?$AAf@ 100076f0     ConEmuBg.obj
 0002:00000768       ??_C@_1GA@PEKCNEOL@?$AAC?$AAa?$AAn?$AA?8?$AAt?$AA?5?$AAr?$AAe?$AAa?$AAd?$AA?5?$AA?$CF?$AAu?$AA?5?$AAb?$AAy?$AAt?$AAe?$AAs?$AA?5?$AAf?$AAr?$AAo?$AAm?$AA?5?$AAx?$AAm?$AAl?$AA?5?$AAc?$AAo?$AAn@ 10007768     ConEmuBg.obj
 0002:000007c8       ??_C@_1FM@NIEBMEBA@?$AAC?$AAa?$AAn?$AA?8?$AAt?$AA?5?$AAa?$AAl?$AAl?$AAo?$AAc?$AAa?$AAt?$AAe?$AA?5?$AA?$CF?$AAu?$AA?5?$AAb?$AAy?$AAt?$AAe?$AAs?$AA?5?$AAf?$AAo?$AAr?$AA?5?$AAx?$AAm?$AAl?$AA?5@ 100077c8     ConEmuBg.obj
 0002:00000828       ??_C@_1EA@MFDKJDBE@?$AAC?$AAo?$AAn?$AAf?$AAi?$AAg?$AAu?$AAr?$AAa?$AAt?$AAi?$AAo?$AAn?$AA?5?$AAx?$AAm?$AAl?$AA?5?$AAf?$AAi?$AAl?$AAe?$AA?5?$AAi?$AAs?$AA?5?$AAe?$AAm?$AAp?$AAt?$AAy?$AA?$AA@ 10007828     ConEmuBg.obj
 0002:00000868       ??_C@_1EE@OPEIBADO@?$AAC?$AAa?$AAn?$AA?8?$AAt?$AA?5?$AAi?$AAn?$AAi?$AAt?$AAi?$AAa?$AAl?$AAi?$AAz?$AAe?$AA?5?$AAn?$AAa?$AAm?$AAe?$AA?5?$AAo?$AAf?$AA?5?$AAx?$AAm?$AAl?$AA?5?$AAf?$AAi?$AAl@ 10007868     ConEmuBg.obj
 0002:000008b0       ??_C@_1GC@JKFCNIDB@?$AAT?$AAo?$AAo?$AA?5?$AAl?$AAo?$AAn?$AAg?$AA?5?$AAx?$AAm?$AAl?$AA?5?$AAp?$AAa?$AAt?$AAh?$AA?5?$AAa?$AAf?$AAt?$AAe?$AAr?$AA?5?$AAE?$AAx?$AAp?$AAa?$AAn?$AAd?$AAE?$AAn@ 100078b0     ConEmuBg.obj
 0002:00000918       ??_C@_1GM@NPCBAKPP@?$AAf?$AAu?$AAn?$AAc?$AAt?$AAi?$AAo?$AAn?$AA?5?$AAC?$AAr?$AAe?$AAa?$AAt?$AAe?$AAX?$AAm?$AAl?$AAR?$AAe?$AAa?$AAd?$AAe?$AAr?$AA?5?$AAi?$AAn?$AA?5?$AAt?$AAh?$AAe?$AA?5@ 10007918     ConEmuBg.obj
 0002:00000984       ??_C@_0BA@EICHKACL@CreateXmlReader?$AA@ 10007984     ConEmuBg.obj
 0002:00000994       ??_C@_1CM@BLKKKOJI@?$AAx?$AAm?$AAl?$AAl?$AAi?$AAt?$AAe?$AA?4?$AAd?$AAl?$AAl?$AA?5?$AAn?$AAo?$AAt?$AA?5?$AAf?$AAo?$AAu?$AAn?$AAd?$AA?$AA@ 10007994     ConEmuBg.obj
 0002:000009c0       ??_C@_1BI@DCLCNAFM@?$AAx?$AAm?$AAl?$AAl?$AAi?$AAt?$AAe?$AA?4?$AAd?$AAl?$AAl?$AA?$AA@ 100079c0     ConEmuBg.obj
 0002:000009d8       ??_C@_1HA@MHONNEJA@?$AAC?$AAr?$AAe?$AAa?$AAt?$AAe?$AAC?$AAo?$AAm?$AAp?$AAa?$AAt?$AAi?$AAb?$AAl?$AAe?$AA?$FL?$AAD?$AAC?$AA?$HM?$AAB?$AAi?$AAt?$AAm?$AAa?$AAp?$AA?$FN?$AA?5?$AAf?$AAa?$AAi?$AAl@ 100079d8     ConEmuBg.obj
 0002:00000a48       ??_C@_1EK@HIHBLDLC@?$AAC?$AAa?$AAn?$AA?8?$AAt?$AA?5?$AAa?$AAl?$AAl?$AAo?$AAc?$AAa?$AAt?$AAe?$AA?5?$AAm?$AAe?$AAm?$AAo?$AAr?$AAy?$AA?5?$AAf?$AAo?$AAr?$AA?5?$AAs?$AAz?$AAF?$AAu?$AAl?$AAl@ 10007a48     ConEmuBg.obj
 0002:00000a94       ??_C@_1DO@BMBIALGO@?$AAG?$AAe?$AAt?$AAI?$AAm?$AAa?$AAg?$AAe?$AAS?$AAi?$AAz?$AAe?$AA?5?$AAf?$AAa?$AAi?$AAl?$AAe?$AAd?$AA?0?$AA?5?$AAE?$AAr?$AAr?$AA?$DN?$AA?$CF?$AAi?$AA?6?$AA?$CF?$AAs?$AA?$AA@ 10007a94     ConEmuBg.obj
 0002:00000ad8       ??_C@_1EG@KBBKNBAB@?$AAC?$AAr?$AAe?$AAa?$AAt?$AAe?$AAC?$AAo?$AAm?$AAp?$AAa?$AAt?$AAi?$AAb?$AAl?$AAe?$AA?$FL?$AAD?$AAC?$AA?$HM?$AAB?$AAi?$AAt?$AAm?$AAa?$AAp?$AA?$FN?$AA?5?$AAf?$AAa?$AAi?$AAl@ 10007ad8     ConEmuBg.obj
 0002:00000b20       ??_C@_1DI@COJKFCDM@?$AAG?$AAd?$AAi?$AAp?$AAG?$AAe?$AAt?$AAD?$AAC?$AA?5?$AAf?$AAa?$AAi?$AAl?$AAe?$AAd?$AA?0?$AA?5?$AAE?$AAr?$AAr?$AA?$DN?$AA?$CF?$AAi?$AA?6?$AA?$CF?$AAs?$AA?$AA@ 10007b20     ConEmuBg.obj
 0002:00000b58       ??_C@_1EM@FGINKPEA@?$AAC?$AAa?$AAn?$AA?8?$AAt?$AA?5?$AAa?$AAl?$AAl?$AAo?$AAc?$AAa?$AAt?$AAe?$AA?5?$AAm?$AAe?$AAm?$AAo?$AAr?$AAy?$AA?5?$AAf?$AAo?$AAr?$AA?5?$AAC?$AAa?$AAc?$AAh?$AAe?$AAd@ 10007b58     ConEmuBg.obj
 0002:00000ba8       ??_C@_1EC@FCMECJAF@?$AAG?$AAd?$AAi?$AAp?$AAD?$AAr?$AAa?$AAw?$AAI?$AAm?$AAa?$AAg?$AAe?$AAI?$AA?5?$AAf?$AAa?$AAi?$AAl?$AAe?$AAd?$AA?0?$AA?5?$AAE?$AAr?$AAr?$AA?$DN?$AA?$CF?$AAi?$AA?6?$AA?$CF?$AAs@ 10007ba8     ConEmuBg.obj
 0002:00000bf0       ??_C@_1EI@MNPBDJFF@?$AAG?$AAd?$AAi?$AAp?$AAC?$AAr?$AAe?$AAa?$AAt?$AAe?$AAF?$AAr?$AAo?$AAm?$AAH?$AAD?$AAC?$AA?5?$AAf?$AAa?$AAi?$AAl?$AAe?$AAd?$AA?0?$AA?5?$AAE?$AAr?$AAr?$AA?$DN?$AA?$CF?$AAi@ 10007bf0     ConEmuBg.obj
 0002:00000c38       ??_C@_1DI@MGMDCCIK@?$AAC?$AAa?$AAn?$AA?8?$AAt?$AA?5?$AAl?$AAo?$AAa?$AAd?$AA?5?$AAi?$AAm?$AAa?$AAg?$AAe?$AA?0?$AA?5?$AAE?$AAr?$AAr?$AA?$DN?$AA?$CF?$AAi?$AA?6?$AA?$CF?$AAs?$AA?$AA@ 10007c38     ConEmuBg.obj
 0002:00000c70       ??_C@_17DCNMIAEN@?$AAr?$AAe?$AAf?$AA?$AA@ 10007c70     ConEmuBg.obj
 0002:00000c78       ??_C@_17EHOCEIDI@?$AAi?$AAm?$AAg?$AA?$AA@ 10007c78     ConEmuBg.obj
 0002:00000c80       ??_C@_1BI@FHFKHMCH@?$AAP?$AAA?$AAN?$AAE?$AAL?$AAF?$AAO?$AAR?$AAM?$AAA?$AAT?$AA?$AA@ 10007c80     ConEmuBg.obj
 0002:00000c98       ??_C@_1BG@DCPGEGPA@?$AAV?$AAO?$AAL?$AAU?$AAM?$AAE?$AAF?$AAR?$AAE?$AAE?$AA?$AA@ 10007c98     ConEmuBg.obj
 0002:00000cb0       ??_C@_1BG@CACAJBGP@?$AAV?$AAO?$AAL?$AAU?$AAM?$AAE?$AAS?$AAI?$AAZ?$AAE?$AA?$AA@ 10007cb0     ConEmuBg.obj
 0002:00000cc8       ??_C@_1O@DFDGIFKD@?$AAV?$AAO?$AAL?$AAU?$AAM?$AAE?$AA?$AA@ 10007cc8     ConEmuBg.obj
 0002:00000cd8       ??_C@_1M@CNKDNHCK@?$AA?5?$AA?7?$AA?$AN?$AA?6?$AA?$CL?$AA?$AA@ 10007cd8     ConEmuBg.obj
 0002:00000ce4       ??_C@_1M@NFEAPLNL@?$AAt?$AAi?$AAt?$AAl?$AAe?$AA?$AA@ 10007ce4     ConEmuBg.obj
 0002:00000cf0       ??_C@_17FDPGNGBJ@?$AAo?$AAf?$AAf?$AA?$AA@ 10007cf0     ConEmuBg.obj
 0002:00000cf8       ??_C@_1M@GACLNJGJ@?$AAl?$AAa?$AAr?$AAg?$AAe?$AA?$AA@ 10007cf8     ConEmuBg.obj
 0002:00000d04       ??_C@_1M@LPGODFOM@?$AAs?$AAp?$AAa?$AAc?$AAe?$AA?$AA@ 10007d04     ConEmuBg.obj
 0002:00000d10       ??_C@_17IHBDLLG@?$AAy?$AAe?$AAs?$AA?$AA@ 10007d10     ConEmuBg.obj
 0002:00000d18       ??_C@_1M@OAJKEOAM@?$AAs?$AAh?$AAi?$AAf?$AAt?$AA?$AA@ 10007d18     ConEmuBg.obj
 0002:00000d24       ??_C@_1BE@OACCNEKL@?$AAb?$AAg?$AAr?$AA_?$AAl?$AAi?$AAg?$AAh?$AAt?$AA?$AA@ 10007d24     ConEmuBg.obj
 0002:00000d38       ??_C@_1BC@JFCNIMOB@?$AAb?$AAg?$AAr?$AA_?$AAd?$AAa?$AAr?$AAk?$AA?$AA@ 10007d38     ConEmuBg.obj
 0002:00000d4c       ??_C@_17NMNENAKF@?$AAb?$AAg?$AAr?$AA?$AA@ 10007d4c     ConEmuBg.obj
 0002:00000d54       ??_C@_1BE@OGMDEBBA@?$AAr?$AAg?$AAb?$AA_?$AAl?$AAi?$AAg?$AAh?$AAt?$AA?$AA@ 10007d54     ConEmuBg.obj
 0002:00000d68       ??_C@_1BC@NNDMOMJF@?$AAr?$AAg?$AAb?$AA_?$AAd?$AAa?$AAr?$AAk?$AA?$AA@ 10007d68     ConEmuBg.obj
 0002:00000d7c       ??_C@_17PAHGLGBB@?$AAr?$AAg?$AAb?$AA?$AA@ 10007d7c     ConEmuBg.obj
 0002:00000d84       ??_C@_1M@EENKLIPJ@?$AAc?$AAo?$AAl?$AAo?$AAr?$AA?$AA@ 10007d84     ConEmuBg.obj
 0002:00000d90       ??_C@_1BC@LGPIFEA@?$AAd?$AAi?$AAs?$AAa?$AAb?$AAl?$AAe?$AAd?$AA?$AA@ 10007d90     ConEmuBg.obj
 0002:00000da4       ??_C@_1O@JODKLKCF@?$AAf?$AAo?$AAr?$AAm?$AAa?$AAt?$AA?$AA@ 10007da4     ConEmuBg.obj
 0002:00000db4       ??_C@_1BE@FDJCBAKA@?$AAp?$AAa?$AAt?$AAh?$AAm?$AAa?$AAt?$AAc?$AAh?$AA?$AA@ 10007db4     ConEmuBg.obj
 0002:00000dc8       ??_C@_19LFDMGLCC@?$AAT?$AAE?$AAM?$AAP?$AA?$AA@ 10007dc8     ConEmuBg.obj
 0002:00000dd4       ??_C@_1BC@FAFPDLON@?$AAp?$AAa?$AAt?$AAh?$AAt?$AAy?$AAp?$AAe?$AA?$AA@ 10007dd4     ConEmuBg.obj
 0002:00000de8       ??_C@_1BA@EJELCCEN@?$AAR?$AAA?$AAM?$AAD?$AAI?$AAS?$AAK?$AA?$AA@ 10007de8     ConEmuBg.obj
 0002:00000df8       ??_C@_1M@NEPFDHKI@?$AAC?$AAD?$AAR?$AAO?$AAM?$AA?$AA@ 10007df8     ConEmuBg.obj
 0002:00000e04       ??_C@_1O@OAMNPHFH@?$AAR?$AAE?$AAM?$AAO?$AAT?$AAE?$AA?$AA@ 10007e04     ConEmuBg.obj
 0002:00000e14       ??_C@_1M@PEPLLLCM@?$AAF?$AAI?$AAX?$AAE?$AAD?$AA?$AA@ 10007e14     ConEmuBg.obj
 0002:00000e20       ??_C@_1BE@JMGCMLBE@?$AAR?$AAE?$AAM?$AAO?$AAV?$AAA?$AAB?$AAL?$AAE?$AA?$AA@ 10007e20     ConEmuBg.obj
 0002:00000e34       ??_C@_1BI@BCACJIAB@?$AAN?$AAO?$AA_?$AAR?$AAO?$AAO?$AAT?$AA_?$AAD?$AAI?$AAR?$AA?$AA@ 10007e34     ConEmuBg.obj
 0002:00000e4c       ??_C@_1BE@FAHOEFOG@?$AAd?$AAr?$AAi?$AAv?$AAe?$AAt?$AAy?$AAp?$AAe?$AA?$AA@ 10007e4c     ConEmuBg.obj
 0002:00000e60       ??_C@_19FILLMKCG@?$AAI?$AAN?$AAF?$AAO?$AA?$AA@ 10007e60     ConEmuBg.obj
 0002:00000e6c       ??_C@_1M@KIGDKMPO@?$AAQ?$AAV?$AAI?$AAE?$AAW?$AA?$AA@ 10007e6c     ConEmuBg.obj
 0002:00000e78       ??_C@_19EINGHGNA@?$AAT?$AAR?$AAE?$AAE?$AA?$AA@ 10007e78     ConEmuBg.obj
 0002:00000e84       ??_C@_1O@BDNPEFIG@?$AAP?$AAL?$AAU?$AAG?$AAI?$AAN?$AA?$AA@ 10007e84     ConEmuBg.obj
 0002:00000e94       ??_C@_1M@EKGBHJEJ@?$AAD?$AAR?$AAI?$AAV?$AAE?$AA?$AA@ 10007e94     ConEmuBg.obj
 0002:00000ea0       ??_C@_1O@EFKGOBLP@?$AAV?$AAI?$AAE?$AAW?$AAE?$AAR?$AA?$AA@ 10007ea0     ConEmuBg.obj
 0002:00000eb0       ??_C@_1O@PEPCDNON@?$AAE?$AAD?$AAI?$AAT?$AAO?$AAR?$AA?$AA@ 10007eb0     ConEmuBg.obj
 0002:00000ec0       ??_C@_1M@HLGJKDIH@?$AAP?$AAA?$AAN?$AAE?$AAL?$AA?$AA@ 10007ec0     ConEmuBg.obj
 0002:00000ecc       ??_C@_1O@OCKFCHPL@?$AAP?$AAA?$AAN?$AAE?$AAL?$AAS?$AA?$AA@ 10007ecc     ConEmuBg.obj
 0002:00000edc       ??_C@_19FHBCDCCA@?$AAt?$AAy?$AAp?$AAe?$AA?$AA@ 10007edc     ConEmuBg.obj
 0002:00000ee8       ??_C@_1M@HCONLDPB@?$AAp?$AAa?$AAn?$AAe?$AAl?$AA?$AA@ 10007ee8     ConEmuBg.obj
 0002:00000ef4       ??_C@_1O@IANIHGAM@?$AAw?$AAi?$AAn?$AAd?$AAo?$AAw?$AA?$AA@ 10007ef4     ConEmuBg.obj
 0002:00000f04       __GUID_7279fc81_709d_4095_b63d_69fe4b0d9030 10007f04     ConEmuBg.obj
 0002:00000f14       ??_C@_1O@FLJJBOMO@?$AA?2?$AAT?$AAE?$AAM?$AAP?$AA?2?$AA?$AA@ 10007f14     ConEmuBg.obj
 0002:00000f24       ??_C@_1M@KAKMLIHO@?$AAA?$AAr?$AAi?$AAa?$AAl?$AA?$AA@ 10007f24     ConEmuBg.obj
 0002:00000f30       ??_C@_1EI@KDEPAOIE@?$AAC?$AAo?$AAn?$AAE?$AAm?$AAu?$AAB?$AAk?$AA?3?$AA?5?$AA?$CF?$AAs?$AA?5?$AA?9?$AA?5?$AA?$HL?$AA?$CF?$AAi?$AA?0?$AA?$CF?$AAi?$AA?0?$AA?$CF?$AAi?$AA?0?$AA?$CF?$AAi?$AA?$CJ?$AA?5?$AA?$CD?$AA?$CF?$AA0@ 10007f30     ConEmuBg.obj
 0002:00000f78       ??_C@_1DA@JALAODAO@?$AAi?$AAm?$AAg?$AA?1?$AAd?$AAr?$AAi?$AAv?$AAe?$AA_?$AAr?$AAe?$AAm?$AAo?$AAv?$AAa?$AAb?$AAl?$AAe?$AA?4?$AAp?$AAn?$AAg?$AA?$AA@ 10007f78     ConEmuBg.obj
 0002:00000fa8       ??_C@_1CM@FDAGABBA@?$AAi?$AAm?$AAg?$AA?1?$AAd?$AAr?$AAi?$AAv?$AAe?$AA_?$AAn?$AAe?$AAt?$AAw?$AAo?$AAr?$AAk?$AA?4?$AAp?$AAn?$AAg?$AA?$AA@ 10007fa8     ConEmuBg.obj
 0002:00000fd4       ??_C@_1CI@DLJJCGCI@?$AAi?$AAm?$AAg?$AA?1?$AAd?$AAr?$AAi?$AAv?$AAe?$AA_?$AAc?$AAd?$AAr?$AAo?$AAm?$AA?4?$AAp?$AAn?$AAg?$AA?$AA@ 10007fd4     ConEmuBg.obj
 0002:00000ffc       ??_C@_1CM@NJAGAAPF@?$AAi?$AAm?$AAg?$AA?1?$AAd?$AAr?$AAi?$AAv?$AAe?$AA_?$AAr?$AAa?$AAm?$AAd?$AAi?$AAs?$AAk?$AA?4?$AAp?$AAn?$AAg?$AA?$AA@ 10007ffc     ConEmuBg.obj
 0002:00001028       ??_C@_1CI@FIJFGDPK@?$AAi?$AAm?$AAg?$AA?1?$AAd?$AAr?$AAi?$AAv?$AAe?$AA_?$AAf?$AAi?$AAx?$AAe?$AAd?$AA?4?$AAp?$AAn?$AAg?$AA?$AA@ 10008028     ConEmuBg.obj
 0002:00001050       ??_C@_1BO@KJOLJEJK@?$AAi?$AAm?$AAg?$AA?1?$AAp?$AAl?$AAu?$AAg?$AAi?$AAn?$AA?4?$AAp?$AAn?$AAg?$AA?$AA@ 10008050     ConEmuBg.obj
 0002:00001070       ??_C@_1FK@LJOGCJPM@?$AAC?$AAo?$AAn?$AAE?$AAm?$AAu?$AAB?$AAk?$AA?3?$AA?5?$AAD?$AAi?$AAs?$AAa?$AAb?$AAl?$AAe?$AAd?$AA?5?$AA?$CF?$AAs?$AA?5?$AA?9?$AA?5?$AA?$HL?$AA?$CF?$AAi?$AA?0?$AA?$CF?$AAi?$AA?0?$AA?$CF@ 10008070     ConEmuBg.obj
 0002:000010cc       ??_C@_1M@KDEMMBOH@?$AAR?$AAi?$AAg?$AAh?$AAt?$AA?$AA@ 100080cc     ConEmuBg.obj
 0002:000010d8       ??_C@_19DKAIAFPE@?$AAL?$AAe?$AAf?$AAt?$AA?$AA@ 100080d8     ConEmuBg.obj
 0002:000010e8       ??_C@_1FG@IGPHDCHD@?$AAC?$AAo?$AAn?$AAE?$AAm?$AAu?$AAB?$AAk?$AA?3?$AA?5?$AAI?$AAn?$AAv?$AAi?$AAs?$AAi?$AAb?$AAl?$AAe?$AA?5?$AAR?$AAi?$AAg?$AAh?$AAt?$AA?5?$AA?9?$AA?5?$AA?$HL?$AA?$CF?$AAi?$AA?0@ 100080e8     ConEmuBg.obj
 0002:00001140       ??_C@_1FE@OJCEMPCK@?$AAC?$AAo?$AAn?$AAE?$AAm?$AAu?$AAB?$AAk?$AA?3?$AA?5?$AAI?$AAn?$AAv?$AAi?$AAs?$AAi?$AAb?$AAl?$AAe?$AA?5?$AAL?$AAe?$AAf?$AAt?$AA?5?$AA?9?$AA?5?$AA?$HL?$AA?$CF?$AAi?$AA?0?$AA?$CF@ 10008140     ConEmuBg.obj
 0002:00001194       ??_C@_1BE@POBJGOHE@?$AAC?$AAo?$AAn?$AAE?$AAm?$AAu?$AAB?$AAg?$AA?2?$AA?$AA@ 10008194     ConEmuBg995.obj
 0002:000011a8       ??_C@_1DE@DJEAMLPH@?$AAC?$AAo?$AAn?$AAE?$AAm?$AAu?$AA?4?$AAM?$AAa?$AAx?$AAi?$AAm?$AAu?$AAs?$AA5?$AA?$EA?$AAg?$AAm?$AAa?$AAi?$AAl?$AA?4?$AAc?$AAo?$AAm?$AA?$AA@ 100081a8     ConEmuBg2800.obj
 0002:000011e0       ??_C@_1GC@GCGDBDMO@?$AAP?$AAa?$AAi?$AAn?$AAt?$AA?5?$AAF?$AAa?$AAr?$AA?5?$AAp?$AAa?$AAn?$AAe?$AAl?$AAs?$AA?5?$AAb?$AAa?$AAc?$AAk?$AAg?$AAr?$AAo?$AAu?$AAn?$AAd?$AA?5?$AAi?$AAn?$AA?5?$AAt@ 100081e0     ConEmuBg2800.obj
 0002:00001244       ??_C@_1CE@PJKCDLK@?$AAC?$AAo?$AAn?$AAE?$AAm?$AAu?$AA?5?$AAB?$AAa?$AAc?$AAk?$AAg?$AAr?$AAo?$AAu?$AAn?$AAd?$AA?$AA@ 10008244     ConEmuBg2800.obj
 0002:00001268       _IID_IUnknown              10008268     uuid:unknwn_i.obj
 0002:00001278       _IID_ISequentialStream     10008278     uuid:objidl_i.obj
 0002:00001288       _IID_IStream               10008288     uuid:objidl_i.obj
 0002:00001298       __IMPORT_DESCRIPTOR_KERNEL32 10008298     kernel32:KERNEL32.dll
 0002:000012ac       __IMPORT_DESCRIPTOR_USER32 100082ac     user32:USER32.dll
 0002:000012c0       __IMPORT_DESCRIPTOR_GDI32  100082c0     gdi32:GDI32.dll
 0002:000012d4       __IMPORT_DESCRIPTOR_ADVAPI32 100082d4     advapi32:ADVAPI32.dll
 0002:000012e8       __IMPORT_DESCRIPTOR_ole32  100082e8     ole32:ole32.dll
 0002:000012fc       __IMPORT_DESCRIPTOR_VERSION 100082fc     version:VERSION.dll
 0002:00001310       __NULL_IMPORT_DESCRIPTOR   10008310     kernel32:KERNEL32.dll
 0003:00000000       ?gSettings@@3PAUConEmuBgSettings@@A 10009000     ConEmuBg.obj
 0003:00000030       ?Far3Func@@3PAUExportFunc@@A 10009030     ConEmuBg.obj
 0003:00000054       ?szDefaultXmlName@@3PB_WB  10009054     ConEmuBg.obj
 0003:00000058       ?guid_ConEmuBg@@3U_GUID@@A 10009058     ConEmuBg2800.obj
 0003:00000068       ?guid_ConEmuBgCfgDlg@@3U_GUID@@A 10009068     ConEmuBg2800.obj
 0003:00000078       ?guid_ConEmuBgPluginMenu@@3U_GUID@@A 10009078     ConEmuBg2800.obj
 0003:00000088       ?guid_ConEmuBgPluginConfig@@3U_GUID@@A 10009088     ConEmuBg2800.obj
 0003:000000a0       ?ghPluginModule@@3PAUHINSTANCE__@@A 100090a0     ConEmuBg.obj
 0003:000000a4       ?gFarVersion@@3UFarVersion@@A 100090a4     ConEmuBg.obj
 0003:000000b0       ?gbInStartPlugin@@3_NA     100090b0     ConEmuBg.obj
 0003:000000b1       ?gbSetStartupInfoOk@@3_NA  100090b1     ConEmuBg.obj
 0003:000000b2       ?gbGdiPlusInitialized@@3_NA 100090b2     ConEmuBg.obj
 0003:000000b4       ?gbBackgroundEnabled@@3HA  100090b4     ConEmuBg.obj
 0003:000000b8       ?gsXmlConfigFile@@3PA_WA   100090b8     ConEmuBg.obj
 0003:000002c0       ?gbMonitorFileChange@@3HA  100092c0     ConEmuBg.obj
 0003:000002c4       ?gbInfoW_OK@@3HA           100092c4     ConEmuBg.obj
 0003:000002c8       ?gfCreateXmlReader@@3P6GJABU_GUID@@PAPAXPAX@ZA 100092c8     ConEmuBg.obj
 0003:000002cc       ?ghXmlLite@@3PAUHINSTANCE__@@A 100092cc     ConEmuBg.obj
 0003:000002d0       ?XmlFile@@3UXmlConfigFile@@A 100092d0     ConEmuBg.obj
 0003:000002e4       ?gpszXmlFile@@3PA_WA       100092e4     ConEmuBg.obj
 0003:000002e8       ?gpszXmlFolder@@3PA_WA     100092e8     ConEmuBg.obj
 0003:000002ec       ?ghXmlNotification@@3PAXA  100092ec     ConEmuBg.obj
 0003:000002f0       ?gpDecoder@@3PAUGDIPlusDecoder@@A 100092f0     ConEmuBg.obj
 0003:000002f8       ?InfoW995@@3PAUPluginStartupInfo@@A 100092f8     ConEmuBg995.obj
 0003:000002fc       ?FSFW995@@3PAUFarStandardFunctions@@A 100092fc     ConEmuBg995.obj
 0003:00000508       ?InfoW1900@@3PAUPluginStartupInfo@@A 10009508     ConEmuBg1900.obj
 0003:0000050c       ?FSFW1900@@3PAUFarStandardFunctions@@A 1000950c     ConEmuBg1900.obj
 0003:00000718       ?InfoW2800@@3PAUPluginStartupInfo@@A 10009718     ConEmuBg2800.obj
 0003:0000071c       ?FSFW2800@@3PAUFarStandardFunctions@@A 1000971c     ConEmuBg2800.obj
 0003:00000928       ?InfoA@@3PAUPluginStartupInfo@@A 10009928     ConEmuBgA.obj
 0003:0000092c       ?FSFA@@3PAUFarStandardFunctions@@A 1000992c     ConEmuBgA.obj
 0003:00000a38       ?AssertMsgBox@@3P6IHPB_WI0PAUHWND__@@_N@ZA 10009a38     MAssert.obj
 0003:00000a3c       ?ghHeap@@3PAXA             10009a3c     Memory.obj

 entry point at        0001:00001616

 Static symbols

 0001:0000002b       ?StringLengthWorkerW@@YGJPB_WIPAI@Z 1000102b f   ConEmuBg.obj
 0001:0000005b       ?StringCopyWorkerW@@YGJPA_WIPAIPB_WI@Z 1000105b f   ConEmuBg.obj
 0001:00000445       ?LoadFarVersion@@YI_NAAUFarVersion@@AAY0CAA@_W@Z 10001445 f   ConEmuBg.obj
 0001:00000615       ?ChangeExports@@YI_NPBUExportFunc@@PAUHINSTANCE__@@@Z 10001615 f   ConEmuBg.obj
 0001:00003dee       ?ConfigDlgProc@@YGJPAXHHJ@Z 10004dee f   ConEmuBg995.obj
 0001:00003e82       ?ConfigureProc@@YIHH@Z     10004e82 f   ConEmuBg995.obj
 0001:00004353       ?ConfigDlgProc@@YGHPAXHH0@Z 10005353 f   ConEmuBg1900.obj
 0001:000043e7       ?ConfigureProc@@YIHH@Z     100053e7 f   ConEmuBg1900.obj
 0001:00004b8e       ?ConfigDlgProc@@YGHPAXHH0@Z 10005b8e f   ConEmuBg2800.obj
 0001:00004c22       ?ConfigureProc@@YIHH@Z     10005c22 f   ConEmuBg2800.obj
 0001:000053ea       ?GetMsg@@YIPADH@Z          100063ea f   ConEmuBgA.obj
 0001:00005402       ?ConfigDlgProc@@YGJPAXHHJ@Z 10006402 f   ConEmuBgA.obj
 0001:000054a0       ?ConfigureProc@@YIHH@Z     100064a0 f   ConEmuBgA.obj
 0001:00005c40       ?strtoxl@@YAKPB_WPAPA_WHH@Z 10006c40 f   libCRT:strtol.obj
