 ConEmu

 Timestamp is 5497d82d (Mon Dec 22 11:37:01 2014)

 Preferred load address is 10000000

 Start         Length     Name                   Class
 0001:00000000 0003aea0H .text                   CODE
 0002:00000000 000003b4H .idata$5                DATA
 0002:000003b4 00000004H .CRT$XCA                DATA
 0002:000003b8 00000004H .CRT$XCZ                DATA
 0002:000003bc 00000004H .CRT$XIA                DATA
 0002:000003c0 0000000cH .CRT$XIC                DATA
 0002:000003cc 00000004H .CRT$XIZ                DATA
 0002:000003d0 00000004H .CRT$XPA                DATA
 0002:000003d4 00000004H .CRT$XPZ                DATA
 0002:000003d8 00000004H .CRT$XTA                DATA
 0002:000003dc 00000004H .CRT$XTZ                DATA
 0002:000003e0 00005868H .rdata                  DATA
 0002:00005c48 0000006fH .rdata$debug            DATA
 0002:00005cc0 0000000cH .rdata$sxdata           DATA
 0002:00005ccc 00000004H .rtc$IAA                DATA
 0002:00005cd0 00000004H .rtc$IZZ                DATA
 0002:00005cd4 00000004H .rtc$TAA                DATA
 0002:00005cd8 00000004H .rtc$TZZ                DATA
 0002:00005ce0 00000454H .xdata$x                DATA
 0002:00006134 00000064H .idata$2                DATA
 0002:00006198 00000014H .idata$3                DATA
 0002:000061ac 000003b4H .idata$4                DATA
 0002:00006560 00001112H .idata$6                DATA
 0002:00007680 000002ddH .edata                  DATA
 0003:00000000 00000e50H .data                   DATA
 0003:00000e60 00002b60H .bss                    DATA
 0004:00000000 00000058H .rsrc$01                DATA
 0004:00000060 000002d8H .rsrc$02                DATA

  Address         Publics by Value              Rva+Base       Lib:Object

 0000:00000000       __except_list              00000000     <absolute>
 0000:00000003       ___safe_se_handler_count   00000003     <absolute>
 0000:00000000       ___ImageBase               10000000     <linker-defined>
 0001:00000000       ??0CmdArg@@QAE@XZ          10001000 f   CmdArg.obj
 0001:00000040       ??0CmdArg@@QAE@PA_W@Z      10001040 f   CmdArg.obj
 0001:00000080       ??4CmdArg@@QAEAAU0@PA_W@Z  10001080 f   CmdArg.obj
 0001:000000a0       ??1CmdArg@@QAE@XZ          100010a0 f   CmdArg.obj
 0001:00000110       ?GetBuffer@CmdArg@@QAEPA_WH@Z 10001110 f   CmdArg.obj
 0001:000001d0       ?Detach@CmdArg@@QAEPA_WXZ  100011d0 f   CmdArg.obj
 0001:00000200       ?Attach@CmdArg@@QAEPB_WPA_W@Z 10001200 f   CmdArg.obj
 0001:00000220       ?AttachInt@CmdArg@@AAEPB_WAAPA_W@Z 10001220 f   CmdArg.obj
 0001:00000280       ?Empty@CmdArg@@QAEXXZ      10001280 f   CmdArg.obj
 0001:000002d0       ?IsEmpty@CmdArg@@QAE_NXZ   100012d0 f   CmdArg.obj
 0001:00000310       ?Set@CmdArg@@QAEPB_WPB_WH@Z 10001310 f   CmdArg.obj
 0001:000003a0       ?StringCchCopyNW@@YGJPA_WIPB_WI@Z 100013a0 f i CmdArg.obj
 0001:000004e0       ?SavePathVar@CmdArg@@QAEXPB_W@Z 100014e0 f   CmdArg.obj
 0001:00000520       ?SaveEnvVar@CmdArg@@QAEXPB_W0@Z 10001520 f   CmdArg.obj
 0001:000005a0       ?SetAt@CmdArg@@QAEXH_W@Z   100015a0 f   CmdArg.obj
 0001:000005d0       ?GetPosFrom@CmdArg@@QAEXABU1@@Z 100015d0 f   CmdArg.obj
 0001:00000610       ?IsNeedDequote@@YI_NPB_W_NPAPB_W@Z 10001610 f   CmdLine.obj
 0001:000007e0       ??BCmdArg@@QBEPB_WXZ       100017e0 f i CmdLine.obj
 0001:000007f0       ?NextArg@@YIHPAPB_WAAUCmdArg@@0@Z 100017f0 f   CmdLine.obj
 0001:00000c30       ?AddEndSlash@@YIHPA_WH@Z   10001c30 f   CmdLine.obj
 0001:00000cb0       ?SkipNonPrintable@@YIPB_WPB_W@Z 10001cb0 f   CmdLine.obj
 0001:00000d10       ?CompareFileMask@@YI_NPB_W0@Z 10001d10 f   CmdLine.obj
 0001:00000ee0       ?wcschr@@YAPA_WPA_W_W@Z    10001ee0 f i CmdLine.obj
 0001:00000f00       ?GetDrive@@YIPB_WPB_WPA_WH@Z 10001f00 f   CmdLine.obj
 0001:00001100       ?GetDirectory@@YIHAAUCmdArg@@@Z 10002100 f   CmdLine.obj
 0001:00001190       ?IsNeedCmd@@YI_NHPB_WAAUCmdArg@@PAPB_WPAH333@Z 10002190 f   CmdLine.obj
 0001:000018b0       ?Disable@MWow64Disable@@QAEXXZ 100028b0 f i CmdLine.obj
 0001:000018e0       ??0MWow64Disable@@QAE@XZ   100028e0 f i CmdLine.obj
 0001:00001960       ??1MWow64Disable@@QAE@XZ   10002960 f i CmdLine.obj
 0001:00001980       ?Restore@MWow64Disable@@QAEXXZ 10002980 f i CmdLine.obj
 0001:000019c0       ?IsExecutable@@YI_NPB_WPAPA_W@Z 100029c0 f   CmdLine.obj
 0001:00001ab0       ?IsFarExe@@YI_NPB_W@Z      10002ab0 f   CmdLine.obj
 0001:00001b30       ?IsQuotationNeeded@@YI_NPB_W@Z 10002b30 f   CmdLine.obj
 0001:00001b70       ?MergeCmdLine@@YIPA_WPB_W0@Z 10002b70 f   CmdLine.obj
 0001:00001c00       ?JoinPath@@YIPA_WPB_W00@Z  10002c00 f   CmdLine.obj
 0001:00001d60       ?IsFilePath@@YI_NPB_W_N@Z  10002d60 f   CmdLine.obj
 0001:00001f20       ?PointToName@@YIPB_WPB_W@Z 10002f20 f   CmdLine.obj
 0001:00001fb0       ?PointToName@@YIPBDPBD@Z   10002fb0 f   CmdLine.obj
 0001:00002030       ?PointToExt@@YIPB_WPB_W@Z  10003030 f   CmdLine.obj
 0001:00002070       ?Unquote@@YIPB_WPA_W_N@Z   10003070 f   CmdLine.obj
 0001:00002100       ?wcsrchr@@YAPA_WPA_W_W@Z   10003100 f i CmdLine.obj
 0001:00002120       ?IsNewConsoleArg@@YI_NPB_W0@Z 10003120 f   CmdLine.obj
 0001:00002200       ?PackInputRecord@@YIHPBU_INPUT_RECORD@@PAUMsgStr@MSG64@@@Z 10003200 f   Common.obj
 0001:00002410       ?UnpackInputRecord@@YIHPBUMsgStr@MSG64@@PAU_INPUT_RECORD@@@Z 10003410 f   Common.obj
 0001:00002670       ?TranslateKeyPress@@YIXGK_WHPAU_INPUT_RECORD@@1@Z 10003670 f   Common.obj
 0001:000027e0       ?GetCommand@CESERVER_REQ_NEWCMD@@QAEPA_WXZ 100037e0 f   Common.obj
 0001:00002820       ?GetEnvStrings@CESERVER_REQ_NEWCMD@@QAEPA_WXZ 10003820 f   Common.obj
 0001:00002870       ?SetCommand@CESERVER_REQ_NEWCMD@@QAEXPB_W@Z 10003870 f   Common.obj
 0001:000028f0       ?SetEnvStrings@CESERVER_REQ_NEWCMD@@QAEXPB_WK@Z 100038f0 f   Common.obj
 0001:00002a30       ?CommonShutdown@@YIXXZ     10003a30 f   Common.obj
 0001:00002a60       ?ModuleName@@YIPB_WPB_W@Z  10003a60 f   ConEmuCheck.obj
 0001:00002b40       ?ExecuteOpenPipe@@YIPAXPB_WAAY0CAI@_W0KKHPAX@Z 10003b40 f   ConEmuCheck.obj
 0001:00002d60       ?ExecutePrepareCmd@@YIXPAUCESERVER_REQ@@KI@Z 10003d60 f   ConEmuCheck.obj
 0001:00002db0       ?ExecutePrepareCmd@@YIXPAUCESERVER_REQ_HDR@@KI@Z 10003db0 f   ConEmuCheck.obj
 0001:00002e50       ?ExecuteNewCmd@@YIPAUCESERVER_REQ@@KI@Z 10003e50 f   ConEmuCheck.obj
 0001:00002eb0       ?ExecuteNewCmd@@YI_NAAPAUCESERVER_REQ@@AAKKI@Z 10003eb0 f   ConEmuCheck.obj
 0001:00002f30       ?LoadSrvMapping@@YIHPAUHWND__@@AAUCESERVER_CONSOLE_MAPPING_HDR@@@Z 10003f30 f   ConEmuCheck.obj
 0001:00003050       ?LoadGuiMapping@@YIHKAAUConEmuGuiMapping@@@Z 10004050 f   ConEmuCheck.obj
 0001:00003170       ?ExecuteNewCmdOnCreate@@YIPAUCESERVER_REQ@@PAUCESERVER_CONSOLE_MAPPING_HDR@@PAUHWND__@@W4CmdOnCreateType@@PB_W33PAK444HHPAX55@Z 10004170 f   ConEmuCheck.obj
 0001:00003500       ?StringCchCopyW@@YGJPA_WIPB_W@Z 10004500 f i ConEmuCheck.obj
 0001:00003630       ?ExecuteGuiCmd@@YIPAUCESERVER_REQ@@PAUHWND__@@PAU1@0H@Z 10004630 f   ConEmuCheck.obj
 0001:000036c0       ?ExecuteSrvCmd@@YIPAUCESERVER_REQ@@KPAU1@PAUHWND__@@HK@Z 100046c0 f   ConEmuCheck.obj
 0001:00003760       ?ExecuteHkCmd@@YIPAUCESERVER_REQ@@KPAU1@PAUHWND__@@H@Z 10004760 f   ConEmuCheck.obj
 0001:00003800       ?ExecuteCmd@@YIPAUCESERVER_REQ@@PB_WPAU1@KPAUHWND__@@HK@Z 10004800 f   ConEmuCheck.obj
 0001:00003b20       ?ExecuteFreeResult@@YIXAAPAUCESERVER_REQ@@@Z 10004b20 f   ConEmuCheck.obj
 0001:00003b60       ?AllocateSendCurrentDirectory@@YI_NAAPAUCESERVER_REQ@@AAKPB_W2@Z 10004b60 f   ConEmuCheck.obj
 0001:00003c70       ?SendCurrentDirectory@@YIXPAUHWND__@@PB_W1@Z 10004c70 f   ConEmuCheck.obj
 0001:00003cd0       ?myGetConsoleWindow@@YIPAUHWND__@@XZ 10004cd0 f   ConEmuCheck.obj
 0001:00003d50       ?GetConEmuHWND@@YIPAUHWND__@@H@Z 10004d50 f   ConEmuCheck.obj
 0001:00003f00       ??BHWND2@@QBEPAUHWND__@@XZ 10004f00 f i ConEmuCheck.obj
 0001:00003f10       ??BHWND2@@QBEKXZ           10004f10 f i ConEmuCheck.obj
 0001:00003f20       ?ConEmuCheck@@YIHPAPAUHWND__@@@Z 10004f20 f   ConEmuCheck.obj
 0001:00003f60       ?GuiMessageBox@@YIHPAUHWND__@@PB_W1H@Z 10004f60 f   ConEmuCheck.obj
 0001:00004120       ?InitName@?$MFileMapping@UCESERVER_CONSOLE_MAPPING_HDR@@@@QAEPB_WPB_WKK@Z 10005120 f i ConEmuCheck.obj
 0001:00004170       ?CloseMap@?$MFileMapping@UCESERVER_CONSOLE_MAPPING_HDR@@@@QAEXXZ 10005170 f i ConEmuCheck.obj
 0001:000041e0       ?Open@?$MFileMapping@UCESERVER_CONSOLE_MAPPING_HDR@@@@QAEPAUCESERVER_CONSOLE_MAPPING_HDR@@HH@Z 100051e0 f i ConEmuCheck.obj
 0001:00004200       ??0?$MFileMapping@UCESERVER_CONSOLE_MAPPING_HDR@@@@QAE@XZ 10005200 f i ConEmuCheck.obj
 0001:00004260       ??1?$MFileMapping@UCESERVER_CONSOLE_MAPPING_HDR@@@@QAE@XZ 10005260 f i ConEmuCheck.obj
 0001:00004280       ?InitName@?$MFileMapping@UConEmuGuiMapping@@@@QAEPB_WPB_WKK@Z 10005280 f i ConEmuCheck.obj
 0001:000042d0       ?CloseMap@?$MFileMapping@UConEmuGuiMapping@@@@QAEXXZ 100052d0 f i ConEmuCheck.obj
 0001:00004340       ?Open@?$MFileMapping@UConEmuGuiMapping@@@@QAEPAUConEmuGuiMapping@@HH@Z 10005340 f i ConEmuCheck.obj
 0001:00004360       ??0?$MFileMapping@UConEmuGuiMapping@@@@QAE@XZ 10005360 f i ConEmuCheck.obj
 0001:000043c0       ??1?$MFileMapping@UConEmuGuiMapping@@@@QAE@XZ 100053c0 f i ConEmuCheck.obj
 0001:000043e0       ?ClosePtr@?$MFileMapping@UCESERVER_CONSOLE_MAPPING_HDR@@@@QAEXXZ 100053e0 f i ConEmuCheck.obj
 0001:00004410       ?InternalOpenCreate@?$MFileMapping@UCESERVER_CONSOLE_MAPPING_HDR@@@@IAEPAUCESERVER_CONSOLE_MAPPING_HDR@@HHH@Z 10005410 f i ConEmuCheck.obj
 0001:000045f0       ?ClosePtr@?$MFileMapping@UConEmuGuiMapping@@@@QAEXXZ 100055f0 f i ConEmuCheck.obj
 0001:00004620       ?InternalOpenCreate@?$MFileMapping@UConEmuGuiMapping@@@@IAEPAUConEmuGuiMapping@@HHH@Z 10005620 f i ConEmuCheck.obj
 0001:00004800       ??$wcscpy_c@$0CA@@@YIHAAY0CA@_WPB_W@Z 10005800 f i ConEmuCheck.obj
 0001:00004830       ??$wcscpy_c@$0CAI@@@YIHAAY0CAI@_WPB_W@Z 10005830 f i ConEmuCheck.obj
 0001:00004860       ?LoadGuiMapping@@YIHPAUHWND__@@AAUConEmuGuiMapping@@@Z 10005860 f   ConEmuCheckEx.obj
 0001:000048a0       ?IsConEmuExeExist@@YIHPB_WAAY0BAF@_W@Z 100058a0 f   ConEmuCheckEx.obj
 0001:00004950       ?FindConEmuBaseDir@@YIHAAY0BAF@_W0PAUHINSTANCE__@@@Z 10005950 f   ConEmuCheckEx.obj
 0001:00004ef0       ??$wcscpy_c@$0BAF@@@YIHAAY0BAF@_WPB_W@Z 10005ef0 f i ConEmuCheckEx.obj
 0001:00005000       ??$wcscpy_add@$0BAF@@@YIHPA_WAAY0BAF@_WPB_W@Z 10006000 f i ConEmuCheckEx.obj
 0001:00005050       ??$wcscat_c@$0BAF@@@YIHAAY0BAF@_WPB_W@Z 10006050 f i ConEmuCheckEx.obj
 0001:00005080       ?StringCchCatW@@YGJPA_WIPB_W@Z 10006080 f i ConEmuCheckEx.obj
 0001:000051a0       ?StartupHooks@@YI_NPAUHINSTANCE__@@@Z 100061a0 f   ConEmuInjects.obj
 0001:00005570       ?ShutdownHooks@@YIXXZ      10006570 f   ConEmuInjects.obj
 0001:00005720       ??$wcscpy_c@$0EA@@@YIHAAY0EA@_WPB_W@Z 10006720 f i ConEmuInjects.obj
 0001:00005830       _DllMain@12                10006830 f   ConEmuPlugin.obj
 0001:00005870       ?GetPluginInfo@@YGXPAX@Z   10006870 f   ConEmuPlugin.obj
 0001:000058e0       ?GetPluginInfoW@@YGXPAX@Z  100068e0 f   ConEmuPlugin.obj
 0001:00005910       ?IsConsoleActive@@YGHXZ    10006910 f   ConEmuPlugin.obj
 0001:00005970       ?GetFarHWND2@@YGPAUHWND__@@H@Z 10006970 f   ConEmuPlugin.obj
 0001:000059e0       ?GetFarHWND@@YGPAUHWND__@@XZ 100069e0 f   ConEmuPlugin.obj
 0001:000059f0       ?IsTerminalMode@@YGHXZ     100069f0 f   ConEmuPlugin.obj
 0001:00005a00       ?GetFarVersion@@YGXPAUFarVersion@@@Z 10006a00 f   ConEmuPlugin.obj
 0001:00005a30       ?RegisterPanelView@@YGHPAUPanelViewInit@@@Z 10006a30 f   ConEmuPlugin.obj
 0001:00005c20       ?RegisterBackground@@YGHPAURegisterBackgroundArg@@@Z 10006c20 f   ConEmuPlugin.obj
 0001:00005cb0       ?SyncExecute@@YGHPAUHINSTANCE__@@P6GXJ@ZJ@Z 10006cb0 f   ConEmuPlugin.obj
 0001:00005d00       ?ActivateConsole@@YGHXZ    10006d00 f   ConEmuPlugin.obj
 0001:00005d90       ??4HWND2@@QAEAAU0@PAUHWND__@@@Z 10006d90 f i ConEmuPlugin.obj
 0001:00005db0       ?SetStartupInfo@@YGXPAX@Z  10006db0 f   ConEmuPlugin.obj
 0001:00005e20       _SetStartupInfoW@4         10006e20 f   ConEmuPlugin.obj
 0001:00005e50       ?GetMinFarVersion@@YGHXZ   10006e50 f   ConEmuPlugin.obj
 0001:00005ea0       _GetMinFarVersionW@0       10006ea0 f   ConEmuPlugin.obj
 0001:00005eb0       _ProcessSynchroEventW@8    10006eb0 f   ConEmuPlugin.obj
 0001:00005ed0       ?ProcessSynchroEventW3@@YGHPAX@Z 10006ed0 f   ConEmuPlugin.obj
 0001:00005f00       ?ProcessEditorEvent@@YGHHPAX@Z 10006f00 f   ConEmuPlugin.obj
 0001:00005f20       _ProcessEditorEventW@8     10006f20 f   ConEmuPlugin.obj
 0001:00005f40       ?ProcessEditorEventW3@@YGHPAX@Z 10006f40 f   ConEmuPlugin.obj
 0001:00005f70       ?ProcessViewerEvent@@YGHHPAX@Z 10006f70 f   ConEmuPlugin.obj
 0001:00005f90       _ProcessViewerEventW@8     10006f90 f   ConEmuPlugin.obj
 0001:00005fb0       ?ProcessViewerEventW3@@YGHPAX@Z 10006fb0 f   ConEmuPlugin.obj
 0001:00005fe0       ?ProcessEditorInput@@YGHPBU_INPUT_RECORD@@@Z 10006fe0 f   ConEmuPlugin.obj
 0001:00006000       _ProcessEditorInputW@4     10007000 f   ConEmuPlugin.obj
 0001:00006030       ?OpenPlugin@@YGPAXHH@Z     10007030 f   ConEmuPlugin.obj
 0001:00006050       _OpenPluginW@8             10007050 f   ConEmuPlugin.obj
 0001:00006090       ?OpenW@@YGPAXPBX@Z         10007090 f   ConEmuPlugin.obj
 0001:000060c0       ?ExitFAR@@YGXXZ            100070c0 f   ConEmuPlugin.obj
 0001:00006110       _ExitFARW@0                10007110 f   ConEmuPlugin.obj
 0001:00006160       ?ExitFARW3@@YGXPAX@Z       10007160 f   ConEmuPlugin.obj
 0001:000061b0       ?SetupExportsFar3@@YIXXZ   100071b0 f   ConEmuPlugin.obj
 0001:000063d0       ?_calloc@@YIPAXII@Z        100073d0 f   ConEmuPlugin.obj
 0001:000063f0       ?_malloc@@YIPAXI@Z         100073f0 f   ConEmuPlugin.obj
 0001:00006410       ?_free@@YIXPAX@Z           10007410 f   ConEmuPlugin.obj
 0001:00006430       ??0CPluginW1900@@QAE@XZ    10007430 f   ConEmuPlugin1900.obj
 0001:000066c0       ??_ECPluginW1900@@UAEPAXI@Z 100076c0 f i ConEmuPlugin1900.obj
 0001:000066c0       ??_GCPluginW1900@@UAEPAXI@Z 100076c0 f i ConEmuPlugin1900.obj
 0001:000066f0       ??1CPluginW1900@@UAE@XZ    100076f0 f i ConEmuPlugin1900.obj
 0001:00006710       ?ProcessEditorEventPtr@CPluginW1900@@UAEHPAX@Z 10007710 f   ConEmuPlugin1900.obj
 0001:00006740       ?ProcessViewerEventPtr@CPluginW1900@@UAEHPAX@Z 10007740 f   ConEmuPlugin1900.obj
 0001:00006770       ?ProcessSynchroEventPtr@CPluginW1900@@UAEHPAX@Z 10007770 f   ConEmuPlugin1900.obj
 0001:000067a0       ?GetPanelDir@CPluginW1900@@UAEPA_WKPA_WH@Z 100077a0 f   ConEmuPlugin1900.obj
 0001:00006930       ?GetPanelInfo@CPluginW1900@@UAE_NKPAUCEPanelInfo@@@Z 10007930 f   ConEmuPlugin1900.obj
 0001:00006db0       ?GetPanelItemInfo@CPluginW1900@@UAE_NABUCEPanelInfo@@_NHAAU_WIN32_FIND_DATAW@@PAPA_W@Z 10007db0 f   ConEmuPlugin1900.obj
 0001:00006fe0       ?PanelControlApi@CPluginW1900@@UAEHPAXHH0@Z 10007fe0 f   ConEmuPlugin1900.obj
 0001:00007030       ?GetPluginInfoPtr@CPluginW1900@@UAEXPAX@Z 10008030 f   ConEmuPlugin1900.obj
 0001:000070b0       ?SetStartupInfoPtr@CPluginW1900@@UAEXPAX@Z 100080b0 f   ConEmuPlugin1900.obj
 0001:00007220       ?GetEditorModifiedState@CPluginW1900@@UAEKXZ 10008220 f   ConEmuPlugin1900.obj
 0001:00007260       ?ProcessEditorInputPtr@CPluginW1900@@UAEHPBX@Z 10008260 f   ConEmuPlugin1900.obj
 0001:000072a0       ?GetWindowCount@CPluginW1900@@UAEHXZ 100082a0 f   ConEmuPlugin1900.obj
 0001:000072f0       ?UpdateConEmuTabsApi@CPluginW1900@@UAE_NH@Z 100082f0 f   ConEmuPlugin1900.obj
 0001:000078d0       ?ExitFar@CPluginW1900@@UAEXXZ 100088d0 f   ConEmuPlugin1900.obj
 0001:00007960       ?ShowMessage@CPluginW1900@@UAEHPB_WH_N@Z 10008960 f   ConEmuPlugin1900.obj
 0001:00007a10       ?GetMsg@CPluginW1900@@UAEPB_WHPA_WI@Z 10008a10 f   ConEmuPlugin1900.obj
 0001:00007a90       ?SetWindow@CPluginW1900@@UAEXH@Z 10008a90 f   ConEmuPlugin1900.obj
 0001:00007af0       ?PostMacroApi@CPluginW1900@@UAEXPB_WPAU_INPUT_RECORD@@_N@Z 10008af0 f   ConEmuPlugin1900.obj
 0001:00008240       ?wcsstr@@YAPA_WPA_WPB_W@Z  10009240 f i ConEmuPlugin1900.obj
 0001:00008260       ?ShowPluginMenu@CPluginW1900@@UAEHPAUConEmuPluginMenuItem@@HH@Z 10009260 f   ConEmuPlugin1900.obj
 0001:00008450       ?OpenEditor@CPluginW1900@@UAE_NPB_W_N11HH@Z 10009450 f   ConEmuPlugin1900.obj
 0001:000085a0       ?ExecuteSynchroApi@CPluginW1900@@UAE_NXZ 100095a0 f   ConEmuPlugin1900.obj
 0001:000085e0       ?WaitEndSynchro@CPluginW1900@@UAEXXZ 100095e0 f   ConEmuPlugin1900.obj
 0001:000085f0       ?StopWaitEndSynchro@CPluginW1900@@UAEXXZ 100095f0 f   ConEmuPlugin1900.obj
 0001:00008600       ?IsMacroActive@CPluginW1900@@UAE_NXZ 10009600 f   ConEmuPlugin1900.obj
 0001:00008650       ?GetMacroArea@CPluginW1900@@UAEHXZ 10009650 f   ConEmuPlugin1900.obj
 0001:00008680       ?RedrawAll@CPluginW1900@@UAEXXZ 10009680 f   ConEmuPlugin1900.obj
 0001:000086c0       ?InputBox@CPluginW1900@@UAE_NPB_W000AAPA_W@Z 100096c0 f   ConEmuPlugin1900.obj
 0001:00008740       ?ShowUserScreen@CPluginW1900@@UAEX_N@Z 10009740 f   ConEmuPlugin1900.obj
 0001:00008790       ?LoadFarColors@CPluginW1900@@UAEXAAY0BAA@E@Z 10009790 f   ConEmuPlugin1900.obj
 0001:00008920       ?FarColor_3_2@@YIEABUFarColor@@@Z 10009920 f i ConEmuPlugin1900.obj
 0001:00008a30       ?Color2FgIndex@Far3Color@@SIXKAAGPBK@Z 10009a30 f i ConEmuPlugin1900.obj
 0001:00008b70       ?Max@Far3Color@@SIHHH@Z    10009b70 f i ConEmuPlugin1900.obj
 0001:00008ba0       ?GetStdIndex@Far3Color@@SIHKPBK@Z 10009ba0 f i ConEmuPlugin1900.obj
 0001:00008c00       ?GetStdPalette@Far3Color@@SIPBKXZ 10009c00 f i ConEmuPlugin1900.obj
 0001:00008c10       ?Color2BgIndex@Far3Color@@SIXKHAAGPBK@Z 10009c10 f i ConEmuPlugin1900.obj
 0001:00008d80       ?LoadFarSettings@CPluginW1900@@UAEXPAUCEFarInterfaceSettings@@PAUCEFarPanelSettings@@@Z 10009d80 f   ConEmuPlugin1900.obj
 0001:00008f90       ?GetFarRect@CPluginW1900@@UAE_NAAU_SMALL_RECT@@@Z 10009f90 f   ConEmuPlugin1900.obj
 0001:00009000       ?CheckPanelExist@CPluginW1900@@UAE_NXZ 1000a000 f   ConEmuPlugin1900.obj
 0001:00009050       ?GetActiveWindowType@CPluginW1900@@UAEHXZ 1000a050 f   ConEmuPlugin1900.obj
 0001:00009110       ?GetWindowTypeName@CPluginW1900@@UAEPB_WH@Z 1000a110 f   ConEmuPlugin1900.obj
 0001:000091a0       ?GuiMacroDlg@CPluginW1900@@UAEXXZ 1000a1a0 f   ConEmuPlugin1900.obj
 0001:00009780       ?Open@CPluginW1900@@UAEPAXPBX@Z 1000a780 f   ConEmuPlugin1900.obj
 0001:00009920       _GetGlobalInfoW@4          1000a920 f   ConEmuPlugin2800.obj
 0001:00009b00       ??0CPluginW2800@@QAE@XZ    1000ab00 f   ConEmuPlugin2800.obj
 0001:00009d90       ??_GCPluginW2800@@UAEPAXI@Z 1000ad90 f i ConEmuPlugin2800.obj
 0001:00009d90       ??_ECPluginW2800@@UAEPAXI@Z 1000ad90 f i ConEmuPlugin2800.obj
 0001:00009dc0       ??1CPluginW2800@@UAE@XZ    1000adc0 f i ConEmuPlugin2800.obj
 0001:00009de0       ?GetPanelDir@CPluginW2800@@UAEPA_WKPA_WH@Z 1000ade0 f   ConEmuPlugin2800.obj
 0001:00009f70       ?GetPanelInfo@CPluginW2800@@UAE_NKPAUCEPanelInfo@@@Z 1000af70 f   ConEmuPlugin2800.obj
 0001:0000a3f0       ?GetPanelItemInfo@CPluginW2800@@UAE_NABUCEPanelInfo@@_NHAAU_WIN32_FIND_DATAW@@PAPA_W@Z 1000b3f0 f   ConEmuPlugin2800.obj
 0001:0000a620       ?PanelControlApi@CPluginW2800@@UAEHPAXHH0@Z 1000b620 f   ConEmuPlugin2800.obj
 0001:0000a670       ?GetPluginInfoPtr@CPluginW2800@@UAEXPAX@Z 1000b670 f   ConEmuPlugin2800.obj
 0001:0000a6f0       ?SetStartupInfoPtr@CPluginW2800@@UAEXPAX@Z 1000b6f0 f   ConEmuPlugin2800.obj
 0001:0000a860       ?GetEditorModifiedState@CPluginW2800@@UAEKXZ 1000b860 f   ConEmuPlugin2800.obj
 0001:0000a8a0       ?ProcessEditorEventPtr@CPluginW2800@@UAEHPAX@Z 1000b8a0 f   ConEmuPlugin2800.obj
 0001:0000a8d0       ?ProcessViewerEventPtr@CPluginW2800@@UAEHPAX@Z 1000b8d0 f   ConEmuPlugin2800.obj
 0001:0000a900       ?ProcessSynchroEventPtr@CPluginW2800@@UAEHPAX@Z 1000b900 f   ConEmuPlugin2800.obj
 0001:0000a930       ?ProcessEditorInputPtr@CPluginW2800@@UAEHPBX@Z 1000b930 f   ConEmuPlugin2800.obj
 0001:0000a970       ?GetWindowCount@CPluginW2800@@UAEHXZ 1000b970 f   ConEmuPlugin2800.obj
 0001:0000a9c0       ?UpdateConEmuTabsApi@CPluginW2800@@UAE_NH@Z 1000b9c0 f   ConEmuPlugin2800.obj
 0001:0000b250       ?ExitFar@CPluginW2800@@UAEXXZ 1000c250 f   ConEmuPlugin2800.obj
 0001:0000b2e0       ?ShowMessage@CPluginW2800@@UAEHPB_WH_N@Z 1000c2e0 f   ConEmuPlugin2800.obj
 0001:0000b390       ?GetMsg@CPluginW2800@@UAEPB_WHPA_WI@Z 1000c390 f   ConEmuPlugin2800.obj
 0001:0000b410       ?SetWindow@CPluginW2800@@UAEXH@Z 1000c410 f   ConEmuPlugin2800.obj
 0001:0000b470       ?PostMacroApi@CPluginW2800@@UAEXPB_WPAU_INPUT_RECORD@@_N@Z 1000c470 f   ConEmuPlugin2800.obj
 0001:0000b810       ?ShowPluginMenu@CPluginW2800@@UAEHPAUConEmuPluginMenuItem@@HH@Z 1000c810 f   ConEmuPlugin2800.obj
 0001:0000ba00       ?OpenEditor@CPluginW2800@@UAE_NPB_W_N11HH@Z 1000ca00 f   ConEmuPlugin2800.obj
 0001:0000bb50       ?ExecuteSynchroApi@CPluginW2800@@UAE_NXZ 1000cb50 f   ConEmuPlugin2800.obj
 0001:0000bb90       ?WaitEndSynchro@CPluginW2800@@UAEXXZ 1000cb90 f   ConEmuPlugin2800.obj
 0001:0000bba0       ?StopWaitEndSynchro@CPluginW2800@@UAEXXZ 1000cba0 f   ConEmuPlugin2800.obj
 0001:0000bbb0       ?IsMacroActive@CPluginW2800@@UAE_NXZ 1000cbb0 f   ConEmuPlugin2800.obj
 0001:0000bc00       ?GetMacroArea@CPluginW2800@@UAEHXZ 1000cc00 f   ConEmuPlugin2800.obj
 0001:0000bc30       ?RedrawAll@CPluginW2800@@UAEXXZ 1000cc30 f   ConEmuPlugin2800.obj
 0001:0000bc70       ?InputBox@CPluginW2800@@UAE_NPB_W000AAPA_W@Z 1000cc70 f   ConEmuPlugin2800.obj
 0001:0000bcf0       ?ShowUserScreen@CPluginW2800@@UAEX_N@Z 1000ccf0 f   ConEmuPlugin2800.obj
 0001:0000bd40       ?LoadFarColors@CPluginW2800@@UAEXAAY0BAA@E@Z 1000cd40 f   ConEmuPlugin2800.obj
 0001:0000bed0       ?LoadFarSettings@CPluginW2800@@UAEXPAUCEFarInterfaceSettings@@PAUCEFarPanelSettings@@@Z 1000ced0 f   ConEmuPlugin2800.obj
 0001:0000c0e0       ?GetFarRect@CPluginW2800@@UAE_NAAU_SMALL_RECT@@@Z 1000d0e0 f   ConEmuPlugin2800.obj
 0001:0000c150       ?CheckPanelExist@CPluginW2800@@UAE_NXZ 1000d150 f   ConEmuPlugin2800.obj
 0001:0000c1a0       ?GetActiveWindowType@CPluginW2800@@UAEHXZ 1000d1a0 f   ConEmuPlugin2800.obj
 0001:0000c270       ?GetWindowTypeName@CPluginW2800@@UAEPB_WH@Z 1000d270 f   ConEmuPlugin2800.obj
 0001:0000c300       ?GuiMacroDlg@CPluginW2800@@UAEXXZ 1000d300 f   ConEmuPlugin2800.obj
 0001:0000c870       ?Open@CPluginW2800@@UAEPAXPBX@Z 1000d870 f   ConEmuPlugin2800.obj
 0001:0000caa0       ??0FarMacroValue@@QAE@XZ   1000daa0 f i ConEmuPlugin2800.obj
 0001:0000cae0       ??0?$MArray@UWindowInfo@@@@QAE@XZ 1000dae0 f i ConEmuPlugin2800.obj
 0001:0000cb20       ??1?$MArray@UWindowInfo@@@@QAE@XZ 1000db20 f i ConEmuPlugin2800.obj
 0001:0000cb40       ??A?$MArray@UWindowInfo@@@@QBEABUWindowInfo@@H@Z 1000db40 f i ConEmuPlugin2800.obj
 0001:0000cb60       ??A?$MArray@UWindowInfo@@@@QAEAAUWindowInfo@@H@Z 1000db60 f i ConEmuPlugin2800.obj
 0001:0000cb80       ?push_back@?$MArray@UWindowInfo@@@@QAEHABUWindowInfo@@@Z 1000db80 f i ConEmuPlugin2800.obj
 0001:0000cc10       ?insert@?$MArray@UWindowInfo@@@@QAEXHABUWindowInfo@@@Z 1000dc10 f i ConEmuPlugin2800.obj
 0001:0000ccd0       ?erase@?$MArray@UWindowInfo@@@@QAEXH@Z 1000dcd0 f i ConEmuPlugin2800.obj
 0001:0000cd60       ?size@?$MArray@UWindowInfo@@@@QBEHXZ 1000dd60 f i ConEmuPlugin2800.obj
 0001:0000cd80       ?clear@?$MArray@UWindowInfo@@@@QAEXXZ 1000dd80 f i ConEmuPlugin2800.obj
 0001:0000cdd0       ?addsize@?$MArray@UWindowInfo@@@@QAEXH@Z 1000ddd0 f i ConEmuPlugin2800.obj
 0001:0000cec0       ??0CPluginW995@@QAE@XZ     1000dec0 f   ConEmuPlugin995.obj
 0001:0000d150       ?Open@CPluginW995@@UAEPAXPBX@Z 1000e150 f i ConEmuPlugin995.obj
 0001:0000d170       ?ProcessEditorEventPtr@CPluginW995@@UAEHPAX@Z 1000e170 f i ConEmuPlugin995.obj
 0001:0000d180       ?ProcessSynchroEventPtr@CPluginW995@@UAEHPAX@Z 1000e180 f i ConEmuPlugin995.obj
 0001:0000d190       ?ProcessViewerEventPtr@CPluginW995@@UAEHPAX@Z 1000e190 f i ConEmuPlugin995.obj
 0001:0000d1a0       ??_ECPluginW995@@UAEPAXI@Z 1000e1a0 f i ConEmuPlugin995.obj
 0001:0000d1a0       ??_GCPluginW995@@UAEPAXI@Z 1000e1a0 f i ConEmuPlugin995.obj
 0001:0000d1d0       ??1CPluginW995@@UAE@XZ     1000e1d0 f i ConEmuPlugin995.obj
 0001:0000d1f0       ?GetPanelDir@CPluginW995@@UAEPA_WKPA_WH@Z 1000e1f0 f   ConEmuPlugin995.obj
 0001:0000d320       ?GetPanelInfo@CPluginW995@@UAE_NKPAUCEPanelInfo@@@Z 1000e320 f   ConEmuPlugin995.obj
 0001:0000d600       ?GetPanelItemInfo@CPluginW995@@UAE_NABUCEPanelInfo@@_NHAAU_WIN32_FIND_DATAW@@PAPA_W@Z 1000e600 f   ConEmuPlugin995.obj
 0001:0000d810       ?PanelControlApi@CPluginW995@@UAEHPAXHH0@Z 1000e810 f   ConEmuPlugin995.obj
 0001:0000d860       ?GetPluginInfoPtr@CPluginW995@@UAEXPAX@Z 1000e860 f   ConEmuPlugin995.obj
 0001:0000d900       ?SetStartupInfoPtr@CPluginW995@@UAEXPAX@Z 1000e900 f   ConEmuPlugin995.obj
 0001:0000dab0       ?GetEditorModifiedState@CPluginW995@@UAEKXZ 1000eab0 f   ConEmuPlugin995.obj
 0001:0000daf0       ?ProcessEditorInputPtr@CPluginW995@@UAEHPBX@Z 1000eaf0 f   ConEmuPlugin995.obj
 0001:0000db20       ?GetWindowCount@CPluginW995@@UAEHXZ 1000eb20 f   ConEmuPlugin995.obj
 0001:0000db70       ?UpdateConEmuTabsApi@CPluginW995@@UAE_NH@Z 1000eb70 f   ConEmuPlugin995.obj
 0001:0000de50       ?ExitFar@CPluginW995@@UAEXXZ 1000ee50 f   ConEmuPlugin995.obj
 0001:0000dee0       ?ShowMessage@CPluginW995@@UAEHPB_WH_N@Z 1000eee0 f   ConEmuPlugin995.obj
 0001:0000df60       ?GetMsg@CPluginW995@@UAEPB_WHPA_WI@Z 1000ef60 f   ConEmuPlugin995.obj
 0001:0000dfe0       ?SetWindow@CPluginW995@@UAEXH@Z 1000efe0 f   ConEmuPlugin995.obj
 0001:0000e040       ?PostMacroApi@CPluginW995@@UAEXPB_WPAU_INPUT_RECORD@@_N@Z 1000f040 f   ConEmuPlugin995.obj
 0001:0000e110       ?ShowPluginMenu@CPluginW995@@UAEHPAUConEmuPluginMenuItem@@HH@Z 1000f110 f   ConEmuPlugin995.obj
 0001:0000e2a0       ?OpenEditor@CPluginW995@@UAE_NPB_W_N11HH@Z 1000f2a0 f   ConEmuPlugin995.obj
 0001:0000e3c0       ?ExecuteSynchroApi@CPluginW995@@UAE_NXZ 1000f3c0 f   ConEmuPlugin995.obj
 0001:0000e400       ?WaitEndSynchro@CPluginW995@@UAEXXZ 1000f400 f   ConEmuPlugin995.obj
 0001:0000e5b0       ?StopWaitEndSynchro@CPluginW995@@UAEXXZ 1000f5b0 f   ConEmuPlugin995.obj
 0001:0000e5e0       ?IsMacroActive@CPluginW995@@UAE_NXZ 1000f5e0 f   ConEmuPlugin995.obj
 0001:0000e640       ?GetMacroArea@CPluginW995@@UAEHXZ 1000f640 f   ConEmuPlugin995.obj
 0001:0000e680       ?RedrawAll@CPluginW995@@UAEXXZ 1000f680 f   ConEmuPlugin995.obj
 0001:0000e6c0       ?InputBox@CPluginW995@@UAE_NPB_W000AAPA_W@Z 1000f6c0 f   ConEmuPlugin995.obj
 0001:0000e730       ?ShowUserScreen@CPluginW995@@UAEX_N@Z 1000f730 f   ConEmuPlugin995.obj
 0001:0000e780       ?LoadFarColors@CPluginW995@@UAEXAAY0BAA@E@Z 1000f780 f   ConEmuPlugin995.obj
 0001:0000e850       ?LoadFarSettings@CPluginW995@@UAEXPAUCEFarInterfaceSettings@@PAUCEFarPanelSettings@@@Z 1000f850 f   ConEmuPlugin995.obj
 0001:0000e8c0       ?GetFarRect@CPluginW995@@UAE_NAAU_SMALL_RECT@@@Z 1000f8c0 f   ConEmuPlugin995.obj
 0001:0000e930       ?CheckPanelExist@CPluginW995@@UAE_NXZ 1000f930 f   ConEmuPlugin995.obj
 0001:0000e980       ?GetActiveWindowType@CPluginW995@@UAEHXZ 1000f980 f   ConEmuPlugin995.obj
 0001:0000ea50       ?GetWindowTypeName@CPluginW995@@UAEPB_WH@Z 1000fa50 f   ConEmuPlugin995.obj
 0001:0000eae0       ?GuiMacroDlg@CPluginW995@@UAEXXZ 1000fae0 f   ConEmuPlugin995.obj
 0001:0000f030       ??0CPluginAnsi@@QAE@XZ     10010030 f   ConEmuPluginA.obj
 0001:0000f290       ?ExecuteSynchroApi@CPluginAnsi@@UAE_NXZ 10010290 f i ConEmuPluginA.obj
 0001:0000f2a0       ?GetFarRect@CPluginAnsi@@UAE_NAAU_SMALL_RECT@@@Z 100102a0 f i ConEmuPluginA.obj
 0001:0000f2b0       ?Open@CPluginAnsi@@UAEPAXPBX@Z 100102b0 f i ConEmuPluginA.obj
 0001:0000f2d0       ?ProcessEditorEventPtr@CPluginAnsi@@UAEHPAX@Z 100102d0 f i ConEmuPluginA.obj
 0001:0000f2e0       ?ProcessEditorInputPtr@CPluginAnsi@@UAEHPBX@Z 100102e0 f i ConEmuPluginA.obj
 0001:0000f2f0       ?ProcessSynchroEventPtr@CPluginAnsi@@UAEHPAX@Z 100102f0 f i ConEmuPluginA.obj
 0001:0000f300       ?ProcessViewerEventPtr@CPluginAnsi@@UAEHPAX@Z 10010300 f i ConEmuPluginA.obj
 0001:0000f310       ?StopWaitEndSynchro@CPluginAnsi@@UAEXXZ 10010310 f i ConEmuPluginA.obj
 0001:0000f320       ?WaitEndSynchro@CPluginAnsi@@UAEXXZ 10010320 f i ConEmuPluginA.obj
 0001:0000f330       ??_GCPluginAnsi@@UAEPAXI@Z 10010330 f i ConEmuPluginA.obj
 0001:0000f330       ??_ECPluginAnsi@@UAEPAXI@Z 10010330 f i ConEmuPluginA.obj
 0001:0000f360       ??1CPluginAnsi@@UAE@XZ     10010360 f i ConEmuPluginA.obj
 0001:0000f380       ?GetPanelDir@CPluginAnsi@@UAEPA_WKPA_WH@Z 10010380 f   ConEmuPluginA.obj
 0001:0000f480       ?GetPanelInfo@CPluginAnsi@@UAE_NKPAUCEPanelInfo@@@Z 10010480 f   ConEmuPluginA.obj
 0001:0000f760       ?GetPanelItemInfo@CPluginAnsi@@UAE_NABUCEPanelInfo@@_NHAAU_WIN32_FIND_DATAW@@PAPA_W@Z 10010760 f   ConEmuPluginA.obj
 0001:0000f8e0       ?PanelControlApi@CPluginAnsi@@UAEHPAXHH0@Z 100108e0 f   ConEmuPluginA.obj
 0001:0000f930       ?SetStartupInfoPtr@CPluginAnsi@@UAEXPAX@Z 10010930 f   ConEmuPluginA.obj
 0001:0000faf0       ?GetPluginInfoPtr@CPluginAnsi@@UAEXPAX@Z 10010af0 f   ConEmuPluginA.obj
 0001:0000fba0       ?GetEditorModifiedState@CPluginAnsi@@UAEKXZ 10010ba0 f   ConEmuPluginA.obj
 0001:0000fbe0       ?GetWindowCount@CPluginAnsi@@UAEHXZ 10010be0 f   ConEmuPluginA.obj
 0001:0000fc30       ?UpdateConEmuTabsApi@CPluginAnsi@@UAE_NH@Z 10010c30 f   ConEmuPluginA.obj
 0001:0000fef0       ?ExitFar@CPluginAnsi@@UAEXXZ 10010ef0 f   ConEmuPluginA.obj
 0001:0000ff50       ?SetWindow@CPluginAnsi@@UAEXH@Z 10010f50 f   ConEmuPluginA.obj
 0001:0000ffc0       ?PostMacroApi@CPluginAnsi@@UAEXPB_WPAU_INPUT_RECORD@@_N@Z 10010fc0 f   ConEmuPluginA.obj
 0001:000100b0       ?ShowPluginMenu@CPluginAnsi@@UAEHPAUConEmuPluginMenuItem@@HH@Z 100110b0 f   ConEmuPluginA.obj
 0001:000102a0       ?OpenEditor@CPluginAnsi@@UAE_NPB_W_N11HH@Z 100112a0 f   ConEmuPluginA.obj
 0001:00010400       ?ShowMessage@CPluginAnsi@@UAEHPB_WH_N@Z 10011400 f   ConEmuPluginA.obj
 0001:000104d0       ?GetMsg@CPluginAnsi@@UAEPB_WHPA_WI@Z 100114d0 f   ConEmuPluginA.obj
 0001:00010590       ?IsMacroActive@CPluginAnsi@@UAE_NXZ 10011590 f   ConEmuPluginA.obj
 0001:00010600       ?GetMacroArea@CPluginAnsi@@UAEHXZ 10011600 f   ConEmuPluginA.obj
 0001:00010610       ?RedrawAll@CPluginAnsi@@UAEXXZ 10011610 f   ConEmuPluginA.obj
 0001:00010650       ?InputBox@CPluginAnsi@@UAE_NPB_W000AAPA_W@Z 10011650 f   ConEmuPluginA.obj
 0001:00010780       ?ShowUserScreen@CPluginAnsi@@UAEX_N@Z 10011780 f   ConEmuPluginA.obj
 0001:000107d0       ?LoadFarColors@CPluginAnsi@@UAEXAAY0BAA@E@Z 100117d0 f   ConEmuPluginA.obj
 0001:000108a0       ?LoadFarSettings@CPluginAnsi@@UAEXPAUCEFarInterfaceSettings@@PAUCEFarPanelSettings@@@Z 100118a0 f   ConEmuPluginA.obj
 0001:00010910       ?CheckPanelExist@CPluginAnsi@@UAE_NXZ 10011910 f   ConEmuPluginA.obj
 0001:00010960       ?GetActiveWindowType@CPluginAnsi@@UAEHXZ 10011960 f   ConEmuPluginA.obj
 0001:000109e0       ?GetWindowTypeName@CPluginAnsi@@UAEPB_WH@Z 100119e0 f   ConEmuPluginA.obj
 0001:00010a70       ?GuiMacroDlg@CPluginAnsi@@UAEXXZ 10011a70 f   ConEmuPluginA.obj
 0001:000110c0       ?Plugin@@YIPAVCPluginBase@@XZ 100120c0 f   ConEmuPluginBase.obj
 0001:000111f0       ??0CPluginBase@@QAE@XZ     100121f0 f   ConEmuPluginBase.obj
 0001:000114a0       ??_GCPluginBase@@UAEPAXI@Z 100124a0 f i ConEmuPluginBase.obj
 0001:000114a0       ??_ECPluginBase@@UAEPAXI@Z 100124a0 f i ConEmuPluginBase.obj
 0001:000114d0       ??1CPluginBase@@UAE@XZ     100124d0 f   ConEmuPluginBase.obj
 0001:000114f0       ?DllMain_ProcessAttach@CPluginBase@@KIXPAUHINSTANCE__@@@Z 100124f0 f   ConEmuPluginBase.obj
 0001:000115e0       ?DllMain_ProcessDetach@CPluginBase@@KIXXZ 100125e0 f   ConEmuPluginBase.obj
 0001:00011750       ??_GMSection@@QAEPAXI@Z    10012750 f i ConEmuPluginBase.obj
 0001:00011780       ??_GCPluginBackground@@QAEPAXI@Z 10012780 f i ConEmuPluginBase.obj
 0001:000117b0       ?LoadFarVersion@CPluginBase@@SI_NXZ 100127b0 f   ConEmuPluginBase.obj
 0001:00011b40       ?ShowMessageGui@CPluginBase@@QAEHHH@Z 10012b40 f   ConEmuPluginBase.obj
 0001:00011bf0       ?BackgroundMacroError@CPluginBase@@SGKPAX@Z 10012bf0 f   ConEmuPluginBase.obj
 0001:00011c40       ?PostMacro@CPluginBase@@QAEXPB_WPAU_INPUT_RECORD@@_N@Z 10012c40 f   ConEmuPluginBase.obj
 0001:00011d00       ?isMacroActive@CPluginBase@@QAE_NAAH@Z 10012d00 f   ConEmuPluginBase.obj
 0001:00011d50       ?CheckBufferEnabled@CPluginBase@@QAE_NXZ 10012d50 f   ConEmuPluginBase.obj
 0001:00011de0       ?PanelControl@CPluginBase@@QAEHPAXHH0@Z 10012de0 f   ConEmuPluginBase.obj
 0001:00011e90       ?GetPanelInfo@CPluginBase@@QAE_NKPAUBkPanelInfo@@@Z 10012e90 f   ConEmuPluginBase.obj
 0001:00011f30       ?FillUpdateBackground@CPluginBase@@QAEXPAUPaintBackgroundArg@@@Z 10012f30 f   ConEmuPluginBase.obj
 0001:00012100       ?StorePanelDirs@CPluginBase@@QAE_NPB_W0@Z 10013100 f   ConEmuPluginBase.obj
 0001:000122b0       _wmemmove                  100132b0 f i ConEmuPluginBase.obj
 0001:000122d0       ?UpdatePanelDirs@CPluginBase@@QAEXXZ 100132d0 f   ConEmuPluginBase.obj
 0001:000124c0       ?IsFarLua@FarVersion@@QBE_NXZ 100134c0 f i ConEmuPluginBase.obj
 0001:00012510       ?RunExternalProgram@CPluginBase@@QAE_NPA_W@Z 10013510 f   ConEmuPluginBase.obj
 0001:00012700       ?ProcessCommandLine@CPluginBase@@QAE_NPA_W@Z 10013700 f   ConEmuPluginBase.obj
 0001:00012740       ?ShowPluginMenu@CPluginBase@@QAEXW4PluginCallCommands@@@Z 10013740 f   ConEmuPluginBase.obj
 0001:000129f0       ?ShowTabsList@CPluginBase@@QAEXXZ 100139f0 f   ConEmuPluginBase.obj
 0001:00012dc0       ?ShowPanelsList@CPluginBase@@QAEXXZ 10013dc0 f   ConEmuPluginBase.obj
 0001:00012f40       ?DataSize@CESERVER_REQ@@QAEKXZ 10013f40 f i ConEmuPluginBase.obj
 0001:00012f80       ?EditViewConsoleOutput@CPluginBase@@QAEX_N@Z 10013f80 f   ConEmuPluginBase.obj
 0001:00013040       ?SwitchTabCommand@CPluginBase@@QAEXW4PluginMenuCommands@@@Z 10014040 f   ConEmuPluginBase.obj
 0001:00013100       ?ProcessSynchroEvent@CPluginBase@@QAEHHPAX@Z 10014100 f   ConEmuPluginBase.obj
 0001:000131b0       ?ProcessEditorInputInternal@CPluginBase@@QAEXABU_INPUT_RECORD@@@Z 100141b0 f   ConEmuPluginBase.obj
 0001:00013210       ?ProcessEditorViewerEvent@CPluginBase@@QAEHHH@Z 10014210 f   ConEmuPluginBase.obj
 0001:00013320       ?isModalEditorViewer@CPluginBase@@QAE_NXZ 10014320 f   ConEmuPluginBase.obj
 0001:00013370       ?GetMainThreadId@CPluginBase@@SIKXZ 10014370 f   ConEmuPluginBase.obj
 0001:00013410       ?ShowConsoleInfo@CPluginBase@@QAEXXZ 10014410 f   ConEmuPluginBase.obj
 0001:00013590       ?RunExternalProgramW@CPluginBase@@SI_NPA_W0_N@Z 10014590 f   ConEmuPluginBase.obj
 0001:000137f0       ?StartDebugger@CPluginBase@@QAE_NXZ 100147f0 f   ConEmuPluginBase.obj
 0001:00013b20       ?Attach2Gui@CPluginBase@@QAE_NXZ 10014b20 f   ConEmuPluginBase.obj
 0001:00013fe0       ?FindServerCmd@CPluginBase@@QAE_NKAAK_N@Z 10014fe0 f   ConEmuPluginBase.obj
 0001:000140d0       ?ShowMessage@CPluginBase@@QAEHHH@Z 100150d0 f   ConEmuPluginBase.obj
 0001:00014150       ?OutDataAlloc@CPluginBase@@SI_NK@Z 10015150 f   ConEmuPluginBase.obj
 0001:000141c0       ?OutDataRealloc@CPluginBase@@SI_NK@Z 100151c0 f   ConEmuPluginBase.obj
 0001:000142a0       ?OutDataWrite@CPluginBase@@SI_NPAXK@Z 100152a0 f   ConEmuPluginBase.obj
 0001:00014370       ?CreateTabs@CPluginBase@@SI_NH@Z 10015370 f   ConEmuPluginBase.obj
 0001:00014440       ?AddTab@CPluginBase@@QAE_NAAHH_N1HPB_W2HHHH@Z 10015440 f   ConEmuPluginBase.obj
 0001:00014850       _wmemcmp                   10015850 f i ConEmuPluginBase.obj
 0001:000148b0       ?SendTabs@CPluginBase@@SIXH_N@Z 100158b0 f   ConEmuPluginBase.obj
 0001:00014a90       ?CloseTabs@CPluginBase@@SIXXZ 10015a90 f   ConEmuPluginBase.obj
 0001:00014b10       ?UpdateConEmuTabs@CPluginBase@@QAE_N_N@Z 10015b10 f   ConEmuPluginBase.obj
 0001:00014e10       ?CheckResources@CPluginBase@@QAEX_N@Z 10015e10 f   ConEmuPluginBase.obj
 0001:00014f80       ?InitResources@CPluginBase@@QAEXXZ 10015f80 f   ConEmuPluginBase.obj
 0001:000151e0       ?CloseMapHeader@CPluginBase@@SIXXZ 100161e0 f   ConEmuPluginBase.obj
 0001:00015210       ?OpenMapHeader@CPluginBase@@SIHXZ 10016210 f   ConEmuPluginBase.obj
 0001:00015330       ?InitRootRegKey@CPluginBase@@IAEXXZ 10016330 f   ConEmuPluginBase.obj
 0001:00015450       ?SetRootRegKey@CPluginBase@@IAEXPA_W@Z 10016450 f   ConEmuPluginBase.obj
 0001:00015550       ?LoadPanelTabsFromRegistry@CPluginBase@@IAEXXZ 10016550 f   ConEmuPluginBase.obj
 0001:00015650       ?InitHWND@CPluginBase@@SIXXZ 10016650 f   ConEmuPluginBase.obj
 0001:000158f0       ?CheckConEmuDetached@CPluginBase@@SIXXZ 100168f0 f   ConEmuPluginBase.obj
 0001:00015990       ?EmergencyShow@CPluginBase@@KIXXZ 10016990 f   ConEmuPluginBase.obj
 0001:000159f0       ?MonitorThreadProcW@CPluginBase@@SGKPAX@Z 100169f0 f   ConEmuPluginBase.obj
 0001:00015ea0       ?OpenPluginCommon@CPluginBase@@QAEPAXHH_N@Z 10016ea0 f   ConEmuPluginBase.obj
 0001:00016220       ?ExitFarCommon@CPluginBase@@QAEXXZ 10017220 f   ConEmuPluginBase.obj
 0001:00016270       ?OnMainThreadActivated@CPluginBase@@QAEXXZ 10017270 f   ConEmuPluginBase.obj
 0001:00016440       ?ProcessSetWindowCommand@CPluginBase@@QAEXXZ 10017440 f   ConEmuPluginBase.obj
 0001:00016580       ?CommonPluginStartup@CPluginBase@@QAEXXZ 10017580 f   ConEmuPluginBase.obj
 0001:000166a0       ?StopThread@CPluginBase@@QAEXXZ 100176a0 f   ConEmuPluginBase.obj
 0001:00016a10       ??_G?$MFileMapping@UCESERVER_CONSOLE_MAPPING_HDR@@@@QAEPAXI@Z 10017a10 f i ConEmuPluginBase.obj
 0001:00016a40       ?ShutdownPluginStep@CPluginBase@@SIXPB_WHHHH@Z 10017a40 f   ConEmuPluginBase.obj
 0001:00016a60       ?ExecuteSynchro@CPluginBase@@QAEXXZ 10017a60 f   ConEmuPluginBase.obj
 0001:00016b20       ?WaitPluginActivation@CPluginBase@@SIKKPAPAXHK@Z 10017b20 f   ConEmuPluginBase.obj
 0001:00016c80       ?ActivatePlugin@CPluginBase@@QAE_NKPAXK@Z 10017c80 f   ConEmuPluginBase.obj
 0001:00016f10       ?cmd_OpenEditorLine@CPluginBase@@QAE_NPAUCESERVER_REQ_FAREDITOR@@@Z 10017f10 f   ConEmuPluginBase.obj
 0001:00017000       ?cmd_RedrawFarCall@CPluginBase@@QAE_NAAPAUCESERVER_REQ@@PAPAU2@@Z 10018000 f   ConEmuPluginBase.obj
 0001:000170b0       ?cmd_SetWindow@CPluginBase@@QAE_NPAX_N@Z 100180b0 f   ConEmuPluginBase.obj
 0001:00017170       ?cmd_LeftClickSync@CPluginBase@@QAEXPAX@Z 10018170 f   ConEmuPluginBase.obj
 0001:000172a0       ?cmd_CloseQSearch@CPluginBase@@QAEXXZ 100182a0 f   ConEmuPluginBase.obj
 0001:000172e0       ?cmd_EMenu@CPluginBase@@QAEXPAX@Z 100182e0 f   ConEmuPluginBase.obj
 0001:000173b0       ?cmd_ExternalCallback@CPluginBase@@QAE_NPAX@Z 100183b0 f   ConEmuPluginBase.obj
 0001:00017430       ?cmd_ConSetFont@CPluginBase@@QAEXPAX@Z 10018430 f   ConEmuPluginBase.obj
 0001:00017480       ?cmd_GuiChanged@CPluginBase@@QAEXPAX@Z 10018480 f   ConEmuPluginBase.obj
 0001:00017560       ?ProcessCommand@CPluginBase@@QAE_NKHPAXPAPAUCESERVER_REQ@@_N@Z 10018560 f   ConEmuPluginBase.obj
 0001:00017a90       ?FarSetConsoleSize@CPluginBase@@SI_NFF@Z 10018a90 f   ConEmuPluginBase.obj
 0001:00017bb0       ?ReloadFarInfoApi@CPluginBase@@IAE_NXZ 10018bb0 f   ConEmuPluginBase.obj
 0001:00017e10       ?ReloadFarInfo@CPluginBase@@QAE_N_N@Z 10018e10 f   ConEmuPluginBase.obj
 0001:000180d0       ?pcc_Selected@CPluginBase@@SI_NW4PluginMenuCommands@@@Z 100190d0 f   ConEmuPluginBase.obj
 0001:00018140       ?pcc_Disabled@CPluginBase@@SI_NW4PluginMenuCommands@@@Z 10019140 f   ConEmuPluginBase.obj
 0001:000181f0       ?TouchReadPeekConsoleInputs@CPluginBase@@SIXH@Z 100191f0 f   ConEmuPluginBase.obj
 0001:00018250       ?OnConsolePeekReadInput@CPluginBase@@SIX_N@Z 10019250 f   ConEmuPluginBase.obj
 0001:00018450       ?ActiveServerPID@CESERVER_CONSOLE_MAPPING_HDR@@QBEKXZ 10019450 f i ConEmuPluginBase.obj
 0001:00018490       ?UngetDummyMouseEvent@CPluginBase@@SI_N_NPAUHookCallbackArg@@@Z 10019490 f   ConEmuPluginBase.obj
 0001:000186c0       ??4HANDLE2@@QAEAAU0@PAX@Z  100196c0 f i ConEmuPluginBase.obj
 0001:000186e0       ?FillLoadedParm@CPluginBase@@SIXPAUConEmuLoadedArg@@PAUHINSTANCE__@@H@Z 100196e0 f   ConEmuPluginBase.obj
 0001:000187c0       ?NotifyConEmuUnloaded@CPluginBase@@SIXXZ 100197c0 f   ConEmuPluginBase.obj
 0001:00018900       ?OnPanelViewCallbacks@CPluginBase@@SI_NPAUHookCallbackArg@@P6GHPAXPAU_INPUT_RECORD@@KPAKPAH@Z5@Z 10019900 f   ConEmuPluginBase.obj
 0001:000189e0       ?OnShellExecuteExW_Except@CPluginBase@@SGXPAUHookCallbackArg@@@Z 100199e0 f   ConEmuPluginBase.obj
 0001:00018a20       ?OnGetNumberOfConsoleInputEventsPost@CPluginBase@@SGXPAUHookCallbackArg@@@Z 10019a20 f   ConEmuPluginBase.obj
 0001:00018a60       ?OnConsolePeekInput@CPluginBase@@SGHPAUHookCallbackArg@@@Z 10019a60 f   ConEmuPluginBase.obj
 0001:00018ae0       ?OnConsolePeekInputPost@CPluginBase@@SGXPAUHookCallbackArg@@@Z 10019ae0 f   ConEmuPluginBase.obj
 0001:00018b20       ?OnConsoleReadInputWork@CPluginBase@@SIHPAUHookCallbackArg@@@Z 10019b20 f   ConEmuPluginBase.obj
 0001:00018bc0       ?OnConsoleReadInput@CPluginBase@@SGHPAUHookCallbackArg@@@Z 10019bc0 f   ConEmuPluginBase.obj
 0001:00018bd0       ?OnConsoleReadInputPost@CPluginBase@@SGXPAUHookCallbackArg@@@Z 10019bd0 f   ConEmuPluginBase.obj
 0001:00018e10       ?OnWriteConsoleOutput@CPluginBase@@SGHPAUHookCallbackArg@@@Z 10019e10 f   ConEmuPluginBase.obj
 0001:00018ef0       ?OnConsoleDetaching@CPluginBase@@SGHPAUHookCallbackArg@@@Z 10019ef0 f   ConEmuPluginBase.obj
 0001:00019020       ?OnConsoleWasAttached@CPluginBase@@SGXPAUHookCallbackArg@@@Z 1001a020 f   ConEmuPluginBase.obj
 0001:00019090       ?OnCurDirChanged@CPluginBase@@SGXXZ 1001a090 f   ConEmuPluginBase.obj
 0001:00019110       ?OnLibraryLoaded@CPluginBase@@SGXPAUHINSTANCE__@@@Z 1001a110 f   ConEmuPluginBase.obj
 0001:00019190       ?ToUnicode@CPluginBase@@SIPA_WPBD@Z 1001a190 f   ConEmuPluginBase.obj
 0001:00019210       ?ToOem@CPluginBase@@SIXPB_WPADH@Z 1001a210 f   ConEmuPluginBase.obj
 0001:00019260       ?ToOem@CPluginBase@@SIPADPB_W@Z 1001a260 f   ConEmuPluginBase.obj
 0001:000192c0       ?ProcessDragFrom@CPluginBase@@QAEXXZ 1001a2c0 f   ConEmuPluginBase.obj
 0001:000198b0       ?ProcessDragTo@CPluginBase@@QAEXXZ 1001a8b0 f   ConEmuPluginBase.obj
 0001:00019cb0       ?IsCurrentTabModal@CPluginBase@@QAE_NXZ 1001acb0 f   ConEmuPluginBase.obj
 0001:00019d70       ?PrintText@CPluginBase@@QAE_NPB_W@Z 1001ad70 f   ConEmuPluginBase.obj
 0001:0001a060       ?Ptr@?$MFileMapping@UCESERVER_CONSOLE_MAPPING_HDR@@@@QAEPAUCESERVER_CONSOLE_MAPPING_HDR@@XZ 1001b060 f i ConEmuPluginBase.obj
 0001:0001a080       ??$wcscpy_c@$0BBE@@@YIHAAY0BBE@_WPB_W@Z 1001b080 f i ConEmuPluginBase.obj
 0001:0001a0b0       ??$wcscat_c@$0BBE@@@YIHAAY0BBE@_WPB_W@Z 1001b0b0 f i ConEmuPluginBase.obj
 0001:0001a0e0       ??$wcscat_c@$0CAE@@@YIHAAY0CAE@_WPB_W@Z 1001b0e0 f i ConEmuPluginBase.obj
 0001:0001a110       ?EvaluateDefaultFontWidth@@YIHHPB_W@Z 1001b110 f   EmergencyShow.obj
 0001:0001a250       ?SetUserFriendlyFont@@YIXPAUHWND__@@HH@Z 1001b250 f   EmergencyShow.obj
 0001:0001a740       ?CorrectConsolePos@@YIXPAUHWND__@@@Z 1001b740 f   EmergencyShow.obj
 0001:0001a880       ?EmergencyShow@@YIXPAUHWND__@@HH@Z 1001b880 f   EmergencyShow.obj
 0001:0001a9d0       ?IsFileBatch@@YI_NPB_W@Z   1001b9d0 f   Execute.obj
 0001:0001aa50       ?GetImageSubsystem@@YI_NPB_WAAK11@Z 1001ba50 f   Execute.obj
 0001:0001ad70       ?GetImageSubsystem@@YI_NAAK0@Z 1001bd70 f   Execute.obj
 0001:0001ae20       ?GetImageSubsystem@@YI_NU_PROCESS_INFORMATION@@AAK1@Z 1001be20 f   Execute.obj
 0001:0001b010       ?GetEnclosingSectionHeader@@YIPAU_IMAGE_SECTION_HEADER@@KPAUIMAGE_MAPPING@@@Z 1001c010 f   Execute.obj
 0001:0001b0a0       ?GetPtrFromRVA@@YIPAXKPAUIMAGE_MAPPING@@@Z 1001c0a0 f   Execute.obj
 0001:0001b100       ?FindImageSubsystem@@YI_NPB_WAAK1PAK@Z 1001c100 f   Execute.obj
 0001:0001bae0       ?HeapInitialize@@YI_NXZ    1001cae0 f   Memory.obj
 0001:0001bb10       ?HeapDeinitialize@@YIXXZ   1001cb10 f   Memory.obj
 0001:0001bb40       ?xf_malloc@@YAPAXI@Z       1001cb40 f   Memory.obj
 0001:0001bb70       ?xf_calloc@@YAPAXII@Z      1001cb70 f   Memory.obj
 0001:0001bba0       ?xf_realloc@@YAPAXPAXI@Z   1001cba0 f   Memory.obj
 0001:0001bbd0       ?xf_free@@YAXPAX@Z         1001cbd0 f   Memory.obj
 0001:0001bc00       ?xf_validate@@YA_NPAX@Z    1001cc00 f   Memory.obj
 0001:0001bc30       ??2@YAPAXI@Z               1001cc30 f   Memory.obj
 0001:0001bc50       ??_U@YAPAXI@Z              1001cc50 f   Memory.obj
 0001:0001bc70       ??3@YAXPAX@Z               1001cc70 f   Memory.obj
 0001:0001bc90       ??_V@YAXPAX@Z              1001cc90 f   Memory.obj
 0001:0001bcb0       ?lstrdup@@YIPADPBD@Z       1001ccb0 f   Memory.obj
 0001:0001bd20       ?StringCchCopyA@@YGJPADIPBD@Z 1001cd20 f i Memory.obj
 0001:0001be40       ?lstrdup@@YIPA_WPB_WI@Z    1001ce40 f   Memory.obj
 0001:0001bfa0       ?lstrdupW@@YIPA_WPBDI@Z    1001cfa0 f   Memory.obj
 0001:0001c020       ?lstrmerge@@YIPA_WPB_W0000@Z 1001d020 f   Memory.obj
 0001:0001c150       ?lstrmerge@@YI_NPAPA_WPB_W111@Z 1001d150 f   Memory.obj
 0001:0001c1b0       ?FindMonitorsWorkspace@@YGHPAUHMONITOR__@@PAUHDC__@@PAUtagRECT@@J@Z 1001d1b0 f   Monitors.obj
 0001:0001c230       ?GetAllMonitorsWorkspace@@YI?AUtagRECT@@XZ 1001d230 f   Monitors.obj
 0001:0001c2b0       ?FindPrimaryMonitor@@YGHPAUHMONITOR__@@PAUHDC__@@PAUtagRECT@@J@Z 1001d2b0 f   Monitors.obj
 0001:0001c330       ?GetMonitorInfoSafe@@YI_NPAUHMONITOR__@@AAUtagMONITORINFO@@@Z 1001d330 f   Monitors.obj
 0001:0001c380       ?GetPrimaryMonitorInfo@@YIPAUHMONITOR__@@PAUtagMONITORINFO@@@Z 1001d380 f   Monitors.obj
 0001:0001c430       ?GetNearestMonitorInfo@@YIPAUHMONITOR__@@PAUtagMONITORINFO@@PAU1@PBUtagRECT@@PAUHWND__@@@Z 1001d430 f   Monitors.obj
 0001:0001c520       ?EnumAllMonitors@@YGHPAUHMONITOR__@@PAUHDC__@@PAUtagRECT@@J@Z 1001d520 f   Monitors.obj
 0001:0001c590       ?MonitorSortCallback@@YIHAAU_FindAllMonitorsItem@@0@Z 1001d590 f   Monitors.obj
 0001:0001c600       ?GetNextMonitorInfo@@YIPAUHMONITOR__@@PAUtagMONITORINFO@@PBUtagRECT@@_N@Z 1001d600 f   Monitors.obj
 0001:0001c7d0       ??0_FindAllMonitors@@QAE@XZ 1001d7d0 f i Monitors.obj
 0001:0001c7f0       ??1_FindAllMonitors@@QAE@XZ 1001d7f0 f i Monitors.obj
 0001:0001c810       ??0?$MArray@U_FindAllMonitorsItem@@@@QAE@XZ 1001d810 f i Monitors.obj
 0001:0001c850       ??1?$MArray@U_FindAllMonitorsItem@@@@QAE@XZ 1001d850 f i Monitors.obj
 0001:0001c870       ??A?$MArray@U_FindAllMonitorsItem@@@@QAEAAU_FindAllMonitorsItem@@H@Z 1001d870 f i Monitors.obj
 0001:0001c890       ?push_back@?$MArray@U_FindAllMonitorsItem@@@@QAEHABU_FindAllMonitorsItem@@@Z 1001d890 f i Monitors.obj
 0001:0001c920       ?size@?$MArray@U_FindAllMonitorsItem@@@@QBEHXZ 1001d920 f i Monitors.obj
 0001:0001c940       ?sort@?$MArray@U_FindAllMonitorsItem@@@@QAEXP6IHAAU_FindAllMonitorsItem@@0@Z@Z 1001d940 f i Monitors.obj
 0001:0001ca30       ?clear@?$MArray@U_FindAllMonitorsItem@@@@QAEXXZ 1001da30 f i Monitors.obj
 0001:0001ca80       ?addsize@?$MArray@U_FindAllMonitorsItem@@@@QAEXH@Z 1001da80 f i Monitors.obj
 0001:0001cb70       ??0MSection@@QAE@XZ        1001db70 f   MSection.obj
 0001:0001cc20       ??1MSection@@QAE@XZ        1001dc20 f   MSection.obj
 0001:0001ccc0       ?Process_Lock@MSection@@IAEXXZ 1001dcc0 f   MSection.obj
 0001:0001cce0       ?Process_Unlock@MSection@@IAEXXZ 1001dce0 f   MSection.obj
 0001:0001cd00       ?ThreadTerminated@MSection@@QAEXK@Z 1001dd00 f   MSection.obj
 0001:0001cd50       ?AddRef@MSection@@IAEXK@Z  1001dd50 f   MSection.obj
 0001:0001ce40       ?ReleaseRef@MSection@@IAEHK@Z 1001de40 f   MSection.obj
 0001:0001cf10       ?WaitUnlocked@MSection@@IAEXKK@Z 1001df10 f   MSection.obj
 0001:0001cfb0       ?MyEnterCriticalSection@MSection@@IAE_NK@Z 1001dfb0 f   MSection.obj
 0001:0001d120       ?Lock@MSection@@IAEHHK@Z   1001e120 f   MSection.obj
 0001:0001d270       ?Unlock@MSection@@IAEXH@Z  1001e270 f   MSection.obj
 0001:0001d2e0       ?isLockedExclusive@MSection@@QAE_NXZ 1001e2e0 f   MSection.obj
 0001:0001d330       ??0MSectionThread@@QAE@PAVMSection@@@Z 1001e330 f   MSection.obj
 0001:0001d360       ??1MSectionThread@@QAE@XZ  1001e360 f   MSection.obj
 0001:0001d390       ??0MSectionLock@@QAE@XZ    1001e390 f   MSection.obj
 0001:0001d3c0       ??1MSectionLock@@QAE@XZ    1001e3c0 f   MSection.obj
 0001:0001d3f0       ?Lock@MSectionLock@@QAEHPAVMSection@@HK@Z 1001e3f0 f   MSection.obj
 0001:0001d470       ?RelockExclusive@MSectionLock@@QAEHK@Z 1001e470 f   MSection.obj
 0001:0001d4e0       ?Unlock@MSectionLock@@QAEXXZ 1001e4e0 f   MSection.obj
 0001:0001d520       ?isLocked@MSectionLock@@QAEHH@Z 1001e520 f   MSection.obj
 0001:0001d570       ??0MSectionSimple@@QAE@_N@Z 1001e570 f   MSectionSimple.obj
 0001:0001d5c0       ??1MSectionSimple@@QAE@XZ  1001e5c0 f   MSectionSimple.obj
 0001:0001d5e0       ?IsInitialized@MSectionSimple@@QAE_NXZ 1001e5e0 f   MSectionSimple.obj
 0001:0001d620       ?Init@MSectionSimple@@QAEXXZ 1001e620 f   MSectionSimple.obj
 0001:0001d650       ?Close@MSectionSimple@@QAEXXZ 1001e650 f   MSectionSimple.obj
 0001:0001d680       ?Enter@MSectionSimple@@QAEXXZ 1001e680 f   MSectionSimple.obj
 0001:0001d6a0       ?Leave@MSectionSimple@@QAEXXZ 1001e6a0 f   MSectionSimple.obj
 0001:0001d6c0       ?TryEnter@MSectionSimple@@QAE_NXZ 1001e6c0 f   MSectionSimple.obj
 0001:0001d700       ?RecreateAndLock@MSectionSimple@@QAE_NXZ 1001e700 f   MSectionSimple.obj
 0001:0001d790       ??0MSectionLockSimple@@QAE@XZ 1001e790 f   MSectionSimple.obj
 0001:0001d7b0       ??1MSectionLockSimple@@QAE@XZ 1001e7b0 f   MSectionSimple.obj
 0001:0001d7d0       ?Lock@MSectionLockSimple@@QAEHPAUMSectionSimple@@K@Z 1001e7d0 f   MSectionSimple.obj
 0001:0001d880       ?Unlock@MSectionLockSimple@@QAEXXZ 1001e880 f   MSectionSimple.obj
 0001:0001d8b0       ?isLocked@MSectionLockSimple@@QAEHXZ 1001e8b0 f   MSectionSimple.obj
 0001:0001d8d0       ?NullSecurity@@YIPAU_SECURITY_ATTRIBUTES@@XZ 1001e8d0 f   MSecurity.obj
 0001:0001d920       ??0MNullDesc@@QAE@XZ       1001e920 f i MSecurity.obj
 0001:0001d980       ?NullSecurity@MNullDesc@@QAEPAU_SECURITY_ATTRIBUTES@@XZ 1001e980 f i MSecurity.obj
 0001:0001da80       ?LoadAdvApi@MNullDesc@@IAEHXZ 1001ea80 f i MSecurity.obj
 0001:0001dcd0       ?UnloadAdvApi@MNullDesc@@IAEXXZ 1001ecd0 f i MSecurity.obj
 0001:0001dd00       ?LocalSecurity@@YIPAU_SECURITY_ATTRIBUTES@@XZ 1001ed00 f   MSecurity.obj
 0001:0001dd50       ?LocalSecurity@MNullDesc@@QAEPAU_SECURITY_ATTRIBUTES@@XZ 1001ed50 f i MSecurity.obj
 0001:0001df70       ?ShutdownSecurity@@YIXXZ   1001ef70 f   MSecurity.obj
 0001:0001dfc0       ??_GMNullDesc@@QAEPAXI@Z   1001efc0 f i MSecurity.obj
 0001:0001dff0       ??1MNullDesc@@QAE@XZ       1001eff0 f i MSecurity.obj
 0001:0001e050       ??0MSetter@@QAE@PAJ@Z      1001f050 f   MSetter.obj
 0001:0001e090       ??0MSetter@@QAE@PA_N@Z     1001f090 f   MSetter.obj
 0001:0001e0d0       ??0MSetter@@QAE@PAKK@Z     1001f0d0 f   MSetter.obj
 0001:0001e110       ??1MSetter@@QAE@XZ         1001f110 f   MSetter.obj
 0001:0001e130       ?Unlock@MSetter@@QAEXXZ    1001f130 f   MSetter.obj
 0001:0001e1a0       ?msprintf@@YAPB_WPA_WIPB_WZZ 1001f1a0 f   MStrSafe.obj
 0001:0001e7c0       ?msprintf@@YAPBDPADIPBDZZ  1001f7c0 f   MStrSafe.obj
 0001:0001ec20       ?lstrcmpni@@YIHPB_W0H@Z    1001fc20 f   MStrSafe.obj
 0001:0001ecc0       ?startswith@@YIHPB_W0_N@Z  1001fcc0 f   MStrSafe.obj
 0001:0001ed50       ??0CPluginBackground@@QAE@XZ 1001fd50 f   PluginBackground.obj
 0001:0001ef90       ??1CPluginBackground@@QAE@XZ 1001ff90 f   PluginBackground.obj
 0001:0001f1e0       ?RegisterSubplugin@CPluginBackground@@QAEHPAURegisterBackgroundArg@@@Z 100201e0 f   PluginBackground.obj
 0001:0001f4d0       ?ReallocItems@CPluginBackground@@IAEXH@Z 100204d0 f   PluginBackground.obj
 0001:0001f550       ?OnMainThreadActivated@CPluginBackground@@QAEXHH@Z 10020550 f   PluginBackground.obj
 0001:0001f670       ?SetForceCheck@CPluginBackground@@QAEXXZ 10020670 f   PluginBackground.obj
 0001:0001f6a0       ?SetForceUpdate@CPluginBackground@@QAEX_N@Z 100206a0 f   PluginBackground.obj
 0001:0001f6e0       ?SetForceThLoad@CPluginBackground@@QAEXXZ 100206e0 f   PluginBackground.obj
 0001:0001f720       ?IsParmChanged@CPluginBackground@@IAE_NPAUPaintBackgroundArg@@0@Z 10020720 f   PluginBackground.obj
 0001:0001fa00       ?CheckPanelFolders@CPluginBackground@@IAEXH@Z 10020a00 f   PluginBackground.obj
 0001:0001fb00       ?SetDcPanelRect@CPluginBackground@@IAEXPAUtagRECT@@PAUBkPanelInfo@@PAUPaintBackgroundArg@@@Z 10020b00 f   PluginBackground.obj
 0001:0001fc40       ?UpdateBackground_Exec@CPluginBackground@@KIXPAURegisterBackgroundArg@@PAUPaintBackgroundArg@@@Z 10020c40 f   PluginBackground.obj
 0001:0001fc90       ?UpdateBackground@CPluginBackground@@IAEXXZ 10020c90 f   PluginBackground.obj
 0001:00020b00       ?LoadThSet@CPluginBackground@@IAEHH@Z 10021b00 f   PluginBackground.obj
 0001:00020d20       ?MonitorBackground@CPluginBackground@@QAEXXZ 10021d20 f   PluginBackground.obj
 0001:00020dd0       ?GetTo@?$MFileMapping@UPanelViewSetMapping@@@@QAE_NPAUPanelViewSetMapping@@H@Z 10021dd0 f i PluginBackground.obj
 0001:00020e20       ?InitName@?$MFileMapping@UPanelViewSetMapping@@@@QAEPB_WPB_WKK@Z 10021e20 f i PluginBackground.obj
 0001:00020e70       ?CloseMap@?$MFileMapping@UPanelViewSetMapping@@@@QAEXXZ 10021e70 f i PluginBackground.obj
 0001:00020ee0       ?Open@?$MFileMapping@UPanelViewSetMapping@@@@QAEPAUPanelViewSetMapping@@HH@Z 10021ee0 f i PluginBackground.obj
 0001:00020f00       ??0?$MFileMapping@UPanelViewSetMapping@@@@QAE@XZ 10021f00 f i PluginBackground.obj
 0001:00020f60       ??1?$MFileMapping@UPanelViewSetMapping@@@@QAE@XZ 10021f60 f i PluginBackground.obj
 0001:00020f80       ?IsValid@?$MFileMapping@UPanelViewSetMapping@@@@QAE_NXZ 10021f80 f i PluginBackground.obj
 0001:00020fa0       ?ClosePtr@?$MFileMapping@UPanelViewSetMapping@@@@QAEXXZ 10021fa0 f i PluginBackground.obj
 0001:00020fd0       ?InternalOpenCreate@?$MFileMapping@UPanelViewSetMapping@@@@IAEPAUPanelViewSetMapping@@HHH@Z 10021fd0 f i PluginBackground.obj
 0001:00021290       ?PlugServerInit@@YIXXZ     10022290 f   PluginSrv.obj
 0001:000212a0       ?PlugServerStart@@YI_NXZ   100222a0 f   PluginSrv.obj
 0001:00021390       ?PlugServerStop@@YIX_N@Z   10022390 f   PluginSrv.obj
 0001:000213e0       ?cmd_FarSetChanged@@YIXPAUFAR_REQ_FARSETCHANGED@@@Z 100223e0 f   PluginSrv.obj
 0001:00021450       ?PlugServerCommand@@YGHPAXPAUCESERVER_REQ@@AAPAU1@AAK3J@Z 10022450 f   PluginSrv.obj
 0001:00021b60       ?PlugServerFree@@YGXPAUCESERVER_REQ@@J@Z 10022b60 f   PluginSrv.obj
 0001:00021b70       ?SetOverlapped@?$PipeServer@UCESERVER_REQ@@@@QAEX_N@Z 10022b70 f i PluginSrv.obj
 0001:00021b90       ?SetLoopCommands@?$PipeServer@UCESERVER_REQ@@@@QAEX_N@Z 10022b90 f i PluginSrv.obj
 0001:00021bb0       ?SetDummyAnswerSize@?$PipeServer@UCESERVER_REQ@@@@QAEXH@Z 10022bb0 f i PluginSrv.obj
 0001:00021bd0       ?SetMaxCount@?$PipeServer@UCESERVER_REQ@@@@QAEXH@Z 10022bd0 f i PluginSrv.obj
 0001:00021c10       ?StartPipeServer@?$PipeServer@UCESERVER_REQ@@@@QAE_N_NPB_WJPAU_SECURITY_ATTRIBUTES@@P6GHPAXPAUCESERVER_REQ@@AAPAU3@AAK6J@ZP6GX4J@ZP6GH3J@Z99@Z 10022c10 f i PluginSrv.obj
 0001:00021df0       ?StopPipeServer@?$PipeServer@UCESERVER_REQ@@@@QAEX_N@Z 10022df0 f i PluginSrv.obj
 0001:000224c0       ?BreakConnection@?$PipeServer@UCESERVER_REQ@@@@QAEXPAX@Z 100234c0 f i PluginSrv.obj
 0001:000224e0       ?DumpError@?$PipeServer@UCESERVER_REQ@@@@IAEXPAUPipeInst@1@PB_WH@Z 100234e0 f i PluginSrv.obj
 0001:000225d0       ?_Disconnect@?$PipeServer@UCESERVER_REQ@@@@IAEXPAUPipeInst@1@_N11@Z 100235d0 f i PluginSrv.obj
 0001:00022650       ?StartPipeInstance@?$PipeServer@UCESERVER_REQ@@@@IAE_NPAUPipeInst@1@@Z 10023650 f i PluginSrv.obj
 0001:00022780       ?TerminatePipeThread@?$PipeServer@UCESERVER_REQ@@@@KIXAAPAXABUPipeInst@1@@Z 10023780 f i PluginSrv.obj
 0001:000227e0       ?_PipeServerThread@?$PipeServer@UCESERVER_REQ@@@@KGKPAX@Z 100237e0 f i PluginSrv.obj
 0001:00022860       ?PipeServerThread@?$PipeServer@UCESERVER_REQ@@@@IAEKPAUPipeInst@1@@Z 10023860 f i PluginSrv.obj
 0001:00022bf0       ?PipeServerRead@?$PipeServer@UCESERVER_REQ@@@@IAEHPAUPipeInst@1@@Z 10023bf0 f i PluginSrv.obj
 0001:00022f80       ?PipeServerWrite@?$PipeServer@UCESERVER_REQ@@@@IAEHPAUPipeInst@1@PBXKPAKH@Z 10023f80 f i PluginSrv.obj
 0001:00023120       ?WaitForClient@?$PipeServer@UCESERVER_REQ@@@@IAE_NPAUPipeInst@1@AAH1@Z 10024120 f i PluginSrv.obj
 0001:00023500       ?WriteDummyAnswer@?$PipeServer@UCESERVER_REQ@@@@IAEHPAUPipeInst@1@@Z 10024500 f i PluginSrv.obj
 0001:00023580       ?WaitOverlapped@?$PipeServer@UCESERVER_REQ@@@@IAEHPAUPipeInst@1@PAK@Z 10024580 f i PluginSrv.obj
 0001:000237b0       ?AllocRequestBuf@PipeInst@?$PipeServer@UCESERVER_REQ@@@@QAEPAUCESERVER_REQ@@K@Z 100247b0 f i PluginSrv.obj
 0001:00023830       ??$wcscpy_c@$0BAE@@@YIHAAY0BAE@_WPB_W@Z 10024830 f i PluginSrv.obj
 0001:00023940       ?SetConEmuEnvHWND@@YIXPB_WPAUHWND__@@@Z 10024940 f   SetEnvVar.obj
 0001:00023990       ?SetConEmuEnvVar@@YIXPAUHWND__@@@Z 10024990 f   SetEnvVar.obj
 0001:00023a00       ?SetConEmuEnvVarChild@@YIXPAUHWND__@@0@Z 10024a00 f   SetEnvVar.obj
 0001:00023a30       ?SetConEmuWorkEnvVar@@YIXPAUHINSTANCE__@@@Z 10024a30 f   SetEnvVar.obj
 0001:00023bb0       ??0CEnvStrings@@QAE@PA_W@Z 10024bb0 f   SetEnvVar.obj
 0001:00023c20       ??1CEnvStrings@@QAE@XZ     10024c20 f   SetEnvVar.obj
 0001:00023c50       ?ShutdownConsole@@YGXXZ    10024c50 f   WConsole.obj
 0001:00023ca0       ?SetConsoleInfo@@YIHPAUHWND__@@PAU_CONSOLE_INFO@@@Z 10024ca0 f   WConsole.obj
 0001:00023f80       ?ChangeScreenBufferSize@@YIXAAU_CONSOLE_SCREEN_BUFFER_INFO@@FFFF@Z 10024f80 f   WConsole.obj
 0001:00024090       ?GetConWindowSize@@YIHABU_CONSOLE_SCREEN_BUFFER_INFO@@HHKPAH1PAK@Z 10025090 f   WConsole.obj
 0001:000241e0       ?GetConsoleSizeInfo@@YIXPAU_CONSOLE_INFO@@@Z 100251e0 f   WConsole.obj
 0001:00024290       ?apiGetConsoleScreenBufferInfoEx@@YIHPAXPAUMY_CONSOLE_SCREEN_BUFFER_INFOEX@@@Z 10025290 f   WConsole.obj
 0001:00024300       ?apiSetConsoleScreenBufferInfoEx@@YIHPAXPAUMY_CONSOLE_SCREEN_BUFFER_INFOEX@@@Z 10025300 f   WConsole.obj
 0001:00024380       ?apiGetConsoleFontSize@@YIHPAXAAH1AAY0CA@_W@Z 10025380 f   WConsole.obj
 0001:00024420       ?apiSetConsoleFontSize@@YIHPAXHHPB_W@Z 10025420 f   WConsole.obj
 0001:000244d0       ?apiFixFontSizeForBufferSize@@YIHPAXU_COORD@@PADH@Z 100254d0 f   WConsole.obj
 0001:000249e0       ?SetConsoleFontSizeTo@@YIXPAUHWND__@@HHPB_WGG@Z 100259e0 f   WConsole.obj
 0001:00024f60       ?MyGetLargestConsoleWindowSize@@YI?AU_COORD@@PAX@Z 10025f60 f   WConsole.obj
 0001:00025040       ?SearchAppPaths@@YI_NPB_WAAUCmdArg@@_NPAU1@@Z 10026040 f   WFiles.obj
 0001:00025570       ?GetFullPathNameEx@@YIPA_WPB_W@Z 10026570 f   WFiles.obj
 0001:00025650       ?FindFileName@@YI_NPB_WAAUCmdArg@@@Z 10026650 f   WFiles.obj
 0001:00025840       ?MakePathProperCase@@YI_NAAUCmdArg@@@Z 10026840 f   WFiles.obj
 0001:00025a70       ?ReadTextFile@@YIHPB_WKAAPA_WAAK2K@Z 10026a70 f   WFiles.obj
 0001:00025ea0       ?WriteTextFile@@YIHPB_W0HK_NPAK@Z 10026ea0 f   WFiles.obj
 0001:00026120       ?FilesExists@@YI_NPB_W0_NH@Z 10027120 f   WFiles.obj
 0001:00026260       ?IsDotsName@@YI_NPB_W@Z    10027260 f   WFiles.obj
 0001:000262c0       ?FileExistSubDir@@YI_NPB_W0HAAUCmdArg@@@Z 100272c0 f   WFiles.obj
 0001:000264c0       ?DirectoryExists@@YI_NPB_W@Z 100274c0 f   WFiles.obj
 0001:00026620       ?MyCreateDirectory@@YI_NPA_W@Z 10027620 f   WFiles.obj
 0001:00026730       ?FileCompare@@YI_NPB_W0@Z  10027730 f   WFiles.obj
 0001:00026950       ?getWindowInfo@@YIXPAUHWND__@@AAY0EAA@_W_NPAK@Z 10027950 f   WObjects.obj
 0001:00026b00       ?FileExists@@YI_NPB_WPAK@Z 10027b00 f   WObjects.obj
 0001:00026ce0       ?FileSearchInDir@@YI_NPB_WAAUCmdArg@@@Z 10027ce0 f   WObjects.obj
 0001:00026ea0       ?FileExistsSearch@@YI_NPB_WAAUCmdArg@@_N2@Z 10027ea0 f   WObjects.obj
 0001:00026fb0       ?GetShortFileName@@YI_NPB_WHPA_WH@Z 10027fb0 f   WObjects.obj
 0001:000271c0       ?GetShortFileNameEx@@YIPA_WPB_WH@Z 100281c0 f   WObjects.obj
 0001:000275f0       ?IsWine@@YI_NXZ            100285f0 f   WObjects.obj
 0001:00027710       ?IsWinPE@@YI_NXZ           10028710 f   WObjects.obj
 0001:00027780       ?IsWin10@@YI_NXZ           10028780 f   WObjects.obj
 0001:00027820       ?IsDbcs@@YI_NXZ            10028820 f   WObjects.obj
 0001:00027840       ?IsWindows64@@YI_NXZ       10028840 f   WObjects.obj
 0001:000278d0       ?IsHwFullScreenAvailable@@YI_NXZ 100288d0 f   WObjects.obj
 0001:00027970       ?IsVsNetHostExe@@YI_NPB_W@Z 10028970 f   WObjects.obj
 0001:000279f0       ?GetProcessBits@@YIHKPAX@Z 100289f0 f   WObjects.obj
 0001:00027af0       ?GetProcessInfo@@YI_NKPAUtagPROCESSENTRY32W@@@Z 10028af0 f   WObjects.obj
 0001:00027be0       ?isTerminalMode@@YI_NXZ    10028be0 f   WObjects.obj
 0001:00027f00       ?IsModuleValid@@YI_NPAUHINSTANCE__@@H@Z 10028f00 f   WObjects.obj
 0001:00028040       ?CheckCallbackPtr@@YI_NPAUHINSTANCE__@@IPAP6GHXZHHH@Z 10029040 f   WObjects.obj
 0001:00028190       ?ExpandMacroValues@@YIPA_WPB_WPAPB_WI@Z 10029190 f   WObjects.obj
 0001:00028350       ?ExpandEnvStr@@YIPA_WPB_W@Z 10029350 f   WObjects.obj
 0001:00028430       ?GetEnvVar@@YIPA_WPB_W@Z   10029430 f   WObjects.obj
 0001:00028500       ?GetComspecFromEnvVar@@YIPB_WPA_WKW4ComSpecBits@@@Z 10029500 f   WObjects.obj
 0001:00028780       ?GetComspec@@YIPA_WPBUConEmuComspec@@@Z 10029780 f   WObjects.obj
 0001:000289c0       ?IsExportEnvVarAllowed@@YI_NPB_W@Z 100299c0 f   WObjects.obj
 0001:00028a30       ?ApplyExportEnvVar@@YIXPB_W@Z 10029a30 f   WObjects.obj
 0001:00028ab0       ?CoordInSmallRect@@YI_NABU_COORD@@ABU_SMALL_RECT@@@Z 10029ab0 f   WObjects.obj
 0001:00028b20       ??$wcscpy_c@$0EAA@@@YIHAAY0EAA@_WPB_W@Z 10029b20 f i WObjects.obj
 0001:00028b50       ??$wcscpy_c@$0BAA@@@YIHAAY0BAA@_WPB_W@Z 10029b50 f i WObjects.obj
 0001:00028b80       ?apiSetForegroundWindow@@YI_NPAUHWND__@@@Z 10029b80 f   WUser.obj
 0001:00028bb0       ?apiShowWindow@@YI_NPAUHWND__@@H@Z 10029bb0 f   WUser.obj
 0001:00028be0       ?apiShowWindowAsync@@YI_NPAUHWND__@@H@Z 10029be0 f   WUser.obj
 0001:00028c10       ?IsUserAdmin@@YI_NXZ       10029c10 f   WUser.obj
 0001:00028d00       ?GetLogonSID@@YI_NPAXPAPA_W@Z 10029d00 f   WUser.obj
 0001:00028e20       ?RemoveOldComSpecC@@YIXXZ  10029e20 f   WUser.obj
 0001:00028f50       ?DuplicateProcessHandle@@YIPAXK@Z 10029f50 f   WUser.obj
 0001:00028fc0       ?FindComspec@@YIXPAUConEmuComspec@@_N@Z 10029fc0 f   WUser.obj
 0001:00029920       ?UpdateComspec@@YIXPAUConEmuComspec@@_N@Z 1002a920 f   WUser.obj
 0001:00029c60       ?SetEnvVarExpanded@@YIXPB_W0@Z 1002ac60 f   WUser.obj
 0001:00029e34       _SetEnvironmentVariableW@8 1002ae34 f   kernel32:KERNEL32.dll
 0001:00029e3a       _lstrlenW@4                1002ae3a f   kernel32:KERNEL32.dll
 0001:00029e40       _lstrcpynW@12              1002ae40 f   kernel32:KERNEL32.dll
 0001:00029e46       _lstrcmpiW@8               1002ae46 f   kernel32:KERNEL32.dll
 0001:00029e4c       _lstrcmpW@8                1002ae4c f   kernel32:KERNEL32.dll
 0001:00029e52       _GetCurrentDirectoryW@8    1002ae52 f   kernel32:KERNEL32.dll
 0001:00029e58       _SearchPathW@24            1002ae58 f   kernel32:KERNEL32.dll
 0001:00029e5e       _GetProcAddress@8          1002ae5e f   kernel32:KERNEL32.dll
 0001:00029e64       _GetModuleHandleW@4        1002ae64 f   kernel32:KERNEL32.dll
 0001:00029e6a       _GetModuleFileNameW@12     1002ae6a f   kernel32:KERNEL32.dll
 0001:00029e70       _SetNamedPipeHandleState@16 1002ae70 f   kernel32:KERNEL32.dll
 0001:00029e76       _GetCurrentProcessId@0     1002ae76 f   kernel32:KERNEL32.dll
 0001:00029e7c       _Sleep@4                   1002ae7c f   kernel32:KERNEL32.dll
 0001:00029e82       _SetLastError@4            1002ae82 f   kernel32:KERNEL32.dll
 0001:00029e88       _WaitNamedPipeW@8          1002ae88 f   kernel32:KERNEL32.dll
 0001:00029e8e       _WaitForSingleObject@8     1002ae8e f   kernel32:KERNEL32.dll
 0001:00029e94       _GetLastError@0            1002ae94 f   kernel32:KERNEL32.dll
 0001:00029e9a       _CreateFileW@28            1002ae9a f   kernel32:KERNEL32.dll
 0001:00029ea0       _GetTickCount@0            1002aea0 f   kernel32:KERNEL32.dll
 0001:00029ea6       _IsDebuggerPresent@0       1002aea6 f   kernel32:KERNEL32.dll
 0001:00029eac       _GetCurrentThreadId@0      1002aeac f   kernel32:KERNEL32.dll
 0001:00029eb2       _ReadFile@20               1002aeb2 f   kernel32:KERNEL32.dll
 0001:00029eb8       _CloseHandle@4             1002aeb8 f   kernel32:KERNEL32.dll
 0001:00029ebe       _TransactNamedPipe@28      1002aebe f   kernel32:KERNEL32.dll
 0001:00029ec4       _WriteFile@20              1002aec4 f   kernel32:KERNEL32.dll
 0001:00029eca       _GetConsoleWindow@0        1002aeca f   kernel32:KERNEL32.dll
 0001:00029ed0       _UnmapViewOfFile@4         1002aed0 f   kernel32:KERNEL32.dll
 0001:00029ed6       _MapViewOfFile@20          1002aed6 f   kernel32:KERNEL32.dll
 0001:00029edc       _OpenFileMappingW@12       1002aedc f   kernel32:KERNEL32.dll
 0001:00029ee2       _LoadLibraryW@4            1002aee2 f   kernel32:KERNEL32.dll
 0001:00029ee8       _CreateFileMappingW@24     1002aee8 f   kernel32:KERNEL32.dll
 0001:00029eee       _VirtualProtect@16         1002aeee f   kernel32:KERNEL32.dll
 0001:00029ef4       _CreateThread@24           1002aef4 f   kernel32:KERNEL32.dll
 0001:00029efa       _lstrcpyW@8                1002aefa f   kernel32:KERNEL32.dll
 0001:00029f00       _MultiByteToWideChar@24    1002af00 f   kernel32:KERNEL32.dll
 0001:00029f06       _lstrcpynA@12              1002af06 f   kernel32:KERNEL32.dll
 0001:00029f0c       _lstrlenA@4                1002af0c f   kernel32:KERNEL32.dll
 0001:00029f12       _WideCharToMultiByte@32    1002af12 f   kernel32:KERNEL32.dll
 0001:00029f18       _lstrcpyA@8                1002af18 f   kernel32:KERNEL32.dll
 0001:00029f1e       _lstrcatW@8                1002af1e f   kernel32:KERNEL32.dll
 0001:00029f24       _GetConsoleCursorInfo@8    1002af24 f   kernel32:KERNEL32.dll
 0001:00029f2a       _GetConsoleScreenBufferInfo@8 1002af2a f   kernel32:KERNEL32.dll
 0001:00029f30       _GetStdHandle@4            1002af30 f   kernel32:KERNEL32.dll
 0001:00029f36       _InterlockedIncrement@4    1002af36 f   kernel32:KERNEL32.dll
 0001:00029f3c       _GetConsoleTitleW@8        1002af3c f   kernel32:KERNEL32.dll
 0001:00029f42       _DeleteFileW@4             1002af42 f   kernel32:KERNEL32.dll
 0001:00029f48       _Thread32Next@8            1002af48 f   kernel32:KERNEL32.dll
 0001:00029f4e       _Thread32First@8           1002af4e f   kernel32:KERNEL32.dll
 0001:00029f54       _CreateToolhelp32Snapshot@8 1002af54 f   kernel32:KERNEL32.dll
 0001:00029f5a       _GetConsoleMode@8          1002af5a f   kernel32:KERNEL32.dll
 0001:00029f60       _GetExitCodeProcess@8      1002af60 f   kernel32:KERNEL32.dll
 0001:00029f66       _CreateProcessW@40         1002af66 f   kernel32:KERNEL32.dll
 0001:00029f6c       _SetConsoleMode@8          1002af6c f   kernel32:KERNEL32.dll
 0001:00029f72       _GetEnvironmentStringsW@0  1002af72 f   kernel32:KERNEL32.dll
 0001:00029f78       _GetEnvironmentVariableW@12 1002af78 f   kernel32:KERNEL32.dll
 0001:00029f7e       _WaitForMultipleObjects@16 1002af7e f   kernel32:KERNEL32.dll
 0001:00029f84       _CreateEventW@16           1002af84 f   kernel32:KERNEL32.dll
 0001:00029f8a       _SetConsoleTitleW@4        1002af8a f   kernel32:KERNEL32.dll
 0001:00029f90       _CreateSemaphoreW@16       1002af90 f   kernel32:KERNEL32.dll
 0001:00029f96       _ResetEvent@4              1002af96 f   kernel32:KERNEL32.dll
 0001:00029f9c       _TerminateProcess@8        1002af9c f   kernel32:KERNEL32.dll
 0001:00029fa2       _GetCurrentProcess@0       1002afa2 f   kernel32:KERNEL32.dll
 0001:00029fa8       _SetEvent@4                1002afa8 f   kernel32:KERNEL32.dll
 0001:00029fae       _IsBadStringPtrW@8         1002afae f   kernel32:KERNEL32.dll
 0001:00029fb4       _Module32NextW@8           1002afb4 f   kernel32:KERNEL32.dll
 0001:00029fba       _Module32FirstW@8          1002afba f   kernel32:KERNEL32.dll
 0001:00029fc0       _TerminateThread@8         1002afc0 f   kernel32:KERNEL32.dll
 0001:00029fc6       _InterlockedDecrement@4    1002afc6 f   kernel32:KERNEL32.dll
 0001:00029fcc       _ReleaseSemaphore@12       1002afcc f   kernel32:KERNEL32.dll
 0001:00029fd2       _WriteConsoleInputW@16     1002afd2 f   kernel32:KERNEL32.dll
 0001:00029fd8       _GetNumberOfConsoleInputEvents@8 1002afd8 f   kernel32:KERNEL32.dll
 0001:00029fde       _ReadConsoleInputW@16      1002afde f   kernel32:KERNEL32.dll
 0001:00029fe4       _PeekConsoleInputW@16      1002afe4 f   kernel32:KERNEL32.dll
 0001:00029fea       _SuspendThread@4           1002afea f   kernel32:KERNEL32.dll
 0001:00029ff0       _ResumeThread@4            1002aff0 f   kernel32:KERNEL32.dll
 0001:00029ff6       _VerifyVersionInfoW@16     1002aff6 f   kernel32:KERNEL32.dll
 0001:00029ffe       _VerSetConditionMask@16    1002affe f   kernel32:KERNEL32.dll
 0001:0002a004       _ReleaseMutex@4            1002b004 f   kernel32:KERNEL32.dll
 0001:0002a00a       _CreateMutexW@12           1002b00a f   kernel32:KERNEL32.dll
 0001:0002a010       _SetFilePointer@16         1002b010 f   kernel32:KERNEL32.dll
 0001:0002a016       _GetFileInformationByHandle@8 1002b016 f   kernel32:KERNEL32.dll
 0001:0002a01c       _ReadProcessMemory@20      1002b01c f   kernel32:KERNEL32.dll
 0001:0002a022       _FreeLibrary@4             1002b022 f   kernel32:KERNEL32.dll
 0001:0002a028       _ExpandEnvironmentStringsW@12 1002b028 f   kernel32:KERNEL32.dll
 0001:0002a02e       _DebugBreak@0              1002b02e f   kernel32:KERNEL32.dll
 0001:0002a034       _HeapCreate@12             1002b034 f   kernel32:KERNEL32.dll
 0001:0002a03a       _HeapDestroy@4             1002b03a f   kernel32:KERNEL32.dll
 0001:0002a040       _HeapAlloc@12              1002b040 f   kernel32:KERNEL32.dll
 0001:0002a046       _HeapReAlloc@16            1002b046 f   kernel32:KERNEL32.dll
 0001:0002a04c       _HeapFree@12               1002b04c f   kernel32:KERNEL32.dll
 0001:0002a052       _HeapValidate@12           1002b052 f   kernel32:KERNEL32.dll
 0001:0002a058       _OpenThread@12             1002b058 f   kernel32:KERNEL32.dll
 0001:0002a05e       _InitializeCriticalSection@4 1002b05e f   kernel32:KERNEL32.dll
 0001:0002a064       _DeleteCriticalSection@4   1002b064 f   kernel32:KERNEL32.dll
 0001:0002a06a       _EnterCriticalSection@4    1002b06a f   kernel32:KERNEL32.dll
 0001:0002a070       _LeaveCriticalSection@4    1002b070 f   kernel32:KERNEL32.dll
 0001:0002a076       _TryEnterCriticalSection@4 1002b076 f   kernel32:KERNEL32.dll
 0001:0002a07c       _LocalFree@4               1002b07c f   kernel32:KERNEL32.dll
 0001:0002a082       _LocalAlloc@8              1002b082 f   kernel32:KERNEL32.dll
 0001:0002a088       _GetExitCodeThread@8       1002b088 f   kernel32:KERNEL32.dll
 0001:0002a08e       _DisconnectNamedPipe@4     1002b08e f   kernel32:KERNEL32.dll
 0001:0002a094       _SetThreadPriority@8       1002b094 f   kernel32:KERNEL32.dll
 0001:0002a09a       _FlushFileBuffers@4        1002b09a f   kernel32:KERNEL32.dll
 0001:0002a0a0       _GetOverlappedResult@16    1002b0a0 f   kernel32:KERNEL32.dll
 0001:0002a0a6       _ConnectNamedPipe@8        1002b0a6 f   kernel32:KERNEL32.dll
 0001:0002a0ac       _CreateNamedPipeW@32       1002b0ac f   kernel32:KERNEL32.dll
 0001:0002a0b2       _FreeEnvironmentStringsW@4 1002b0b2 f   kernel32:KERNEL32.dll
 0001:0002a0b8       _SetConsoleWindowInfo@12   1002b0b8 f   kernel32:KERNEL32.dll
 0001:0002a0be       _GetConsoleOutputCP@0      1002b0be f   kernel32:KERNEL32.dll
 0001:0002a0c4       _GetLargestConsoleWindowSize@4 1002b0c4 f   kernel32:KERNEL32.dll
 0001:0002a0ca       _GetFullPathNameW@16       1002b0ca f   kernel32:KERNEL32.dll
 0001:0002a0d0       _FindClose@4               1002b0d0 f   kernel32:KERNEL32.dll
 0001:0002a0d6       _FindFirstFileW@8          1002b0d6 f   kernel32:KERNEL32.dll
 0001:0002a0dc       _GetFileSize@8             1002b0dc f   kernel32:KERNEL32.dll
 0001:0002a0e2       _FindNextFileW@8           1002b0e2 f   kernel32:KERNEL32.dll
 0001:0002a0e8       _CreateDirectoryW@8        1002b0e8 f   kernel32:KERNEL32.dll
 0001:0002a0ee       _GetFileSizeEx@8           1002b0ee f   kernel32:KERNEL32.dll
 0001:0002a0f4       _OpenProcess@12            1002b0f4 f   kernel32:KERNEL32.dll
 0001:0002a0fa       _Process32NextW@8          1002b0fa f   kernel32:KERNEL32.dll
 0001:0002a100       _Process32FirstW@8         1002b100 f   kernel32:KERNEL32.dll
 0001:0002a106       _IsBadReadPtr@8            1002b106 f   kernel32:KERNEL32.dll
 0001:0002a10c       _VirtualFree@12            1002b10c f   kernel32:KERNEL32.dll
 0001:0002a112       _VirtualAlloc@16           1002b112 f   kernel32:KERNEL32.dll
 0001:0002a118       _GetSystemInfo@4           1002b118 f   kernel32:KERNEL32.dll
 0001:0002a11e       _GetWindowsDirectoryW@8    1002b11e f   kernel32:KERNEL32.dll
 0001:0002a124       _DuplicateHandle@28        1002b124 f   kernel32:KERNEL32.dll
 0001:0002a12a       _CharUpperBuffW@8          1002b12a f   user32:USER32.dll
 0001:0002a130       _MapVirtualKeyW@8          1002b130 f   user32:USER32.dll
 0001:0002a136       _VkKeyScanW@4              1002b136 f   user32:USER32.dll
 0001:0002a13c       _IsWindow@4                1002b13c f   user32:USER32.dll
 0001:0002a142       _GetWindowThreadProcessId@8 1002b142 f   user32:USER32.dll
 0001:0002a148       _FindWindowW@8             1002b148 f   user32:USER32.dll
 0001:0002a14e       _MessageBoxW@16            1002b14e f   user32:USER32.dll
 0001:0002a154       _wsprintfW                 1002b154 f   user32:USER32.dll
 0001:0002a15a       _GetWindowLongW@8          1002b15a f   user32:USER32.dll
 0001:0002a160       _GetParent@4               1002b160 f   user32:USER32.dll
 0001:0002a166       _RegisterWindowMessageW@4  1002b166 f   user32:USER32.dll
 0001:0002a16c       _IsWindowVisible@4         1002b16c f   user32:USER32.dll
 0001:0002a172       _PostMessageW@16           1002b172 f   user32:USER32.dll
 0001:0002a178       _GetSystemMetrics@4        1002b178 f   user32:USER32.dll
 0001:0002a17e       _GetMonitorInfoW@8         1002b17e f   user32:USER32.dll
 0001:0002a184       _MonitorFromWindow@8       1002b184 f   user32:USER32.dll
 0001:0002a18a       _SetWindowPos@28           1002b18a f   user32:USER32.dll
 0001:0002a190       _GetWindowRect@8           1002b190 f   user32:USER32.dll
 0001:0002a196       _EnableWindow@8            1002b196 f   user32:USER32.dll
 0001:0002a19c       _IsWindowEnabled@4         1002b19c f   user32:USER32.dll
 0001:0002a1a2       _IsRectEmpty@4             1002b1a2 f   user32:USER32.dll
 0001:0002a1a8       _EnumDisplayMonitors@16    1002b1a8 f   user32:USER32.dll
 0001:0002a1ae       _SystemParametersInfoW@16  1002b1ae f   user32:USER32.dll
 0001:0002a1b4       _MonitorFromRect@8         1002b1b4 f   user32:USER32.dll
 0001:0002a1ba       _FillRect@12               1002b1ba f   user32:USER32.dll
 0001:0002a1c0       _ReleaseDC@8               1002b1c0 f   user32:USER32.dll
 0001:0002a1c6       _GetDC@4                   1002b1c6 f   user32:USER32.dll
 0001:0002a1cc       _ActivateKeyboardLayout@8  1002b1cc f   user32:USER32.dll
 0001:0002a1d2       _LoadKeyboardLayoutW@8     1002b1d2 f   user32:USER32.dll
 0001:0002a1d8       _ShowWindow@8              1002b1d8 f   user32:USER32.dll
 0001:0002a1de       _SendMessageW@16           1002b1de f   user32:USER32.dll
 0001:0002a1e4       _GetWindowTextW@12         1002b1e4 f   user32:USER32.dll
 0001:0002a1ea       _GetClassNameW@12          1002b1ea f   user32:USER32.dll
 0001:0002a1f0       _SetForegroundWindow@4     1002b1f0 f   user32:USER32.dll
 0001:0002a1f6       _ShowWindowAsync@8         1002b1f6 f   user32:USER32.dll
 0001:0002a1fc       _DeleteObject@4            1002b1fc f   gdi32:GDI32.dll
 0001:0002a202       _DeleteDC@4                1002b202 f   gdi32:GDI32.dll
 0001:0002a208       _GetTextMetricsW@8         1002b208 f   gdi32:GDI32.dll
 0001:0002a20e       _SelectObject@8            1002b20e f   gdi32:GDI32.dll
 0001:0002a214       _CreateCompatibleDC@4      1002b214 f   gdi32:GDI32.dll
 0001:0002a21a       _CreateFontIndirectW@4     1002b21a f   gdi32:GDI32.dll
 0001:0002a220       _DeleteEnhMetaFile@4       1002b220 f   gdi32:GDI32.dll
 0001:0002a226       _GetEnhMetaFileBits@12     1002b226 f   gdi32:GDI32.dll
 0001:0002a22c       _CloseEnhMetaFile@4        1002b22c f   gdi32:GDI32.dll
 0001:0002a232       _GdiFlush@0                1002b232 f   gdi32:GDI32.dll
 0001:0002a238       _CreateSolidBrush@4        1002b238 f   gdi32:GDI32.dll
 0001:0002a23e       _CreateDIBSection@24       1002b23e f   gdi32:GDI32.dll
 0001:0002a244       _CreateEnhMetaFileW@16     1002b244 f   gdi32:GDI32.dll
 0001:0002a24a       _GetDeviceCaps@8           1002b24a f   gdi32:GDI32.dll
 0001:0002a250       _RegCloseKey@4             1002b250 f   advapi32:ADVAPI32.dll
 0001:0002a256       _RegQueryValueExW@24       1002b256 f   advapi32:ADVAPI32.dll
 0001:0002a25c       _RegOpenKeyExW@20          1002b25c f   advapi32:ADVAPI32.dll
 0001:0002a262       _RegCreateKeyExW@36        1002b262 f   advapi32:ADVAPI32.dll
 0001:0002a268       _FreeSid@4                 1002b268 f   advapi32:ADVAPI32.dll
 0001:0002a26e       _CheckTokenMembership@12   1002b26e f   advapi32:ADVAPI32.dll
 0001:0002a274       _AllocateAndInitializeSid@44 1002b274 f   advapi32:ADVAPI32.dll
 0001:0002a27a       _ConvertSidToStringSidW@8  1002b27a f   advapi32:ADVAPI32.dll
 0001:0002a280       _GetTokenInformation@20    1002b280 f   advapi32:ADVAPI32.dll
 0001:0002a286       _OpenProcessToken@12       1002b286 f   advapi32:ADVAPI32.dll
 0001:0002a28c       _RegEnumKeyExW@32          1002b28c f   advapi32:ADVAPI32.dll
 0001:0002a292       _VerQueryValueW@16         1002b292 f   version:VERSION.dll
 0001:0002a298       _GetFileVersionInfoW@16    1002b298 f   version:VERSION.dll
 0001:0002a29e       _GetFileVersionInfoSizeW@8 1002b29e f   version:VERSION.dll
 0001:0002a2a4       _wcsrchr                   1002b2a4 f   LIBCMT:wcsrchr.obj
 0001:0002a2d0       _wcschr                    1002b2d0 f   LIBCMT:wcschr.obj
 0001:0002a2f6       _wcspbrk                   1002b2f6 f   LIBCMT:wcspbrk.obj
 0001:0002a339       _wcsncmp                   1002b339 f   LIBCMT:wcsncmp.obj
 0001:0002a370       _strrchr                   1002b370 f   LIBCMT:strrchr.obj
 0001:0002a39d       _wcsstr                    1002b39d f   LIBCMT:wcsstr.obj
 0001:0002a400       _memset                    1002b400 f   LIBCMT:memset.obj
 0001:0002a480       _memmove                   1002b480 f   LIBCMT:memmove.obj
 0001:0002a7f0       __alloca_probe             1002b7f0     LIBCMT:chkstk.obj
 0001:0002a7f0       __chkstk                   1002b7f0 f   LIBCMT:chkstk.obj
 0001:0002a820       __aullshr                  1002b820 f   LIBCMT:ullshr.obj
 0001:0002a840       __ftol2_sse                1002b840 f   LIBCMT:ftol2.obj
 0001:0002a849       __ftol2_pentium4           1002b849 f   LIBCMT:ftol2.obj
 0001:0002a85c       __ftol2_sse_excpt          1002b85c f   LIBCMT:ftol2.obj
 0001:0002a876       __ftol2                    1002b876 f   LIBCMT:ftol2.obj
 0001:0002a8eb       __purecall                 1002b8eb f   LIBCMT:purevirt.obj
 0001:0002a915       __set_purecall_handler     1002b915 f   LIBCMT:purevirt.obj
 0001:0002a93c       __get_purecall_handler     1002b93c f   LIBCMT:purevirt.obj
 0001:0002a950       _memcpy                    1002b950 f   LIBCMT:memcpy.obj
 0001:0002c22b       _memcmp                    1002d22b f   LIBCMT:memcmp.obj
 0001:0002d8ab       __CRT_INIT@12              1002e8ab f   LIBCMT:dllcrt0.obj
 0001:0002dad6       __DllMainCRTStartup@12     1002ead6 f   LIBCMT:dllcrt0.obj
 0001:0002db50       __VEC_memzero              1002eb50 f   LIBCMT:p4_memset.obj
[...]
 0003:000029e4       ?gnMonitorThreadId@@3KA    100469e4     ConEmuPluginBase.obj
 0003:000029e8       ?ghSetWndSendTabsEvent@@3PAXA 100469e8     ConEmuPluginBase.obj
 0003:000029ec       ?gFarVersion@@3UFarVersion@@A 100469ec     ConEmuPluginBase.obj
 0003:000029f4       ?maxTabCount@@3HA          100469f4     ConEmuPluginBase.obj
 0003:000029f8       ?lastWindowCount@@3HA      100469f8     ConEmuPluginBase.obj
 0003:000029fc       ?gnCurTabCount@@3HA        100469fc     ConEmuPluginBase.obj
 0003:00002a00       ?gpTabs@@3PAUCESERVER_REQ@@A 10046a00     ConEmuPluginBase.obj
 0003:00002a04       ?gbForceSendTabs@@3HA      10046a04     ConEmuPluginBase.obj
 0003:00002a08       ?gnCurrentWindowType@@3HA  10046a08     ConEmuPluginBase.obj
 0003:00002a0c       ?gbIgnoreUpdateTabs@@3HA   10046a0c     ConEmuPluginBase.obj
 0003:00002a10       ?gbRequestUpdateTabs@@3HA  10046a10     ConEmuPluginBase.obj
 0003:00002a14       ?gbClosingModalViewerEditor@@3HA 10046a14     ConEmuPluginBase.obj
 0003:00002a18       ?gLastMouseReadEvent@@3U_MOUSE_EVENT_RECORD@@A 10046a18     ConEmuPluginBase.obj
 0003:00002a28       ?gbUngetDummyMouseEvent@@3HA 10046a28     ConEmuPluginBase.obj
 0003:00002a2c       ?gnAllowDummyMouseEvent@@3JA 10046a2c     ConEmuPluginBase.obj
 0003:00002a30       ?gnDummyMouseEventFromMacro@@3JA 10046a30     ConEmuPluginBase.obj
 0003:00002a34       ?csData@@3PAVMSection@@A   10046a34     ConEmuPluginBase.obj
 0003:00002a38       ?gpCmdRet@@3PAUCESERVER_REQ@@A 10046a38     ConEmuPluginBase.obj
 0003:00002a3c       ?gpData@@3PAEA             10046a3c     ConEmuPluginBase.obj
 0003:00002a40       ?gpCursor@@3PAEA           10046a40     ConEmuPluginBase.obj
 0003:00002a44       ?gnDataSize@@3KA           10046a44     ConEmuPluginBase.obj
 0003:00002a48       ?gpReqCommandData@@3PAXA   10046a48     ConEmuPluginBase.obj
 0003:00002a4c       ?ghReqCommandEvent@@3PAXA  10046a4c     ConEmuPluginBase.obj
 0003:00002a50       ?gbReqCommandWaiting@@3HA  10046a50     ConEmuPluginBase.obj
 0003:00002a54       ?gnMsgTabChanged@@3IA      10046a54     ConEmuPluginBase.obj
 0003:00002a58       ?csTabs@@3PAVMSection@@A   10046a58     ConEmuPluginBase.obj
 0003:00002a5c       ?gbPlugKeyChanged@@3HA     10046a5c     ConEmuPluginBase.obj
 0003:00002a60       ?ghRegMonitorKey@@3PAUHKEY__@@A 10046a60     ConEmuPluginBase.obj
 0003:00002a64       ?ghRegMonitorEvt@@3PAXA    10046a64     ConEmuPluginBase.obj
 0003:00002a68       ?ghPluginSemaphore@@3PAXA  10046a68     ConEmuPluginBase.obj
 0003:00002a6c       ?gbNeedPostTabSend@@3HA    10046a6c     ConEmuPluginBase.obj
 0003:00002a70       ?gsFarLang@@3PA_WA         10046a70     ConEmuPluginBase.obj
 0003:00002af0       ?gbNeedPostEditCheck@@3HA  10046af0     ConEmuPluginBase.obj
 0003:00002af4       ?gbNeedPostReloadFarInfo@@3HA 10046af4     ConEmuPluginBase.obj
 0003:00002af8       ?gnNeedPostTabSendTick@@3KA 10046af8     ConEmuPluginBase.obj
 0003:00002afc       ?gpConMapInfo@@3PBUCESERVER_CONSOLE_MAPPING_HDR@@B 10046afc     ConEmuPluginBase.obj
 0003:00002b00       ?gbStartedUnderConsole2@@3HA 10046b00     ConEmuPluginBase.obj
 0003:00002b04       ?gnSelfPID@@3KA            10046b04     ConEmuPluginBase.obj
 0003:00002b08       ?ghFarInfoMapping@@3PAXA   10046b08     ConEmuPluginBase.obj
 0003:00002b0c       ?gpFarInfo@@3PAUCEFAR_INFO_MAPPING@@A 10046b0c     ConEmuPluginBase.obj
 0003:00002b10       ?gpFarInfoMapping@@3PAUCEFAR_INFO_MAPPING@@A 10046b10     ConEmuPluginBase.obj
 0003:00002b14       ?ghFarAliveEvent@@3PAXA    10046b14     ConEmuPluginBase.obj
 0003:00002b18       ?gPanelRegLeft@@3UPanelViewRegInfo@@A 10046b18     ConEmuPluginBase.obj
 0003:00002b30       ?gPanelRegRight@@3UPanelViewRegInfo@@A 10046b30     ConEmuPluginBase.obj
 0003:00002b48       ?ghConEmuCtrlPressed@@3PAXA 10046b48     ConEmuPluginBase.obj
 0003:00002b4c       ?ghConEmuShiftPressed@@3PAXA 10046b4c     ConEmuPluginBase.obj
 0003:00002b50       ?gbWaitConsoleInputEmpty@@3HA 10046b50     ConEmuPluginBase.obj
 0003:00002b54       ?gbWaitConsoleWrite@@3HA   10046b54     ConEmuPluginBase.obj
 0003:00002b58       ?ghConsoleInputEmpty@@3PAXA 10046b58     ConEmuPluginBase.obj
 0003:00002b5c       ?ghConsoleWrite@@3PAXA     10046b5c     ConEmuPluginBase.obj
 0003:00002b60       ?gnSynchroCount@@3HA       10046b60     ConEmuPluginBase.obj
 0003:00002b78       ?AssertMsgBox@@3P6IHPB_WI0PAUHWND__@@_N@ZA 10046b78     MAssert.obj
 0003:00002b7c       ?ghHeap@@3PAXA             10046b7c     Memory.obj
 0003:00002b80       ?gNullDesc@@3PAVMNullDesc@@A 10046b80     MSecurity.obj
 0003:00002b84       ?gbNeedBgActivate@@3HA     10046b84     PluginBackground.obj
 0003:00002b88       ?gbBgPluginsAllowed@@3HA   10046b88     PluginBackground.obj
 0003:00002b8c       ?gpBgPlugin@@3PAVCPluginBackground@@A 10046b8c     PluginBackground.obj
 0003:00002b90       ?gszPluginServerPipe@@3PA_WA 10046b90     PluginSrv.obj
 0003:00002d98       ?gpPlugServer@@3PAU?$PipeServer@UCESERVER_REQ@@@@A 10046d98     PluginSrv.obj
 0003:00002d9c       ?ghServerTerminateEvent@@3PAXA 10046d9c     PluginSrv.obj
 0003:00002da0       ?gpConsoleInfoStr@@3PAU_CONSOLE_INFO@@A 10046da0     WConsole.obj
 0003:00002da4       ?ghConsoleSection@@3PAXA   10046da4     WConsole.obj
 0003:00002dfc       __aenvptr                  10046dfc     LIBCMT:dllcrt0.obj
 0003:00002e00       __wenvptr                  10046e00     LIBCMT:dllcrt0.obj
 0003:00002e04       ___error_mode              10046e04     LIBCMT:dllcrt0.obj
 0003:00002e08       ___app_type                10046e08     LIBCMT:dllcrt0.obj
 0003:00003124       _gpFlsAlloc                10047124     LIBCMT:tidtable.obj
 0003:00003128       _gpFlsGetValue             10047128     LIBCMT:tidtable.obj
 0003:0000312c       _gpFlsSetValue             1004712c     LIBCMT:tidtable.obj
 0003:00003130       _gpFlsFree                 10047130     LIBCMT:tidtable.obj
 0003:0000313c       ___pPurecall               1004713c     LIBCMT:inithelp.obj
 0003:00003140       __maxwait                  10047140     LIBCMT:crtheap.obj
 0003:00003144       __umaskval                 10047144     LIBCMT:crt0dat.obj
 0003:00003148       ___argc                    10047148     LIBCMT:crt0dat.obj
 0003:0000314c       ___argv                    1004714c     LIBCMT:crt0dat.obj
 0003:00003150       ___wargv                   10047150     LIBCMT:crt0dat.obj
 0003:00003154       __environ                  10047154     LIBCMT:crt0dat.obj
 0003:00003158       ___initenv                 10047158     LIBCMT:crt0dat.obj
 0003:0000315c       __wenviron                 1004715c     LIBCMT:crt0dat.obj
 0003:00003160       ___winitenv                10047160     LIBCMT:crt0dat.obj
 0003:00003164       __pgmptr                   10047164     LIBCMT:crt0dat.obj
 0003:00003168       __wpgmptr                  10047168     LIBCMT:crt0dat.obj
 0003:0000316c       __exitflag                 1004716c     LIBCMT:crt0dat.obj
 0003:00003170       __C_Termination_Done       10047170     LIBCMT:crt0dat.obj
 0003:00003174       __C_Exit_Done              10047174     LIBCMT:crt0dat.obj
 0003:00003284       __crtheap                  10047284     LIBCMT:heapinit.obj
 0003:0000329c       ___pInvalidArgHandler      1004729c     LIBCMT:invarg.obj
 0003:00003408       ___locale_changed          10047408     LIBCMT:setlocal.obj
 0003:0000340c       ___lc_handle               1004740c     LIBCMT:nlsdata2.obj
 0003:00003424       ___lc_codepage             10047424     LIBCMT:nlsdata2.obj
 0003:00003428       ___lc_collate_cp           10047428     LIBCMT:nlsdata2.obj
 0003:00003430       ___mbulinfo                10047430     LIBCMT:mbctype.obj
 0003:0000343c       ___mbcodepage              1004743c     LIBCMT:mbctype.obj
 0003:00003440       ___ismbcodepage            10047440     LIBCMT:mbctype.obj
 0003:00003444       ___mblcid                  10047444     LIBCMT:mbctype.obj
 0003:0000344c       ___sbh_pHeaderDefer        1004744c     LIBCMT:sbheap.obj
 0003:00003450       ?__pInconsistency@@3P6AXXZA 10047450     LIBCMT:hooks.obj
 0003:0000345c       ?_pnhHeap@@3P6AHI@ZA       1004745c     LIBCMT:handler.obj
 0003:00003784       ___lconv_static_null       10047784     LIBCMT:lconv.obj
 0003:00003790       __newmode                  10047790     LIBCMT:_newmode.obj
 0003:00003854       __debugger_hook_dummy      10047854     <common>
 0003:00003858       ___sbh_initialized         10047858     <common>
 0003:0000385c       ___sbh_cntHeaderList       1004785c     <common>
 0003:00003860       ___sbh_pHeaderList         10047860     <common>
 0003:00003864       ___sbh_threshold           10047864     <common>
 0003:00003868       ___sbh_pHeaderScan         10047868     <common>
 0003:0000386c       ___sbh_sizeHeaderList      1004786c     <common>
 0003:00003870       ___sbh_indGroupDefer       10047870     <common>
 0003:00003874       ___setlc_active            10047874     <common>
 0003:00003878       ___unguarded_readlc_active 10047878     <common>
 0003:0000387c       __pDestructExceptionObject 1004787c     <common>
 0003:00003880       ___active_heap             10047880     <common>
 0003:00003884       __nhandle                  10047884     <common>
 0003:000038a0       ___pioinfo                 100478a0     <common>
 0003:000039a0       ___env_initialized         100479a0     <common>
 0003:000039a4       ___onexitend               100479a4     <common>
 0003:000039a8       ___onexitbegin             100479a8     <common>
 0003:000039ac       ___mbctype_initialized     100479ac     <common>
 0003:000039b0       __FPinit                   100479b0     <common>
 0003:000039b4       ___dyn_tls_init_callback   100479b4     <common>
 0003:000039b8       ___sse2_available          100479b8     <common>
 0003:000039bc       __acmdln                   100479bc     <common>

 entry point at        0001:0002dad6

 Static symbols

 0001:00000400       ?StringValidateDestW@@YGJPB_WII@Z 10001400 f   CmdArg.obj
 0001:00000430       ?StringCopyWorkerW@@YGJPA_WIPAIPB_WI@Z 10001430 f   CmdArg.obj
 0001:00003550       ?StringValidateDestW@@YGJPB_WII@Z 10004550 f   ConEmuCheck.obj
 0001:00003580       ?StringCopyWorkerW@@YGJPA_WIPAIPB_WI@Z 10004580 f   ConEmuCheck.obj
 0001:00004f20       ?StringValidateDestW@@YGJPB_WII@Z 10005f20 f   ConEmuCheckEx.obj
 0001:00004f50       ?StringCopyWorkerW@@YGJPA_WIPAIPB_WI@Z 10005f50 f   ConEmuCheckEx.obj
 0001:000050e0       ?StringValidateDestAndLengthW@@YGJPB_WIPAII@Z 100060e0 f   ConEmuCheckEx.obj
 0001:00005130       ?StringLengthWorkerW@@YGJPB_WIPAI@Z 10006130 f   ConEmuCheckEx.obj
 0001:00005750       ?StringValidateDestW@@YGJPB_WII@Z 10006750 f   ConEmuInjects.obj
 0001:00005780       ?StringCopyWorkerW@@YGJPA_WIPAIPB_WI@Z 10006780 f   ConEmuInjects.obj
 0001:000061d0       ?ChangeExports@@YI_NPBUExportFunc@@PAUHINSTANCE__@@@Z 100071d0 f   ConEmuPlugin.obj
 0001:00008f10       ?GetFarSetting@@YIHPAXIPB_W@Z 10009f10 f   ConEmuPlugin1900.obj
 0001:000091b0       ?CallGuiMacroProc@@YIXXZ   1000a1b0 f   ConEmuPlugin1900.obj
 0001:00009580       ?CallGuiMacroDlg@@YGHPAXHH0@Z 1000a580 f   ConEmuPlugin1900.obj
 0001:00009aa0       ?MAKEFARVERSION@@YI?AUVersionInfo@@KKKKW4VERSION_STAGE@@@Z 1000aaa0 f   ConEmuPlugin2800.obj
 0001:0000b1d0       ?WExists@@YIHABUWindowInfo@@ABV?$MArray@UWindowInfo@@@@@Z 1000c1d0 f   ConEmuPlugin2800.obj
 0001:0000c060       ?GetFarSetting@@YIHPAXIPB_W@Z 1000d060 f   ConEmuPlugin2800.obj
 0001:0000c310       ?CallGuiMacroProc@@YIXXZ   1000d310 f   ConEmuPlugin2800.obj
 0001:0000c670       ?CallGuiMacroDlg@@YGHPAXHH0@Z 1000d670 f   ConEmuPlugin2800.obj
 0001:0000cac0       ?FreeMacroResult@@YGXPAXPAUFarMacroValue@@I@Z 1000dac0 f   ConEmuPlugin2800.obj
 0001:0000eaf0       ?CallGuiMacroProc@@YIXXZ   1000faf0 f   ConEmuPlugin995.obj
 0001:0000ee50       ?CallGuiMacroDlg@@YGJPAXHHJ@Z 1000fe50 f   ConEmuPlugin995.obj
 0001:00010a80       ?CallGuiMacroProc@@YIXXZ   10011a80 f   ConEmuPluginA.obj
 0001:00010e30       ?CallGuiMacroDlg@@YGJPAXHHJ@Z 10011e30 f   ConEmuPluginA.obj
 0001:00011850       ?LoadFarVersion@@YI_NAAUFarVersion@@AAY0CAA@_W@Z 10012850 f   ConEmuPluginBase.obj
 0001:00019ec0       ?StringValidateDestW@@YGJPB_WII@Z 1001aec0 f   ConEmuPluginBase.obj
 0001:00019ef0       ?StringValidateDestAndLengthW@@YGJPB_WIPAII@Z 1001aef0 f   ConEmuPluginBase.obj
 0001:00019f40       ?StringLengthWorkerW@@YGJPB_WIPAI@Z 1001af40 f   ConEmuPluginBase.obj
 0001:00019fb0       ?StringCopyWorkerW@@YGJPA_WIPAIPB_WI@Z 1001afb0 f   ConEmuPluginBase.obj
 0001:0001ba00       ?StringValidateDestW@@YGJPB_WII@Z 1001ca00 f   Execute.obj
 0001:0001ba30       ?StringCopyWorkerW@@YGJPA_WIPAIPB_WI@Z 1001ca30 f   Execute.obj
 0001:0001bd70       ?StringValidateDestA@@YGJPBDII@Z 1001cd70 f   Memory.obj
 0001:0001bda0       ?StringCopyWorkerA@@YGJPADIPAIPBDI@Z 1001cda0 f   Memory.obj
 0001:0001bec0       ?StringValidateDestW@@YGJPB_WII@Z 1001cec0 f   Memory.obj
 0001:0001bef0       ?StringCopyWorkerW@@YGJPA_WIPAIPB_WI@Z 1001cef0 f   Memory.obj
 0001:000211b0       ?StringValidateDestW@@YGJPB_WII@Z 100221b0 f   PluginBackground.obj
 0001:000211e0       ?StringCopyWorkerW@@YGJPA_WIPAIPB_WI@Z 100221e0 f   PluginBackground.obj
 0001:00023860       ?StringValidateDestW@@YGJPB_WII@Z 10024860 f   PluginSrv.obj
 0001:00023890       ?StringCopyWorkerW@@YGJPA_WIPAIPB_WI@Z 10024890 f   PluginSrv.obj
 0001:000270e0       ?StringValidateDestW@@YGJPB_WII@Z 100280e0 f   WObjects.obj
 0001:00027110       ?StringCopyWorkerW@@YGJPA_WIPAIPB_WI@Z 10028110 f   WObjects.obj
 0001:00027660       ?CheckRegKeyExist@@YI_NPAURegKeyExistArg@@@Z 10028660 f   WObjects.obj
 0001:000286c0       ?StringValidateDestAndLengthW@@YGJPB_WIPAII@Z 100296c0 f   WObjects.obj
 0001:00028710       ?StringLengthWorkerW@@YGJPB_WIPAI@Z 10029710 f   WObjects.obj
 0001:00029d60       ?StringValidateDestW@@YGJPB_WII@Z 1002ad60 f   WUser.obj
 0001:00029d90       ?StringCopyWorkerW@@YGJPA_WIPAIPB_WI@Z 1002ad90 f   WUser.obj
 0001:0002acb5       _cmpResult                 1002bcb5 f   LIBCMT:memcmp.obj
 0001:0002acc7       _cmpBYTE                   1002bcc7 f   LIBCMT:memcmp.obj
 0001:0002acdf       _cmpWORD                   1002bcdf f   LIBCMT:memcmp.obj
 0001:0002ad1f       _cmpDWORD                  1002bd1f f   LIBCMT:memcmp.obj
 0001:0002ad97       _unaligned_memcmp          1002bd97 f   LIBCMT:memcmp.obj
 0001:0002d9e0       ___DllMainCRTStartup       1002e9e0 f   LIBCMT:dllcrt0.obj
 0001:0002daf9       _fastzero_I                1002eaf9 f   LIBCMT:p4_memset.obj
 0001:0002dbdf       _has_osfxsr_set            1002ebdf f   LIBCMT:cpu_disp.obj
 0001:0002dc9e       _fastcopy_I                1002ec9e f   LIBCMT:p4_memcpy.obj
 0001:0002ec12       __initterm                 1002fc12 f   LIBCMT:crt0dat.obj
 0001:0002ed50       _doexit                    1002fd50 f   LIBCMT:crt0dat.obj
 0001:0002f2a3       _parse_cmdline             100302a3 f   LIBCMT:stdargv.obj
 0001:0002f72a       _xcptlookup                1003072a f   LIBCMT:winxfltr.obj
 0001:0002f940       _ValidateLocalCookies      10030940 f   LIBCMT:chandler4.obj
 0001:0002fbb0       _ctrlevent_capture@4       10030bb0 f   LIBCMT:winsig.obj
 0001:0002fc4b       _siglookup                 10030c4b f   LIBCMT:winsig.obj
 0001:00030a87       __copytlocinfo_nolock      10031a87 f   LIBCMT:setlocal.obj
 0001:00030aad       __updatetlocinfoEx_nolock  10031aad f   LIBCMT:setlocal.obj
 0001:00030bcb       _sync_legacy_variables_lk  10031bcb f   LIBCMT:setlocal.obj
 0001:00030f78       __setlocale_get_all        10031f78 f   LIBCMT:setlocal.obj
 0001:00031326       __setlocale_set_cat        10032326 f   LIBCMT:setlocal.obj
 0001:00031628       __setlocale_nolock         10032628 f   LIBCMT:setlocal.obj
 0001:00031ac4       ?CPtoLCID@@YAHH@Z          10032ac4 f   LIBCMT:mbctype.obj
 0001:00031af3       ?setSBCS@@YAXPAUthreadmbcinfostruct@@@Z 10032af3 f   LIBCMT:mbctype.obj
 0001:00031b57       ?setSBUpLow@@YAXPAUthreadmbcinfostruct@@@Z 10032b57 f   LIBCMT:mbctype.obj
 0001:00031e15       ?getSystemCP@@YAHH@Z       10032e15 f   LIBCMT:mbctype.obj
 0001:000328a9       ?__crtGetLocaleInfoW_stat@@YAHPAUlocaleinfo_struct@@KKPA_WHH@Z 100338a9 f   LIBCMT:w_loc.obj
 0001:0003292c       ?__crtGetLocaleInfoA_stat@@YAHPAUlocaleinfo_struct@@KKPADHH@Z 1003392c f   LIBCMT:a_loc.obj
 0001:0003413c       __onexit_nolock            1003513c f   LIBCMT:onexit.obj
 0001:0003468b       ?x_ismbbtype_l@@YAHPAUlocaleinfo_struct@@IHH@Z 1003568b f   LIBCMT:ismbbyte.obj
 0001:000349d8       __unwind_handler4          100359d8 f   LIBCMT:exsup4.obj
 0001:00034bd8       __get_lc_time              10035bd8 f   LIBCMT:inittime.obj
 0001:00035201       _fix_grouping              10036201 f   LIBCMT:initnum.obj
 0001:00035443       _fix_grouping              10036443 f   LIBCMT:initmon.obj
 0001:00036198       ?_store_str@@YAXPADPAPADPAI@Z 10037198 f   LIBCMT:strftime.obj
 0001:000361b8       ?_store_number@@YAXHPAPADPAI@Z 100371b8 f   LIBCMT:strftime.obj
 0001:000361ee       ?_store_num@@YAXHHPAPADPAII@Z 100371ee f   LIBCMT:strftime.obj
 0001:00036269       ?_expandtime@@YAHPAUlocaleinfo_struct@@DPBUtm@@PAPADPAIPAU__lc_time_data@@I@Z 10037269 f   LIBCMT:strftime.obj
 0001:00036651       ?_store_winword@@YAHPAUlocaleinfo_struct@@HPBUtm@@PAPADPAIPAU__lc_time_data@@@Z 10037651 f   LIBCMT:strftime.obj
 0001:00036db8       _TranslateName             10037db8 f   LIBCMT:getqloc.obj
 0001:00036e1a       _GetLcidFromDefault        10037e1a f   LIBCMT:getqloc.obj
 0001:00036e2e       _ProcessCodePage           10037e2e f   LIBCMT:getqloc.obj
 0001:00036ed2       _TestDefaultCountry        10037ed2 f   LIBCMT:getqloc.obj
 0001:00036ef6       _LcidFromHexString         10037ef6 f   LIBCMT:getqloc.obj
 0001:00036f2a       _GetPrimaryLen             10037f2a f   LIBCMT:getqloc.obj
 0001:00036f45       _CountryEnumProc@4         10037f45 f   LIBCMT:getqloc.obj
 0001:00036fdd       _TestDefaultLanguage       10037fdd f   LIBCMT:getqloc.obj
 0001:00037051       _LangCountryEnumProc@4     10038051 f   LIBCMT:getqloc.obj
 0001:00037223       _LanguageEnumProc@4        10038223 f   LIBCMT:getqloc.obj
 0001:000372e4       _GetLcidFromCountry        100382e4 f   LIBCMT:getqloc.obj
 0001:00037310       _GetLcidFromLangCountry    10038310 f   LIBCMT:getqloc.obj
 0001:00037377       _GetLcidFromLanguage       10038377 f   LIBCMT:getqloc.obj
 0001:000375a4       ?__crtGetStringTypeA_stat@@YAHPAUlocaleinfo_struct@@KPBDHPAGHHH@Z 100385a4 f   LIBCMT:a_str.obj
 0001:000378a0       ?strncnt@@YAHPBDH@Z        100388a0 f   LIBCMT:a_map.obj
 0001:000378be       ?__crtLCMapStringA_stat@@YAHPAUlocaleinfo_struct@@KKPBDHPADHHH@Z 100388be f   LIBCMT:a_map.obj
 0001:00037e98       __unwind_handler           10038e98 f   LIBCMT:exsup.obj
 0001:00038149       __tzset_nolock             10039149 f   LIBCMT:tzset.obj
 0001:0003848f       _cvtdate                   1003948f f   LIBCMT:tzset.obj
 0001:00038686       __isindst_nolock           10039686 f   LIBCMT:tzset.obj
 0001:00038f35       _xtoa_s@20                 10039f35 f   LIBCMT:xtoas.obj
 0001:0003907d       @x64toa_s@24               1003a07d f   LIBCMT:xtoas.obj
 0001:0003944d       __getenv_s_helper          1003a44d f   LIBCMT:getenv.obj
 0001:000394e2       __dupenv_s_helper          1003a4e2 f   LIBCMT:getenv.obj
 0001:00039a20       ?strtoxl@@YAKPAUlocaleinfo_struct@@PBDPAPBDHH@Z 1003aa20 f   LIBCMT:strtol.obj
 0001:00039ce0       ?strtoxq@@YA_KPAUlocaleinfo_struct@@PBDPAPBDHH@Z 1003ace0 f   LIBCMT:strtoq.obj
 0001:0003a311       ?__crtGetStringTypeW_stat@@YAHPAUlocaleinfo_struct@@KPB_WHPAGHH@Z 1003b311 f   LIBCMT:w_str.obj
 0001:0003a3b4       ?strncnt@@YAHPBDH@Z        1003b3b4 f   LIBCMT:a_cmp.obj
 0001:0003a3d2       ?__crtCompareStringA_stat@@YAHPAUlocaleinfo_struct@@KKPBDH1HH@Z 1003b3d2 f   LIBCMT:a_cmp.obj
 0001:0003a8a7       _findenv                   1003b8a7 f   LIBCMT:setenv.obj
 0001:0003a8f9       _copy_environ              1003b8f9 f   LIBCMT:setenv.obj
